101.226.162.90 - - [31/Jan/2017:12:11:28 +0800] "HEAD / HTTP/1.1" 200 - "-" "Mozilla/5.0 (compatible; MSIE 7.0; Windows NT 5.1; .NET CLR 1.1.4322) 360JK yunjiankong 1239173"
125.88.222.250 - - [31/Jan/2017:12:13:25 +0800] "HEAD / HTTP/1.1" 200 - "-" "Mozilla/5.0 (compatible; MSIE 7.0; Windows NT 5.1; .NET CLR 1.1.4322) 360JK yunjiankong 1239173"
125.88.222.250 - - [31/Jan/2017:12:13:56 +0800] "HEAD / HTTP/1.1" 200 - "-" "Mozilla/5.0 (compatible; MSIE 7.0; Windows NT 5.1; .NET CLR 1.1.4322) 360JK yunjiankong 1239173"
101.226.162.90 - - [31/Jan/2017:12:20:28 +0800] "HEAD / HTTP/1.1" 200 - "-" "Mozilla/5.0 (compatible; MSIE 7.0; Windows NT 5.1; .NET CLR 1.1.4322) 360JK yunjiankong 1239173"
101.226.162.90 - - [31/Jan/2017:12:20:59 +0800] "HEAD / HTTP/1.1" 200 - "-" "Mozilla/5.0 (compatible; MSIE 7.0; Windows NT 5.1; .NET CLR 1.1.4322) 360JK yunjiankong 1239173"
111.206.241.76 - - [31/Jan/2017:12:22:40 +0800] "HEAD / HTTP/1.1" 200 - "-" "Mozilla/5.0 (compatible; MSIE 7.0; Windows NT 5.1; .NET CLR 1.1.4322) 360JK yunjiankong 1239173"
1.162.169.9 - - [31/Jan/2017:12:22:57 +0800] "CONNECT mx-tw.mail.gm0.yahoodns.net:25 HTTP/1.0" 405 235 "-" "-"
222.95.251.119 - - [31/Jan/2017:12:23:09 +0800] "GET HTTP://www.baidu.com/ HTTP/1.1" 200 26 "-" "-"
125.88.222.250 - - [31/Jan/2017:12:23:24 +0800] "HEAD / HTTP/1.1" 200 - "-" "Mozilla/5.0 (compatible; MSIE 7.0; Windows NT 5.1; .NET CLR 1.1.4322) 360JK yunjiankong 1239173"
125.88.222.250 - - [31/Jan/2017:12:23:55 +0800] "HEAD / HTTP/1.1" 200 - "-" "Mozilla/5.0 (compatible; MSIE 7.0; Windows NT 5.1; .NET CLR 1.1.4322) 360JK yunjiankong 1239173"
125.88.222.250 - - [31/Jan/2017:12:24:25 +0800] "HEAD / HTTP/1.1" 200 - "-" "Mozilla/5.0 (compatible; MSIE 7.0; Windows NT 5.1; .NET CLR 1.1.4322) 360JK yunjiankong 1239173"
1.162.169.9 - - [31/Jan/2017:12:24:35 +0800] "CONNECT mx-tw.mail.gm0.yahoodns.net:25 HTTP/1.0" 405 235 "-" "-"
1.162.169.9 - - [31/Jan/2017:12:26:45 +0800] "CONNECT mx-tw.mail.gm0.yahoodns.net:25 HTTP/1.0" 405 235 "-" "-"
1.162.169.9 - - [31/Jan/2017:12:29:33 +0800] "CONNECT mx-tw.mail.gm0.yahoodns.net:25 HTTP/1.0" 405 235 "-" "-"
101.226.162.90 - - [31/Jan/2017:12:31:07 +0800] "HEAD / HTTP/1.1" 200 - "-" "Mozilla/5.0 (compatible; MSIE 7.0; Windows NT 5.1; .NET CLR 1.1.4322) 360JK yunjiankong 1239173"
111.206.241.76 - - [31/Jan/2017:12:32:39 +0800] "HEAD / HTTP/1.1" 200 - "-" "Mozilla/5.0 (compatible; MSIE 7.0; Windows NT 5.1; .NET CLR 1.1.4322) 360JK yunjiankong 1239173"
125.88.222.250 - - [31/Jan/2017:12:33:53 +0800] "HEAD / HTTP/1.1" 200 - "-" "Mozilla/5.0 (compatible; MSIE 7.0; Windows NT 5.1; .NET CLR 1.1.4322) 360JK yunjiankong 1239173"
222.95.251.119 - - [31/Jan/2017:12:40:24 +0800] "GET HTTP://www.baidu.com/ HTTP/1.1" 200 26 "-" "-"
125.88.222.250 - - [31/Jan/2017:12:43:22 +0800] "HEAD / HTTP/1.1" 200 - "-" "Mozilla/5.0 (compatible; MSIE 7.0; Windows NT 5.1; .NET CLR 1.1.4322) 360JK yunjiankong 1239173"
1.162.169.9 - - [31/Jan/2017:12:49:00 +0800] "CONNECT mx-tw.mail.gm0.yahoodns.net:25 HTTP/1.0" 405 235 "-" "-"
101.226.162.90 - - [31/Jan/2017:12:50:32 +0800] "HEAD / HTTP/1.1" 200 - "-" "Mozilla/5.0 (compatible; MSIE 7.0; Windows NT 5.1; .NET CLR 1.1.4322) 360JK yunjiankong 1239173"
125.88.222.250 - - [31/Jan/2017:12:53:23 +0800] "HEAD / HTTP/1.1" 200 - "-" "Mozilla/5.0 (compatible; MSIE 7.0; Windows NT 5.1; .NET CLR 1.1.4322) 360JK yunjiankong 1239173"
125.88.222.250 - - [31/Jan/2017:12:53:54 +0800] "HEAD / HTTP/1.1" 200 - "-" "Mozilla/5.0 (compatible; MSIE 7.0; Windows NT 5.1; .NET CLR 1.1.4322) 360JK yunjiankong 1239173"
125.88.222.250 - - [31/Jan/2017:12:54:24 +0800] "HEAD / HTTP/1.1" 200 - "-" "Mozilla/5.0 (compatible; MSIE 7.0; Windows NT 5.1; .NET CLR 1.1.4322) 360JK yunjiankong 1239173"
222.95.251.119 - - [31/Jan/2017:12:57:56 +0800] "GET HTTP://www.baidu.com/ HTTP/1.1" 200 26 "-" "-"
101.226.162.90 - - [31/Jan/2017:13:01:00 +0800] "HEAD / HTTP/1.1" 200 - "-" "Mozilla/5.0 (compatible; MSIE 7.0; Windows NT 5.1; .NET CLR 1.1.4322) 360JK yunjiankong 1239173"
101.226.162.90 - - [31/Jan/2017:13:01:31 +0800] "HEAD / HTTP/1.1" 200 - "-" "Mozilla/5.0 (compatible; MSIE 7.0; Windows NT 5.1; .NET CLR 1.1.4322) 360JK yunjiankong 1239173"
111.206.241.76 - - [31/Jan/2017:13:02:41 +0800] "HEAD / HTTP/1.1" 200 - "-" "Mozilla/5.0 (compatible; MSIE 7.0; Windows NT 5.1; .NET CLR 1.1.4322) 360JK yunjiankong 1239173"
125.88.222.250 - - [31/Jan/2017:13:03:24 +0800] "HEAD / HTTP/1.1" 200 - "-" "Mozilla/5.0 (compatible; MSIE 7.0; Windows NT 5.1; .NET CLR 1.1.4322) 360JK yunjiankong 1239173"
125.88.222.250 - - [31/Jan/2017:13:03:54 +0800] "HEAD / HTTP/1.1" 200 - "-" "Mozilla/5.0 (compatible; MSIE 7.0; Windows NT 5.1; .NET CLR 1.1.4322) 360JK yunjiankong 1239173"
36.110.211.66 - - [31/Jan/2017:13:04:20 +0800] "GET / HTTP/1.1" 200 26 "-" "Mozilla/5.0 (Windows NT 6.3; WOW64) AppleWebKit/537.36 (KHTML, like Gecko) Chrome/33.0.1750.117 Safari/537.36"
101.226.162.90 - - [31/Jan/2017:13:11:28 +0800] "HEAD / HTTP/1.1" 200 - "-" "Mozilla/5.0 (compatible; MSIE 7.0; Windows NT 5.1; .NET CLR 1.1.4322) 360JK yunjiankong 1239173"
111.206.241.76 - - [31/Jan/2017:13:12:39 +0800] "HEAD / HTTP/1.1" 200 - "-" "Mozilla/5.0 (compatible; MSIE 7.0; Windows NT 5.1; .NET CLR 1.1.4322) 360JK yunjiankong 1239173"
111.206.241.76 - - [31/Jan/2017:13:13:09 +0800] "HEAD / HTTP/1.1" 200 - "-" "Mozilla/5.0 (compatible; MSIE 7.0; Windows NT 5.1; .NET CLR 1.1.4322) 360JK yunjiankong 1239173"
125.88.222.250 - - [31/Jan/2017:13:13:22 +0800] "HEAD / HTTP/1.1" 200 - "-" "Mozilla/5.0 (compatible; MSIE 7.0; Windows NT 5.1; .NET CLR 1.1.4322) 360JK yunjiankong 1239173"
125.88.222.250 - - [31/Jan/2017:13:14:23 +0800] "HEAD / HTTP/1.1" 200 - "-" "Mozilla/5.0 (compatible; MSIE 7.0; Windows NT 5.1; .NET CLR 1.1.4322) 360JK yunjiankong 1239173"
222.95.251.119 - - [31/Jan/2017:13:15:07 +0800] "GET HTTP://www.baidu.com/ HTTP/1.1" 200 26 "-" "-"
1.162.169.9 - - [31/Jan/2017:13:15:45 +0800] "CONNECT mx-tw.mail.gm0.yahoodns.net:25 HTTP/1.0" 405 235 "-" "-"
1.162.169.9 - - [31/Jan/2017:13:16:30 +0800] "CONNECT mx-tw.mail.gm0.yahoodns.net:25 HTTP/1.0" 405 235 "-" "-"
125.88.222.250 - - [31/Jan/2017:13:23:22 +0800] "HEAD / HTTP/1.1" 200 - "-" "Mozilla/5.0 (compatible; MSIE 7.0; Windows NT 5.1; .NET CLR 1.1.4322) 360JK yunjiankong 1239173"
125.88.222.250 - - [31/Jan/2017:13:23:53 +0800] "HEAD / HTTP/1.1" 200 - "-" "Mozilla/5.0 (compatible; MSIE 7.0; Windows NT 5.1; .NET CLR 1.1.4322) 360JK yunjiankong 1239173"
116.246.3.186 - - [31/Jan/2017:13:26:36 +0800] "GET / HTTP/1.1" 200 26 "-" "Mozilla/5.0 (Windows NT 10.0; WOW64) AppleWebKit/537.36 (KHTML, like Gecko) Chrome/49.0.2623.110 Safari/537.36"
101.226.162.90 - - [31/Jan/2017:13:31:01 +0800] "HEAD / HTTP/1.1" 200 - "-" "Mozilla/5.0 (compatible; MSIE 7.0; Windows NT 5.1; .NET CLR 1.1.4322) 360JK yunjiankong 1239173"
222.95.251.119 - - [31/Jan/2017:13:32:18 +0800] "GET HTTP://www.baidu.com/ HTTP/1.1" 200 26 "-" "-"
125.88.222.250 - - [31/Jan/2017:13:33:25 +0800] "HEAD / HTTP/1.1" 200 - "-" "Mozilla/5.0 (compatible; MSIE 7.0; Windows NT 5.1; .NET CLR 1.1.4322) 360JK yunjiankong 1239173"
123.151.42.61 - - [31/Jan/2017:13:34:45 +0800] "GET http://www.baidu.com/ HTTP/1.1" 200 26 "-" "-"
101.226.162.90 - - [31/Jan/2017:13:40:58 +0800] "HEAD / HTTP/1.1" 200 - "-" "Mozilla/5.0 (compatible; MSIE 7.0; Windows NT 5.1; .NET CLR 1.1.4322) 360JK yunjiankong 1239173"
1.162.169.9 - - [31/Jan/2017:13:42:32 +0800] "CONNECT mx-tw.mail.gm0.yahoodns.net:25 HTTP/1.0" 405 235 "-" "-"
125.88.222.250 - - [31/Jan/2017:13:43:55 +0800] "HEAD / HTTP/1.1" 200 - "-" "Mozilla/5.0 (compatible; MSIE 7.0; Windows NT 5.1; .NET CLR 1.1.4322) 360JK yunjiankong 1239173"
222.95.251.119 - - [31/Jan/2017:13:49:34 +0800] "GET HTTP://www.baidu.com/ HTTP/1.1" 200 26 "-" "-"
101.226.162.90 - - [31/Jan/2017:13:52:19 +0800] "HEAD / HTTP/1.1" 200 - "-" "Mozilla/5.0 (compatible; MSIE 7.0; Windows NT 5.1; .NET CLR 1.1.4322) 360JK yunjiankong 1239173"
125.88.222.250 - - [31/Jan/2017:13:53:26 +0800] "HEAD / HTTP/1.1" 200 - "-" "Mozilla/5.0 (compatible; MSIE 7.0; Windows NT 5.1; .NET CLR 1.1.4322) 360JK yunjiankong 1239173"
113.76.100.129 - - [31/Jan/2017:13:58:10 +0800] "GET http://www.baidu.com/s?wd=5118 HTTP/1.1" 404 199 "-" "Mozilla/4.0 (compatible; MSIE 7.0; Windows NT 5.1; TencentTraveler ; EmbeddedWB 14.52 from: http://www.bsalsa.com/ EmbeddedWB 14.52; .NET CLR 2.0.50727; InfoPath.2; .NET CLR 3.0.04506.30; .NET CLR 3.0.04506.590; .NET CLR 3.0.04506.648; .NET CLR 3.5.21022)"
101.226.162.90 - - [31/Jan/2017:14:00:59 +0800] "HEAD / HTTP/1.1" 200 - "-" "Mozilla/5.0 (compatible; MSIE 7.0; Windows NT 5.1; .NET CLR 1.1.4322) 360JK yunjiankong 1239173"
101.226.162.90 - - [31/Jan/2017:14:01:29 +0800] "HEAD / HTTP/1.1" 200 - "-" "Mozilla/5.0 (compatible; MSIE 7.0; Windows NT 5.1; .NET CLR 1.1.4322) 360JK yunjiankong 1239173"
111.206.241.76 - - [31/Jan/2017:14:02:09 +0800] "HEAD / HTTP/1.1" 200 - "-" "Mozilla/5.0 (compatible; MSIE 7.0; Windows NT 5.1; .NET CLR 1.1.4322) 360JK yunjiankong 1239173"
111.206.241.76 - - [31/Jan/2017:14:02:39 +0800] "HEAD / HTTP/1.1" 200 - "-" "Mozilla/5.0 (compatible; MSIE 7.0; Windows NT 5.1; .NET CLR 1.1.4322) 360JK yunjiankong 1239173"
125.88.222.250 - - [31/Jan/2017:14:03:23 +0800] "HEAD / HTTP/1.1" 200 - "-" "Mozilla/5.0 (compatible; MSIE 7.0; Windows NT 5.1; .NET CLR 1.1.4322) 360JK yunjiankong 1239173"
14.148.246.141 - - [31/Jan/2017:14:05:05 +0800] "GET /pmd/index.php HTTP/1.1" 404 211 "http://123.56.134.173/pmd/index.php" "Mozilla/4.0 (compatible; MSIE 9.0; Windows NT 6.1)"
222.95.251.119 - - [31/Jan/2017:14:06:41 +0800] "GET HTTP://www.baidu.com/ HTTP/1.1" 200 26 "-" "-"
1.162.169.9 - - [31/Jan/2017:14:08:12 +0800] "CONNECT mx-tw.mail.gm0.yahoodns.net:25 HTTP/1.0" 405 235 "-" "-"
1.162.169.9 - - [31/Jan/2017:14:08:59 +0800] "CONNECT mx-tw.mail.gm0.yahoodns.net:25 HTTP/1.0" 405 235 "-" "-"
101.226.162.90 - - [31/Jan/2017:14:10:28 +0800] "HEAD / HTTP/1.1" 200 - "-" "Mozilla/5.0 (compatible; MSIE 7.0; Windows NT 5.1; .NET CLR 1.1.4322) 360JK yunjiankong 1239173"
111.206.241.76 - - [31/Jan/2017:14:12:10 +0800] "HEAD / HTTP/1.1" 200 - "-" "Mozilla/5.0 (compatible; MSIE 7.0; Windows NT 5.1; .NET CLR 1.1.4322) 360JK yunjiankong 1239173"
111.206.241.76 - - [31/Jan/2017:14:12:41 +0800] "HEAD / HTTP/1.1" 200 - "-" "Mozilla/5.0 (compatible; MSIE 7.0; Windows NT 5.1; .NET CLR 1.1.4322) 360JK yunjiankong 1239173"
111.206.241.76 - - [31/Jan/2017:14:13:11 +0800] "HEAD / HTTP/1.1" 200 - "-" "Mozilla/5.0 (compatible; MSIE 7.0; Windows NT 5.1; .NET CLR 1.1.4322) 360JK yunjiankong 1239173"
101.226.162.90 - - [31/Jan/2017:14:20:29 +0800] "HEAD / HTTP/1.1" 200 - "-" "Mozilla/5.0 (compatible; MSIE 7.0; Windows NT 5.1; .NET CLR 1.1.4322) 360JK yunjiankong 1239173"
101.226.162.90 - - [31/Jan/2017:14:21:30 +0800] "HEAD / HTTP/1.1" 200 - "-" "Mozilla/5.0 (compatible; MSIE 7.0; Windows NT 5.1; .NET CLR 1.1.4322) 360JK yunjiankong 1239173"
59.108.58.242 - - [31/Jan/2017:14:22:34 +0800] "GET / HTTP/1.1" 200 26 "-" "Mozilla/5.0 (Windows NT 10.0; WOW64) AppleWebKit/537.36 (KHTML, like Gecko) Chrome/49.0.2623.110 Safari/537.36"
125.88.222.250 - - [31/Jan/2017:14:23:24 +0800] "HEAD / HTTP/1.1" 200 - "-" "Mozilla/5.0 (compatible; MSIE 7.0; Windows NT 5.1; .NET CLR 1.1.4322) 360JK yunjiankong 1239173"
222.95.251.119 - - [31/Jan/2017:14:23:53 +0800] "GET HTTP://www.baidu.com/ HTTP/1.1" 200 26 "-" "-"
103.242.202.196 - - [31/Jan/2017:14:23:53 +0800] "HEAD http://tdjypx.cn/ HTTP/1.1" 200 - "-" "Java/1.7.0_91"
125.88.222.250 - - [31/Jan/2017:14:23:54 +0800] "HEAD / HTTP/1.1" 200 - "-" "Mozilla/5.0 (compatible; MSIE 7.0; Windows NT 5.1; .NET CLR 1.1.4322) 360JK yunjiankong 1239173"
120.24.251.13 - - [31/Jan/2017:14:30:31 +0800] "GET /admin HTTP/1.1" 404 203 "-" "-"
101.226.162.90 - - [31/Jan/2017:14:31:28 +0800] "HEAD / HTTP/1.1" 200 - "-" "Mozilla/5.0 (compatible; MSIE 7.0; Windows NT 5.1; .NET CLR 1.1.4322) 360JK yunjiankong 1239173"
111.206.241.76 - - [31/Jan/2017:14:32:09 +0800] "HEAD / HTTP/1.1" 200 - "-" "Mozilla/5.0 (compatible; MSIE 7.0; Windows NT 5.1; .NET CLR 1.1.4322) 360JK yunjiankong 1239173"
125.88.222.250 - - [31/Jan/2017:14:33:56 +0800] "HEAD / HTTP/1.1" 200 - "-" "Mozilla/5.0 (compatible; MSIE 7.0; Windows NT 5.1; .NET CLR 1.1.4322) 360JK yunjiankong 1239173"
1.162.169.9 - - [31/Jan/2017:14:34:37 +0800] "CONNECT mx-tw.mail.gm0.yahoodns.net:25 HTTP/1.0" 405 235 "-" "-"
1.162.169.9 - - [31/Jan/2017:14:36:04 +0800] "CONNECT mx-tw.mail.gm0.yahoodns.net:25 HTTP/1.0" 405 235 "-" "-"
101.226.162.90 - - [31/Jan/2017:14:41:26 +0800] "HEAD / HTTP/1.1" 200 - "-" "Mozilla/5.0 (compatible; MSIE 7.0; Windows NT 5.1; .NET CLR 1.1.4322) 360JK yunjiankong 1239173"
222.95.251.119 - - [31/Jan/2017:14:41:29 +0800] "GET HTTP://www.baidu.com/ HTTP/1.1" 200 26 "-" "-"
111.206.241.76 - - [31/Jan/2017:14:42:09 +0800] "HEAD / HTTP/1.1" 200 - "-" "Mozilla/5.0 (compatible; MSIE 7.0; Windows NT 5.1; .NET CLR 1.1.4322) 360JK yunjiankong 1239173"
125.88.222.250 - - [31/Jan/2017:14:43:24 +0800] "HEAD / HTTP/1.1" 200 - "-" "Mozilla/5.0 (compatible; MSIE 7.0; Windows NT 5.1; .NET CLR 1.1.4322) 360JK yunjiankong 1239173"
101.226.162.90 - - [31/Jan/2017:14:50:58 +0800] "HEAD / HTTP/1.1" 200 - "-" "Mozilla/5.0 (compatible; MSIE 7.0; Windows NT 5.1; .NET CLR 1.1.4322) 360JK yunjiankong 1239173"
125.88.222.250 - - [31/Jan/2017:14:53:53 +0800] "HEAD / HTTP/1.1" 200 - "-" "Mozilla/5.0 (compatible; MSIE 7.0; Windows NT 5.1; .NET CLR 1.1.4322) 360JK yunjiankong 1239173"
222.95.251.119 - - [31/Jan/2017:14:58:45 +0800] "GET HTTP://www.baidu.com/ HTTP/1.1" 200 26 "-" "-"
101.226.162.90 - - [31/Jan/2017:15:00:27 +0800] "HEAD / HTTP/1.1" 200 - "-" "Mozilla/5.0 (compatible; MSIE 7.0; Windows NT 5.1; .NET CLR 1.1.4322) 360JK yunjiankong 1239173"
111.206.241.76 - - [31/Jan/2017:15:02:09 +0800] "HEAD / HTTP/1.1" 200 - "-" "Mozilla/5.0 (compatible; MSIE 7.0; Windows NT 5.1; .NET CLR 1.1.4322) 360JK yunjiankong 1239173"
111.206.241.76 - - [31/Jan/2017:15:03:10 +0800] "HEAD / HTTP/1.1" 200 - "-" "Mozilla/5.0 (compatible; MSIE 7.0; Windows NT 5.1; .NET CLR 1.1.4322) 360JK yunjiankong 1239173"
125.88.222.250 - - [31/Jan/2017:15:04:22 +0800] "HEAD / HTTP/1.1" 200 - "-" "Mozilla/5.0 (compatible; MSIE 7.0; Windows NT 5.1; .NET CLR 1.1.4322) 360JK yunjiankong 1239173"
101.226.162.90 - - [31/Jan/2017:15:10:28 +0800] "HEAD / HTTP/1.1" 200 - "-" "Mozilla/5.0 (compatible; MSIE 7.0; Windows NT 5.1; .NET CLR 1.1.4322) 360JK yunjiankong 1239173"
101.226.162.90 - - [31/Jan/2017:15:10:59 +0800] "HEAD / HTTP/1.1" 200 - "-" "Mozilla/5.0 (compatible; MSIE 7.0; Windows NT 5.1; .NET CLR 1.1.4322) 360JK yunjiankong 1239173"
111.206.241.76 - - [31/Jan/2017:15:12:09 +0800] "HEAD / HTTP/1.1" 200 - "-" "Mozilla/5.0 (compatible; MSIE 7.0; Windows NT 5.1; .NET CLR 1.1.4322) 360JK yunjiankong 1239173"
111.206.241.76 - - [31/Jan/2017:15:13:09 +0800] "HEAD / HTTP/1.1" 200 - "-" "Mozilla/5.0 (compatible; MSIE 7.0; Windows NT 5.1; .NET CLR 1.1.4322) 360JK yunjiankong 1239173"
111.206.241.76 - - [31/Jan/2017:15:14:11 +0800] "HEAD / HTTP/1.1" 200 - "-" "Mozilla/5.0 (compatible; MSIE 7.0; Windows NT 5.1; .NET CLR 1.1.4322) 360JK yunjiankong 1239173"
222.94.133.229 - - [31/Jan/2017:15:15:56 +0800] "GET HTTP://www.baidu.com/ HTTP/1.1" 200 26 "-" "-"
101.226.162.90 - - [31/Jan/2017:15:21:01 +0800] "HEAD / HTTP/1.1" 200 - "-" "Mozilla/5.0 (compatible; MSIE 7.0; Windows NT 5.1; .NET CLR 1.1.4322) 360JK yunjiankong 1239173"
101.226.162.90 - - [31/Jan/2017:15:21:31 +0800] "HEAD / HTTP/1.1" 200 - "-" "Mozilla/5.0 (compatible; MSIE 7.0; Windows NT 5.1; .NET CLR 1.1.4322) 360JK yunjiankong 1239173"
125.88.222.250 - - [31/Jan/2017:15:23:22 +0800] "HEAD / HTTP/1.1" 200 - "-" "Mozilla/5.0 (compatible; MSIE 7.0; Windows NT 5.1; .NET CLR 1.1.4322) 360JK yunjiankong 1239173"
111.206.241.76 - - [31/Jan/2017:15:23:25 +0800] "HEAD / HTTP/1.1" 200 - "-" "Mozilla/5.0 (compatible; MSIE 7.0; Windows NT 5.1; .NET CLR 1.1.4322) 360JK yunjiankong 1239173"
125.88.222.250 - - [31/Jan/2017:15:24:22 +0800] "HEAD / HTTP/1.1" 200 - "-" "Mozilla/5.0 (compatible; MSIE 7.0; Windows NT 5.1; .NET CLR 1.1.4322) 360JK yunjiankong 1239173"
1.162.169.9 - - [31/Jan/2017:15:28:12 +0800] "CONNECT mx-tw.mail.gm0.yahoodns.net:25 HTTP/1.0" 405 235 "-" "-"
101.226.162.90 - - [31/Jan/2017:15:31:29 +0800] "HEAD / HTTP/1.1" 200 - "-" "Mozilla/5.0 (compatible; MSIE 7.0; Windows NT 5.1; .NET CLR 1.1.4322) 360JK yunjiankong 1239173"
140.205.201.44 - - [31/Jan/2017:15:31:43 +0800] "POST /mtasdkrpgliw HTTP/1.1" 404 210 "-" "Mozilla/4.0 (compatible; MSIE 6.0; Windows NT 5.1;Alibaba.Security.Heimdall.5448812.elasticsearch_unauthorized)"
140.205.201.44 - - [31/Jan/2017:15:31:43 +0800] "GET /mtasdkrpgliw HTTP/1.1" 404 210 "-" "Mozilla/4.0 (compatible; MSIE 6.0; Windows NT 5.1;Alibaba.Security.Heimdall.5448812.elasticsearch_unauthorized)"
140.205.201.44 - - [31/Jan/2017:15:31:43 +0800] "DELETE /mtasdkrpgliw HTTP/1.1" 405 236 "-" "Mozilla/4.0 (compatible; MSIE 6.0; Windows NT 5.1;Alibaba.Security.Heimdall.5448812.elasticsearch_unauthorized)"
140.205.201.44 - - [31/Jan/2017:15:31:43 +0800] "GET /about/ HTTP/1.1" 404 204 "http://123.56.134.173/" "Mozilla/4.0 (compatible; MSIE 6.0; Windows NT 5.1;Alibaba.Security.Heimdall.5448812)"
222.94.133.229 - - [31/Jan/2017:15:33:07 +0800] "GET HTTP://www.baidu.com/ HTTP/1.1" 200 26 "-" "-"
101.226.162.90 - - [31/Jan/2017:15:41:01 +0800] "HEAD / HTTP/1.1" 200 - "-" "Mozilla/5.0 (compatible; MSIE 7.0; Windows NT 5.1; .NET CLR 1.1.4322) 360JK yunjiankong 1239173"
101.226.162.90 - - [31/Jan/2017:15:41:31 +0800] "HEAD / HTTP/1.1" 200 - "-" "Mozilla/5.0 (compatible; MSIE 7.0; Windows NT 5.1; .NET CLR 1.1.4322) 360JK yunjiankong 1239173"
125.88.222.250 - - [31/Jan/2017:15:43:23 +0800] "HEAD / HTTP/1.1" 200 - "-" "Mozilla/5.0 (compatible; MSIE 7.0; Windows NT 5.1; .NET CLR 1.1.4322) 360JK yunjiankong 1239173"
125.88.222.250 - - [31/Jan/2017:15:43:54 +0800] "HEAD / HTTP/1.1" 200 - "-" "Mozilla/5.0 (compatible; MSIE 7.0; Windows NT 5.1; .NET CLR 1.1.4322) 360JK yunjiankong 1239173"
111.206.241.76 - - [31/Jan/2017:15:43:55 +0800] "HEAD / HTTP/1.1" 200 - "-" "Mozilla/5.0 (compatible; MSIE 7.0; Windows NT 5.1; .NET CLR 1.1.4322) 360JK yunjiankong 1239173"
140.205.201.44 - - [31/Jan/2017:15:45:42 +0800] "GET /clusters.jsf HTTP/1.1" 404 210 "http://123.56.134.173/" "Mozilla/4.0 (compatible; MSIE 6.0; Windows NT 5.1;Alibaba.Security.Heimdall.5448812)"
140.205.201.44 - - [31/Jan/2017:15:49:45 +0800] "GET / HTTP/1.1" 200 26 "http://123.56.134.173/" "Mozilla/4.0 (compatible; MSIE 6.0; Windows NT 5.1;Alibaba.Security.Heimdall.5448812)"
222.94.133.229 - - [31/Jan/2017:15:50:25 +0800] "GET HTTP://www.baidu.com/ HTTP/1.1" 200 26 "-" "-"
101.226.162.90 - - [31/Jan/2017:15:50:27 +0800] "HEAD / HTTP/1.1" 200 - "-" "Mozilla/5.0 (compatible; MSIE 7.0; Windows NT 5.1; .NET CLR 1.1.4322) 360JK yunjiankong 1239173"
140.205.201.44 - - [31/Jan/2017:15:50:34 +0800] "GET /hwi/ HTTP/1.1" 404 202 "http://123.56.134.173/" "Mozilla/4.0 (compatible; MSIE 6.0; Windows NT 5.1;Alibaba.Security.Heimdall.5448812)"
101.226.162.90 - - [31/Jan/2017:15:50:58 +0800] "HEAD / HTTP/1.1" 200 - "-" "Mozilla/5.0 (compatible; MSIE 7.0; Windows NT 5.1; .NET CLR 1.1.4322) 360JK yunjiankong 1239173"
140.205.201.44 - - [31/Jan/2017:15:52:39 +0800] "GET / HTTP/1.1" 200 26 "http://123.56.134.173/" "Mozilla/4.0 (compatible; MSIE 6.0; Windows NT 5.1;Alibaba.Security.Heimdall.5448812)"
111.206.241.76 - - [31/Jan/2017:15:52:56 +0800] "HEAD / HTTP/1.1" 200 - "-" "Mozilla/5.0 (compatible; MSIE 7.0; Windows NT 5.1; .NET CLR 1.1.4322) 360JK yunjiankong 1239173"
125.88.222.250 - - [31/Jan/2017:15:53:23 +0800] "HEAD / HTTP/1.1" 200 - "-" "Mozilla/5.0 (compatible; MSIE 7.0; Windows NT 5.1; .NET CLR 1.1.4322) 360JK yunjiankong 1239173"
1.162.169.9 - - [31/Jan/2017:15:53:58 +0800] "CONNECT mx-tw.mail.gm0.yahoodns.net:25 HTTP/1.0" 405 235 "-" "-"
1.162.169.9 - - [31/Jan/2017:15:55:01 +0800] "CONNECT mx-tw.mail.gm0.yahoodns.net:25 HTTP/1.0" 405 235 "-" "-"
1.162.169.9 - - [31/Jan/2017:15:55:47 +0800] "CONNECT mx-tw.mail.gm0.yahoodns.net:25 HTTP/1.0" 405 235 "-" "-"
140.205.201.44 - - [31/Jan/2017:15:59:38 +0800] "GET / HTTP/1.1" 200 26 "http://123.56.134.173/" "Mozilla/4.0 (compatible; MSIE 6.0; Windows NT 5.1;Alibaba.Security.Heimdall.5448812)"
140.205.201.44 - - [31/Jan/2017:15:59:43 +0800] "GET / HTTP/1.1" 200 26 "http://123.56.134.173/" "Mozilla/4.0 (compatible; MSIE 6.0; Windows NT 5.1;Alibaba.Security.Heimdall.5448812)"
140.205.201.44 - - [31/Jan/2017:15:59:46 +0800] "GET /jobs/ HTTP/1.1" 404 203 "http://123.56.134.173/" "Mozilla/4.0 (compatible; MSIE 6.0; Windows NT 5.1;Alibaba.Security.Heimdall.5448812)"
140.205.201.44 - - [31/Jan/2017:15:59:48 +0800] "GET /ganglia/index.php HTTP/1.1" 404 215 "http://123.56.134.173/" "Mozilla/4.0 (compatible; MSIE 6.0; Windows NT 5.1;Alibaba.Security.Heimdall.5448812)"
140.205.201.44 - - [31/Jan/2017:15:59:49 +0800] "GET /index.php HTTP/1.1" 404 207 "http://123.56.134.173/" "Mozilla/4.0 (compatible; MSIE 6.0; Windows NT 5.1;Alibaba.Security.Heimdall.5448812)"
140.205.201.44 - - [31/Jan/2017:15:59:54 +0800] "GET /rs-status HTTP/1.1" 404 207 "http://123.56.134.173/" "Mozilla/4.0 (compatible; MSIE 6.0; Windows NT 5.1;Alibaba.Security.Heimdall.5448812)"
140.205.201.44 - - [31/Jan/2017:15:59:59 +0800] "GET /master-status HTTP/1.1" 404 211 "http://123.56.134.173/" "Mozilla/4.0 (compatible; MSIE 6.0; Windows NT 5.1;Alibaba.Security.Heimdall.5448812)"
140.205.201.44 - - [31/Jan/2017:16:00:03 +0800] "GET /warning HTTP/1.1" 404 205 "http://123.56.134.173/" "Mozilla/4.0 (compatible; MSIE 6.0; Windows NT 5.1;Alibaba.Security.Heimdall.5448812)"
140.205.201.44 - - [31/Jan/2017:16:00:05 +0800] "GET /pleasereadthis HTTP/1.1" 404 212 "http://123.56.134.173/" "Mozilla/4.0 (compatible; MSIE 6.0; Windows NT 5.1;Alibaba.Security.Heimdall.5448812)"
140.205.201.44 - - [31/Jan/2017:16:00:08 +0800] "GET /please_read/_search HTTP/1.1" 404 217 "http://123.56.134.173/" "Mozilla/4.0 (compatible; MSIE 6.0; Windows NT 5.1;Alibaba.Security.Heimdall.5448812)"
140.205.201.44 - - [31/Jan/2017:16:00:20 +0800] "GET /dfshealth.jsp HTTP/1.1" 404 211 "http://123.56.134.173/" "Mozilla/4.0 (compatible; MSIE 6.0; Windows NT 5.1;Alibaba.Security.Heimdall.5448812)"
140.205.201.44 - - [31/Jan/2017:16:01:26 +0800] "GET /hadoop/dfshealth.jsp HTTP/1.1" 404 218 "http://123.56.134.173/" "Mozilla/4.0 (compatible; MSIE 6.0; Windows NT 5.1;Alibaba.Security.Heimdall.5448812)"
101.226.162.90 - - [31/Jan/2017:16:02:27 +0800] "HEAD / HTTP/1.1" 200 - "-" "Mozilla/5.0 (compatible; MSIE 7.0; Windows NT 5.1; .NET CLR 1.1.4322) 360JK yunjiankong 1239173"
140.205.201.44 - - [31/Jan/2017:16:02:46 +0800] "GET /solr/ HTTP/1.1" 404 203 "http://123.56.134.173/" "Mozilla/4.0 (compatible; MSIE 6.0; Windows NT 5.1;Alibaba.Security.Heimdall.5448812)"
140.205.201.44 - - [31/Jan/2017:16:02:52 +0800] "GET / HTTP/1.1" 200 26 "http://123.56.134.173/" "Mozilla/4.0 (compatible; MSIE 6.0; Windows NT 5.1;Alibaba.Security.Heimdall.5448812)"
125.88.222.250 - - [31/Jan/2017:16:03:23 +0800] "HEAD / HTTP/1.1" 200 - "-" "Mozilla/5.0 (compatible; MSIE 7.0; Windows NT 5.1; .NET CLR 1.1.4322) 360JK yunjiankong 1239173"
111.206.241.76 - - [31/Jan/2017:16:03:25 +0800] "HEAD / HTTP/1.1" 200 - "-" "Mozilla/5.0 (compatible; MSIE 7.0; Windows NT 5.1; .NET CLR 1.1.4322) 360JK yunjiankong 1239173"
222.94.133.229 - - [31/Jan/2017:16:07:59 +0800] "GET HTTP://www.baidu.com/ HTTP/1.1" 200 26 "-" "-"
140.205.201.44 - - [31/Jan/2017:16:08:50 +0800] "GET /info HTTP/1.1" 404 202 "http://123.56.134.173/" "Mozilla/4.0 (compatible; MSIE 6.0; Windows NT 5.1;Alibaba.Security.Heimdall.5448812)"
101.226.162.90 - - [31/Jan/2017:16:10:31 +0800] "HEAD / HTTP/1.1" 200 - "-" "Mozilla/5.0 (compatible; MSIE 7.0; Windows NT 5.1; .NET CLR 1.1.4322) 360JK yunjiankong 1239173"
125.88.222.250 - - [31/Jan/2017:16:13:56 +0800] "HEAD / HTTP/1.1" 200 - "-" "Mozilla/5.0 (compatible; MSIE 7.0; Windows NT 5.1; .NET CLR 1.1.4322) 360JK yunjiankong 1239173"
140.205.201.44 - - [31/Jan/2017:16:15:06 +0800] "GET /dfshealth.html HTTP/1.1" 404 212 "http://123.56.134.173/" "Mozilla/4.0 (compatible; MSIE 6.0; Windows NT 5.1;Alibaba.Security.Heimdall.5448812)"
95.213.187.189 - - [31/Jan/2017:16:17:50 +0800] "CONNECT check.best-proxies.ru:80 HTTP/1.1" 400 226 "-" "-"
1.162.169.9 - - [31/Jan/2017:16:21:41 +0800] "CONNECT mx-tw.mail.gm0.yahoodns.net:25 HTTP/1.0" 405 235 "-" "-"
212.47.246.179 - - [31/Jan/2017:16:22:18 +0800] "GET http://www.baidu.com/cache/global/img/gs.gif HTTP/1.1" 404 221 "-" "Mozilla"
125.88.222.250 - - [31/Jan/2017:16:23:53 +0800] "HEAD / HTTP/1.1" 200 - "-" "Mozilla/5.0 (compatible; MSIE 7.0; Windows NT 5.1; .NET CLR 1.1.4322) 360JK yunjiankong 1239173"
140.205.201.44 - - [31/Jan/2017:16:24:22 +0800] "GET /admin/ HTTP/1.1" 404 204 "http://123.56.134.173/" "Mozilla/4.0 (compatible; MSIE 6.0; Windows NT 5.1;Alibaba.Security.Heimdall.5448812)"
222.94.133.229 - - [31/Jan/2017:16:25:20 +0800] "GET HTTP://www.baidu.com/ HTTP/1.1" 200 26 "-" "-"
140.205.201.44 - - [31/Jan/2017:16:30:15 +0800] "GET / HTTP/1.1" 200 26 "http://123.56.134.173/" "Mozilla/4.0 (compatible; MSIE 6.0; Windows NT 5.1;Alibaba.Security.Heimdall.5448812)"
101.226.162.90 - - [31/Jan/2017:16:30:31 +0800] "HEAD / HTTP/1.1" 200 - "-" "Mozilla/5.0 (compatible; MSIE 7.0; Windows NT 5.1; .NET CLR 1.1.4322) 360JK yunjiankong 1239173"
101.226.162.90 - - [31/Jan/2017:16:32:01 +0800] "HEAD / HTTP/1.1" 200 - "-" "Mozilla/5.0 (compatible; MSIE 7.0; Windows NT 5.1; .NET CLR 1.1.4322) 360JK yunjiankong 1239173"
125.88.222.250 - - [31/Jan/2017:16:33:54 +0800] "HEAD / HTTP/1.1" 200 - "-" "Mozilla/5.0 (compatible; MSIE 7.0; Windows NT 5.1; .NET CLR 1.1.4322) 360JK yunjiankong 1239173"
111.206.241.76 - - [31/Jan/2017:16:33:56 +0800] "HEAD / HTTP/1.1" 200 - "-" "Mozilla/5.0 (compatible; MSIE 7.0; Windows NT 5.1; .NET CLR 1.1.4322) 360JK yunjiankong 1239173"
101.226.162.90 - - [31/Jan/2017:16:40:30 +0800] "HEAD / HTTP/1.1" 200 - "-" "Mozilla/5.0 (compatible; MSIE 7.0; Windows NT 5.1; .NET CLR 1.1.4322) 360JK yunjiankong 1239173"
222.94.133.229 - - [31/Jan/2017:16:42:36 +0800] "GET HTTP://www.baidu.com/ HTTP/1.1" 200 26 "-" "-"
125.88.222.250 - - [31/Jan/2017:16:43:23 +0800] "HEAD / HTTP/1.1" 200 - "-" "Mozilla/5.0 (compatible; MSIE 7.0; Windows NT 5.1; .NET CLR 1.1.4322) 360JK yunjiankong 1239173"
125.88.222.250 - - [31/Jan/2017:16:44:24 +0800] "HEAD / HTTP/1.1" 200 - "-" "Mozilla/5.0 (compatible; MSIE 7.0; Windows NT 5.1; .NET CLR 1.1.4322) 360JK yunjiankong 1239173"
1.162.169.9 - - [31/Jan/2017:16:46:56 +0800] "CONNECT mx-tw.mail.gm0.yahoodns.net:25 HTTP/1.0" 405 235 "-" "-"
36.110.211.5 - - [31/Jan/2017:16:49:10 +0800] "GET / HTTP/1.1" 200 26 "-" "Mozilla/5.0 (Windows NT 6.3; WOW64) AppleWebKit/537.36 (KHTML, like Gecko) Chrome/33.0.1750.117 Safari/537.36"
101.226.162.90 - - [31/Jan/2017:16:50:32 +0800] "HEAD / HTTP/1.1" 200 - "-" "Mozilla/5.0 (compatible; MSIE 7.0; Windows NT 5.1; .NET CLR 1.1.4322) 360JK yunjiankong 1239173"
125.88.222.250 - - [31/Jan/2017:16:53:26 +0800] "HEAD / HTTP/1.1" 200 - "-" "Mozilla/5.0 (compatible; MSIE 7.0; Windows NT 5.1; .NET CLR 1.1.4322) 360JK yunjiankong 1239173"
111.206.241.76 - - [31/Jan/2017:16:53:26 +0800] "HEAD / HTTP/1.1" 200 - "-" "Mozilla/5.0 (compatible; MSIE 7.0; Windows NT 5.1; .NET CLR 1.1.4322) 360JK yunjiankong 1239173"
125.88.222.250 - - [31/Jan/2017:16:54:28 +0800] "HEAD / HTTP/1.1" 200 - "-" "Mozilla/5.0 (compatible; MSIE 7.0; Windows NT 5.1; .NET CLR 1.1.4322) 360JK yunjiankong 1239173"
222.94.133.229 - - [31/Jan/2017:16:59:51 +0800] "GET HTTP://www.baidu.com/ HTTP/1.1" 200 26 "-" "-"
125.88.222.250 - - [31/Jan/2017:17:03:26 +0800] "HEAD / HTTP/1.1" 200 - "-" "Mozilla/5.0 (compatible; MSIE 7.0; Windows NT 5.1; .NET CLR 1.1.4322) 360JK yunjiankong 1239173"
125.88.222.250 - - [31/Jan/2017:17:03:56 +0800] "HEAD / HTTP/1.1" 200 - "-" "Mozilla/5.0 (compatible; MSIE 7.0; Windows NT 5.1; .NET CLR 1.1.4322) 360JK yunjiankong 1239173"
111.206.241.76 - - [31/Jan/2017:17:03:57 +0800] "HEAD / HTTP/1.1" 200 - "-" "Mozilla/5.0 (compatible; MSIE 7.0; Windows NT 5.1; .NET CLR 1.1.4322) 360JK yunjiankong 1239173"
125.88.222.250 - - [31/Jan/2017:17:04:26 +0800] "HEAD / HTTP/1.1" 200 - "-" "Mozilla/5.0 (compatible; MSIE 7.0; Windows NT 5.1; .NET CLR 1.1.4322) 360JK yunjiankong 1239173"
101.226.162.90 - - [31/Jan/2017:17:10:31 +0800] "HEAD / HTTP/1.1" 200 - "-" "Mozilla/5.0 (compatible; MSIE 7.0; Windows NT 5.1; .NET CLR 1.1.4322) 360JK yunjiankong 1239173"
101.226.162.90 - - [31/Jan/2017:17:12:04 +0800] "HEAD / HTTP/1.1" 200 - "-" "Mozilla/5.0 (compatible; MSIE 7.0; Windows NT 5.1; .NET CLR 1.1.4322) 360JK yunjiankong 1239173"
111.206.241.76 - - [31/Jan/2017:17:12:56 +0800] "HEAD / HTTP/1.1" 200 - "-" "Mozilla/5.0 (compatible; MSIE 7.0; Windows NT 5.1; .NET CLR 1.1.4322) 360JK yunjiankong 1239173"
1.162.169.9 - - [31/Jan/2017:17:13:09 +0800] "CONNECT mx-tw.mail.gm0.yahoodns.net:25 HTTP/1.0" 405 235 "-" "-"
125.88.222.250 - - [31/Jan/2017:17:13:53 +0800] "HEAD / HTTP/1.1" 200 - "-" "Mozilla/5.0 (compatible; MSIE 7.0; Windows NT 5.1; .NET CLR 1.1.4322) 360JK yunjiankong 1239173"
1.162.169.9 - - [31/Jan/2017:17:14:11 +0800] "CONNECT mx-tw.mail.gm0.yahoodns.net:25 HTTP/1.0" 405 235 "-" "-"
1.162.169.9 - - [31/Jan/2017:17:15:53 +0800] "CONNECT mx-tw.mail.gm0.yahoodns.net:25 HTTP/1.0" 405 235 "-" "-"
222.94.133.229 - - [31/Jan/2017:17:17:11 +0800] "GET HTTP://www.baidu.com/ HTTP/1.1" 200 26 "-" "-"
101.226.162.90 - - [31/Jan/2017:17:20:31 +0800] "HEAD / HTTP/1.1" 200 - "-" "Mozilla/5.0 (compatible; MSIE 7.0; Windows NT 5.1; .NET CLR 1.1.4322) 360JK yunjiankong 1239173"
125.88.222.250 - - [31/Jan/2017:17:23:23 +0800] "HEAD / HTTP/1.1" 200 - "-" "Mozilla/5.0 (compatible; MSIE 7.0; Windows NT 5.1; .NET CLR 1.1.4322) 360JK yunjiankong 1239173"
111.206.241.76 - - [31/Jan/2017:17:23:27 +0800] "HEAD / HTTP/1.1" 200 - "-" "Mozilla/5.0 (compatible; MSIE 7.0; Windows NT 5.1; .NET CLR 1.1.4322) 360JK yunjiankong 1239173"
111.206.241.76 - - [31/Jan/2017:17:23:57 +0800] "HEAD / HTTP/1.1" 200 - "-" "Mozilla/5.0 (compatible; MSIE 7.0; Windows NT 5.1; .NET CLR 1.1.4322) 360JK yunjiankong 1239173"
101.226.162.90 - - [31/Jan/2017:17:30:31 +0800] "HEAD / HTTP/1.1" 200 - "-" "Mozilla/5.0 (compatible; MSIE 7.0; Windows NT 5.1; .NET CLR 1.1.4322) 360JK yunjiankong 1239173"
111.206.241.76 - - [31/Jan/2017:17:32:57 +0800] "HEAD / HTTP/1.1" 200 - "-" "Mozilla/5.0 (compatible; MSIE 7.0; Windows NT 5.1; .NET CLR 1.1.4322) 360JK yunjiankong 1239173"
36.110.211.3 - - [31/Jan/2017:17:33:25 +0800] "GET / HTTP/1.1" 200 26 "-" "Mozilla/5.0 (Windows NT 6.3; WOW64) AppleWebKit/537.36 (KHTML, like Gecko) Chrome/33.0.1750.117 Safari/537.36"
222.94.133.229 - - [31/Jan/2017:17:34:51 +0800] "GET HTTP://www.baidu.com/ HTTP/1.1" 200 26 "-" "-"
122.224.153.109 - - [31/Jan/2017:17:42:05 +0800] "GET / HTTP/1.0" 200 26 "-" "-"
125.88.222.250 - - [31/Jan/2017:17:43:23 +0800] "HEAD / HTTP/1.1" 200 - "-" "Mozilla/5.0 (compatible; MSIE 7.0; Windows NT 5.1; .NET CLR 1.1.4322) 360JK yunjiankong 1239173"
111.206.241.76 - - [31/Jan/2017:17:43:28 +0800] "HEAD / HTTP/1.1" 200 - "-" "Mozilla/5.0 (compatible; MSIE 7.0; Windows NT 5.1; .NET CLR 1.1.4322) 360JK yunjiankong 1239173"
101.226.162.90 - - [31/Jan/2017:17:45:55 +0800] "HEAD / HTTP/1.1" 200 - "-" "Mozilla/5.0 (compatible; MSIE 7.0; Windows NT 5.1; .NET CLR 1.1.4322) 360JK yunjiankong 1239173"
14.116.18.79 - - [31/Jan/2017:17:46:07 +0800] "GET http://www.baidu.com/s?wd=5118 HTTP/1.1" 404 199 "-" "Mozilla/4.0 (compatible; MSIE 7.0; Windows NT 5.1; TencentTraveler ; EmbeddedWB 14.52 from: http://www.bsalsa.com/ EmbeddedWB 14.52; .NET CLR 2.0.50727; InfoPath.2; .NET CLR 3.0.04506.30; .NET CLR 3.0.04506.590; .NET CLR 3.0.04506.648; .NET CLR 3.5.21022)"
101.226.162.90 - - [31/Jan/2017:17:46:25 +0800] "HEAD / HTTP/1.1" 200 - "-" "Mozilla/5.0 (compatible; MSIE 7.0; Windows NT 5.1; .NET CLR 1.1.4322) 360JK yunjiankong 1239173"
125.88.222.250 - - [31/Jan/2017:17:46:34 +0800] "HEAD / HTTP/1.1" 200 - "-" "Mozilla/5.0 (compatible; MSIE 7.0; Windows NT 5.1; .NET CLR 1.1.4322) 360JK yunjiankong 1239173"
101.226.162.90 - - [31/Jan/2017:17:46:56 +0800] "HEAD / HTTP/1.1" 200 - "-" "Mozilla/5.0 (compatible; MSIE 7.0; Windows NT 5.1; .NET CLR 1.1.4322) 360JK yunjiankong 1239173"
125.88.222.250 - - [31/Jan/2017:17:47:05 +0800] "HEAD / HTTP/1.1" 200 - "-" "Mozilla/5.0 (compatible; MSIE 7.0; Windows NT 5.1; .NET CLR 1.1.4322) 360JK yunjiankong 1239173"
125.88.222.250 - - [31/Jan/2017:17:47:35 +0800] "HEAD / HTTP/1.1" 200 - "-" "Mozilla/5.0 (compatible; MSIE 7.0; Windows NT 5.1; .NET CLR 1.1.4322) 360JK yunjiankong 1239173"
222.94.133.229 - - [31/Jan/2017:17:52:14 +0800] "GET HTTP://www.baidu.com/ HTTP/1.1" 200 26 "-" "-"
111.206.241.76 - - [31/Jan/2017:17:52:54 +0800] "HEAD / HTTP/1.1" 200 - "-" "Mozilla/5.0 (compatible; MSIE 7.0; Windows NT 5.1; .NET CLR 1.1.4322) 360JK yunjiankong 1239173"
111.206.241.76 - - [31/Jan/2017:17:53:54 +0800] "HEAD / HTTP/1.1" 200 - "-" "Mozilla/5.0 (compatible; MSIE 7.0; Windows NT 5.1; .NET CLR 1.1.4322) 360JK yunjiankong 1239173"
101.226.162.90 - - [31/Jan/2017:17:55:39 +0800] "HEAD / HTTP/1.1" 200 - "-" "Mozilla/5.0 (compatible; MSIE 7.0; Windows NT 5.1; .NET CLR 1.1.4322) 360JK yunjiankong 1239173"
101.226.162.90 - - [31/Jan/2017:17:56:09 +0800] "HEAD / HTTP/1.1" 200 - "-" "Mozilla/5.0 (compatible; MSIE 7.0; Windows NT 5.1; .NET CLR 1.1.4322) 360JK yunjiankong 1239173"
125.88.222.250 - - [31/Jan/2017:17:56:34 +0800] "HEAD / HTTP/1.1" 200 - "-" "Mozilla/5.0 (compatible; MSIE 7.0; Windows NT 5.1; .NET CLR 1.1.4322) 360JK yunjiankong 1239173"
101.226.162.90 - - [31/Jan/2017:17:56:39 +0800] "HEAD / HTTP/1.1" 200 - "-" "Mozilla/5.0 (compatible; MSIE 7.0; Windows NT 5.1; .NET CLR 1.1.4322) 360JK yunjiankong 1239173"
125.88.222.250 - - [31/Jan/2017:17:57:36 +0800] "HEAD / HTTP/1.1" 200 - "-" "Mozilla/5.0 (compatible; MSIE 7.0; Windows NT 5.1; .NET CLR 1.1.4322) 360JK yunjiankong 1239173"
111.206.241.76 - - [31/Jan/2017:18:03:55 +0800] "HEAD / HTTP/1.1" 200 - "-" "Mozilla/5.0 (compatible; MSIE 7.0; Windows NT 5.1; .NET CLR 1.1.4322) 360JK yunjiankong 1239173"
101.226.162.90 - - [31/Jan/2017:18:05:40 +0800] "HEAD / HTTP/1.1" 200 - "-" "Mozilla/5.0 (compatible; MSIE 7.0; Windows NT 5.1; .NET CLR 1.1.4322) 360JK yunjiankong 1239173"
101.226.162.90 - - [31/Jan/2017:18:06:09 +0800] "HEAD / HTTP/1.1" 200 - "-" "Mozilla/5.0 (compatible; MSIE 7.0; Windows NT 5.1; .NET CLR 1.1.4322) 360JK yunjiankong 1239173"
1.162.169.9 - - [31/Jan/2017:18:06:24 +0800] "CONNECT mx-tw.mail.gm0.yahoodns.net:25 HTTP/1.0" 405 235 "-" "-"
101.226.162.90 - - [31/Jan/2017:18:06:39 +0800] "HEAD / HTTP/1.1" 200 - "-" "Mozilla/5.0 (compatible; MSIE 7.0; Windows NT 5.1; .NET CLR 1.1.4322) 360JK yunjiankong 1239173"
1.162.169.9 - - [31/Jan/2017:18:07:06 +0800] "CONNECT mx-tw.mail.gm0.yahoodns.net:25 HTTP/1.0" 405 235 "-" "-"
125.88.222.250 - - [31/Jan/2017:18:07:37 +0800] "HEAD / HTTP/1.1" 200 - "-" "Mozilla/5.0 (compatible; MSIE 7.0; Windows NT 5.1; .NET CLR 1.1.4322) 360JK yunjiankong 1239173"
1.162.169.9 - - [31/Jan/2017:18:08:39 +0800] "CONNECT mx-tw.mail.gm0.yahoodns.net:25 HTTP/1.0" 405 235 "-" "-"
222.94.133.229 - - [31/Jan/2017:18:09:36 +0800] "GET HTTP://www.baidu.com/ HTTP/1.1" 200 26 "-" "-"
111.206.241.76 - - [31/Jan/2017:18:13:24 +0800] "HEAD / HTTP/1.1" 200 - "-" "Mozilla/5.0 (compatible; MSIE 7.0; Windows NT 5.1; .NET CLR 1.1.4322) 360JK yunjiankong 1239173"
111.206.241.76 - - [31/Jan/2017:18:13:54 +0800] "HEAD / HTTP/1.1" 200 - "-" "Mozilla/5.0 (compatible; MSIE 7.0; Windows NT 5.1; .NET CLR 1.1.4322) 360JK yunjiankong 1239173"
123.56.233.113 - - [31/Jan/2017:18:15:08 +0800] "GET / HTTP/1.1" 200 26 "-" "-"
101.226.162.90 - - [31/Jan/2017:18:15:39 +0800] "HEAD / HTTP/1.1" 200 - "-" "Mozilla/5.0 (compatible; MSIE 7.0; Windows NT 5.1; .NET CLR 1.1.4322) 360JK yunjiankong 1239173"
101.226.162.90 - - [31/Jan/2017:18:16:09 +0800] "HEAD / HTTP/1.1" 200 - "-" "Mozilla/5.0 (compatible; MSIE 7.0; Windows NT 5.1; .NET CLR 1.1.4322) 360JK yunjiankong 1239173"
125.88.222.250 - - [31/Jan/2017:18:16:35 +0800] "HEAD / HTTP/1.1" 200 - "-" "Mozilla/5.0 (compatible; MSIE 7.0; Windows NT 5.1; .NET CLR 1.1.4322) 360JK yunjiankong 1239173"
125.88.222.250 - - [31/Jan/2017:18:17:06 +0800] "HEAD / HTTP/1.1" 200 - "-" "Mozilla/5.0 (compatible; MSIE 7.0; Windows NT 5.1; .NET CLR 1.1.4322) 360JK yunjiankong 1239173"
111.206.241.76 - - [31/Jan/2017:18:22:54 +0800] "HEAD / HTTP/1.1" 200 - "-" "Mozilla/5.0 (compatible; MSIE 7.0; Windows NT 5.1; .NET CLR 1.1.4322) 360JK yunjiankong 1239173"
111.206.241.76 - - [31/Jan/2017:18:23:24 +0800] "HEAD / HTTP/1.1" 200 - "-" "Mozilla/5.0 (compatible; MSIE 7.0; Windows NT 5.1; .NET CLR 1.1.4322) 360JK yunjiankong 1239173"
14.116.17.100 - - [31/Jan/2017:18:23:38 +0800] "GET http://www.baidu.com/s?wd=5118 HTTP/1.1" 404 199 "-" "Mozilla/4.0 (compatible; MSIE 7.0; Windows NT 5.1; TencentTraveler ; EmbeddedWB 14.52 from: http://www.bsalsa.com/ EmbeddedWB 14.52; .NET CLR 2.0.50727; InfoPath.2; .NET CLR 3.0.04506.30; .NET CLR 3.0.04506.590; .NET CLR 3.0.04506.648; .NET CLR 3.5.21022)"
101.226.162.90 - - [31/Jan/2017:18:26:10 +0800] "HEAD / HTTP/1.1" 200 - "-" "Mozilla/5.0 (compatible; MSIE 7.0; Windows NT 5.1; .NET CLR 1.1.4322) 360JK yunjiankong 1239173"
101.226.162.90 - - [31/Jan/2017:18:26:40 +0800] "HEAD / HTTP/1.1" 200 - "-" "Mozilla/5.0 (compatible; MSIE 7.0; Windows NT 5.1; .NET CLR 1.1.4322) 360JK yunjiankong 1239173"
222.94.133.229 - - [31/Jan/2017:18:26:59 +0800] "GET HTTP://www.baidu.com/ HTTP/1.1" 200 26 "-" "-"
1.162.169.9 - - [31/Jan/2017:18:33:05 +0800] "CONNECT mx-tw.mail.gm0.yahoodns.net:25 HTTP/1.0" 405 235 "-" "-"
111.206.241.76 - - [31/Jan/2017:18:33:24 +0800] "HEAD / HTTP/1.1" 200 - "-" "Mozilla/5.0 (compatible; MSIE 7.0; Windows NT 5.1; .NET CLR 1.1.4322) 360JK yunjiankong 1239173"
101.226.162.90 - - [31/Jan/2017:18:35:39 +0800] "HEAD / HTTP/1.1" 200 - "-" "Mozilla/5.0 (compatible; MSIE 7.0; Windows NT 5.1; .NET CLR 1.1.4322) 360JK yunjiankong 1239173"
101.226.162.90 - - [31/Jan/2017:18:36:40 +0800] "HEAD / HTTP/1.1" 200 - "-" "Mozilla/5.0 (compatible; MSIE 7.0; Windows NT 5.1; .NET CLR 1.1.4322) 360JK yunjiankong 1239173"
125.88.222.250 - - [31/Jan/2017:18:37:06 +0800] "HEAD / HTTP/1.1" 200 - "-" "Mozilla/5.0 (compatible; MSIE 7.0; Windows NT 5.1; .NET CLR 1.1.4322) 360JK yunjiankong 1239173"
125.88.222.250 - - [31/Jan/2017:18:37:36 +0800] "HEAD / HTTP/1.1" 200 - "-" "Mozilla/5.0 (compatible; MSIE 7.0; Windows NT 5.1; .NET CLR 1.1.4322) 360JK yunjiankong 1239173"
111.206.241.76 - - [31/Jan/2017:18:43:26 +0800] "HEAD / HTTP/1.1" 200 - "-" "Mozilla/5.0 (compatible; MSIE 7.0; Windows NT 5.1; .NET CLR 1.1.4322) 360JK yunjiankong 1239173"
222.94.133.229 - - [31/Jan/2017:18:44:30 +0800] "GET HTTP://www.baidu.com/ HTTP/1.1" 200 26 "-" "-"
101.226.162.90 - - [31/Jan/2017:18:45:40 +0800] "HEAD / HTTP/1.1" 200 - "-" "Mozilla/5.0 (compatible; MSIE 7.0; Windows NT 5.1; .NET CLR 1.1.4322) 360JK yunjiankong 1239173"
101.226.162.90 - - [31/Jan/2017:18:46:10 +0800] "HEAD / HTTP/1.1" 200 - "-" "Mozilla/5.0 (compatible; MSIE 7.0; Windows NT 5.1; .NET CLR 1.1.4322) 360JK yunjiankong 1239173"
125.88.222.250 - - [31/Jan/2017:18:46:35 +0800] "HEAD / HTTP/1.1" 200 - "-" "Mozilla/5.0 (compatible; MSIE 7.0; Windows NT 5.1; .NET CLR 1.1.4322) 360JK yunjiankong 1239173"
125.88.222.250 - - [31/Jan/2017:18:47:05 +0800] "HEAD / HTTP/1.1" 200 - "-" "Mozilla/5.0 (compatible; MSIE 7.0; Windows NT 5.1; .NET CLR 1.1.4322) 360JK yunjiankong 1239173"
111.206.52.93 - - [31/Jan/2017:18:55:49 +0800] "GET / HTTP/1.1" 200 26 "-" "Mozilla/5.0 (Windows NT 6.3; WOW64) AppleWebKit/537.36 (KHTML, like Gecko) Chrome/33.0.1750.117 Safari/537.36"
101.226.162.90 - - [31/Jan/2017:18:56:09 +0800] "HEAD / HTTP/1.1" 200 - "-" "Mozilla/5.0 (compatible; MSIE 7.0; Windows NT 5.1; .NET CLR 1.1.4322) 360JK yunjiankong 1239173"
125.88.222.250 - - [31/Jan/2017:18:57:06 +0800] "HEAD / HTTP/1.1" 200 - "-" "Mozilla/5.0 (compatible; MSIE 7.0; Windows NT 5.1; .NET CLR 1.1.4322) 360JK yunjiankong 1239173"
1.162.169.9 - - [31/Jan/2017:18:59:41 +0800] "CONNECT mx-tw.mail.gm0.yahoodns.net:25 HTTP/1.0" 405 235 "-" "-"
222.94.133.229 - - [31/Jan/2017:19:02:12 +0800] "GET HTTP://www.baidu.com/ HTTP/1.1" 200 26 "-" "-"
111.206.241.76 - - [31/Jan/2017:19:03:25 +0800] "HEAD / HTTP/1.1" 200 - "-" "Mozilla/5.0 (compatible; MSIE 7.0; Windows NT 5.1; .NET CLR 1.1.4322) 360JK yunjiankong 1239173"
111.206.241.76 - - [31/Jan/2017:19:03:55 +0800] "HEAD / HTTP/1.1" 200 - "-" "Mozilla/5.0 (compatible; MSIE 7.0; Windows NT 5.1; .NET CLR 1.1.4322) 360JK yunjiankong 1239173"
101.226.162.90 - - [31/Jan/2017:19:05:40 +0800] "HEAD / HTTP/1.1" 200 - "-" "Mozilla/5.0 (compatible; MSIE 7.0; Windows NT 5.1; .NET CLR 1.1.4322) 360JK yunjiankong 1239173"
101.226.162.90 - - [31/Jan/2017:19:06:10 +0800] "HEAD / HTTP/1.1" 200 - "-" "Mozilla/5.0 (compatible; MSIE 7.0; Windows NT 5.1; .NET CLR 1.1.4322) 360JK yunjiankong 1239173"
101.226.162.90 - - [31/Jan/2017:19:06:40 +0800] "HEAD / HTTP/1.1" 200 - "-" "Mozilla/5.0 (compatible; MSIE 7.0; Windows NT 5.1; .NET CLR 1.1.4322) 360JK yunjiankong 1239173"
111.206.241.76 - - [31/Jan/2017:19:12:54 +0800] "HEAD / HTTP/1.1" 200 - "-" "Mozilla/5.0 (compatible; MSIE 7.0; Windows NT 5.1; .NET CLR 1.1.4322) 360JK yunjiankong 1239173"
125.88.222.250 - - [31/Jan/2017:19:16:36 +0800] "HEAD / HTTP/1.1" 200 - "-" "Mozilla/5.0 (compatible; MSIE 7.0; Windows NT 5.1; .NET CLR 1.1.4322) 360JK yunjiankong 1239173"
222.94.133.229 - - [31/Jan/2017:19:19:37 +0800] "GET HTTP://www.baidu.com/ HTTP/1.1" 200 26 "-" "-"
111.206.241.76 - - [31/Jan/2017:19:23:25 +0800] "HEAD / HTTP/1.1" 200 - "-" "Mozilla/5.0 (compatible; MSIE 7.0; Windows NT 5.1; .NET CLR 1.1.4322) 360JK yunjiankong 1239173"
111.206.241.76 - - [31/Jan/2017:19:23:55 +0800] "HEAD / HTTP/1.1" 200 - "-" "Mozilla/5.0 (compatible; MSIE 7.0; Windows NT 5.1; .NET CLR 1.1.4322) 360JK yunjiankong 1239173"
101.226.162.90 - - [31/Jan/2017:19:25:39 +0800] "HEAD / HTTP/1.1" 200 - "-" "Mozilla/5.0 (compatible; MSIE 7.0; Windows NT 5.1; .NET CLR 1.1.4322) 360JK yunjiankong 1239173"
125.88.222.250 - - [31/Jan/2017:19:26:36 +0800] "HEAD / HTTP/1.1" 200 - "-" "Mozilla/5.0 (compatible; MSIE 7.0; Windows NT 5.1; .NET CLR 1.1.4322) 360JK yunjiankong 1239173"
101.226.162.90 - - [31/Jan/2017:19:26:39 +0800] "HEAD / HTTP/1.1" 200 - "-" "Mozilla/5.0 (compatible; MSIE 7.0; Windows NT 5.1; .NET CLR 1.1.4322) 360JK yunjiankong 1239173"
125.88.222.250 - - [31/Jan/2017:19:27:36 +0800] "HEAD / HTTP/1.1" 200 - "-" "Mozilla/5.0 (compatible; MSIE 7.0; Windows NT 5.1; .NET CLR 1.1.4322) 360JK yunjiankong 1239173"
101.226.162.90 - - [31/Jan/2017:19:36:10 +0800] "HEAD / HTTP/1.1" 200 - "-" "Mozilla/5.0 (compatible; MSIE 7.0; Windows NT 5.1; .NET CLR 1.1.4322) 360JK yunjiankong 1239173"
125.88.222.250 - - [31/Jan/2017:19:36:35 +0800] "HEAD / HTTP/1.1" 200 - "-" "Mozilla/5.0 (compatible; MSIE 7.0; Windows NT 5.1; .NET CLR 1.1.4322) 360JK yunjiankong 1239173"
101.226.162.90 - - [31/Jan/2017:19:36:40 +0800] "HEAD / HTTP/1.1" 200 - "-" "Mozilla/5.0 (compatible; MSIE 7.0; Windows NT 5.1; .NET CLR 1.1.4322) 360JK yunjiankong 1239173"
222.94.133.229 - - [31/Jan/2017:19:36:55 +0800] "GET HTTP://www.baidu.com/ HTTP/1.1" 200 26 "-" "-"
111.206.241.76 - - [31/Jan/2017:19:43:24 +0800] "HEAD / HTTP/1.1" 200 - "-" "Mozilla/5.0 (compatible; MSIE 7.0; Windows NT 5.1; .NET CLR 1.1.4322) 360JK yunjiankong 1239173"
111.206.241.76 - - [31/Jan/2017:19:43:54 +0800] "HEAD / HTTP/1.1" 200 - "-" "Mozilla/5.0 (compatible; MSIE 7.0; Windows NT 5.1; .NET CLR 1.1.4322) 360JK yunjiankong 1239173"
125.88.222.250 - - [31/Jan/2017:19:47:35 +0800] "HEAD / HTTP/1.1" 200 - "-" "Mozilla/5.0 (compatible; MSIE 7.0; Windows NT 5.1; .NET CLR 1.1.4322) 360JK yunjiankong 1239173"
1.162.169.9 - - [31/Jan/2017:19:51:50 +0800] "CONNECT mx-tw.mail.gm0.yahoodns.net:25 HTTP/1.0" 405 235 "-" "-"
1.162.169.9 - - [31/Jan/2017:19:52:48 +0800] "CONNECT mx-tw.mail.gm0.yahoodns.net:25 HTTP/1.0" 405 235 "-" "-"
111.206.241.76 - - [31/Jan/2017:19:52:55 +0800] "HEAD / HTTP/1.1" 200 - "-" "Mozilla/5.0 (compatible; MSIE 7.0; Windows NT 5.1; .NET CLR 1.1.4322) 360JK yunjiankong 1239173"
222.94.133.229 - - [31/Jan/2017:19:54:15 +0800] "GET HTTP://www.baidu.com/ HTTP/1.1" 200 26 "-" "-"
101.226.162.90 - - [31/Jan/2017:19:55:39 +0800] "HEAD / HTTP/1.1" 200 - "-" "Mozilla/5.0 (compatible; MSIE 7.0; Windows NT 5.1; .NET CLR 1.1.4322) 360JK yunjiankong 1239173"
101.226.162.90 - - [31/Jan/2017:19:56:10 +0800] "HEAD / HTTP/1.1" 200 - "-" "Mozilla/5.0 (compatible; MSIE 7.0; Windows NT 5.1; .NET CLR 1.1.4322) 360JK yunjiankong 1239173"
125.88.222.250 - - [31/Jan/2017:19:57:36 +0800] "HEAD / HTTP/1.1" 200 - "-" "Mozilla/5.0 (compatible; MSIE 7.0; Windows NT 5.1; .NET CLR 1.1.4322) 360JK yunjiankong 1239173"
111.206.241.76 - - [31/Jan/2017:20:02:55 +0800] "HEAD / HTTP/1.1" 200 - "-" "Mozilla/5.0 (compatible; MSIE 7.0; Windows NT 5.1; .NET CLR 1.1.4322) 360JK yunjiankong 1239173"
101.226.162.90 - - [31/Jan/2017:20:05:40 +0800] "HEAD / HTTP/1.1" 200 - "-" "Mozilla/5.0 (compatible; MSIE 7.0; Windows NT 5.1; .NET CLR 1.1.4322) 360JK yunjiankong 1239173"
125.88.222.250 - - [31/Jan/2017:20:07:08 +0800] "HEAD / HTTP/1.1" 200 - "-" "Mozilla/5.0 (compatible; MSIE 7.0; Windows NT 5.1; .NET CLR 1.1.4322) 360JK yunjiankong 1239173"
125.88.222.250 - - [31/Jan/2017:20:07:38 +0800] "HEAD / HTTP/1.1" 200 - "-" "Mozilla/5.0 (compatible; MSIE 7.0; Windows NT 5.1; .NET CLR 1.1.4322) 360JK yunjiankong 1239173"
222.94.133.229 - - [31/Jan/2017:20:11:37 +0800] "GET HTTP://www.baidu.com/ HTTP/1.1" 200 26 "-" "-"
111.206.241.76 - - [31/Jan/2017:20:13:25 +0800] "HEAD / HTTP/1.1" 200 - "-" "Mozilla/5.0 (compatible; MSIE 7.0; Windows NT 5.1; .NET CLR 1.1.4322) 360JK yunjiankong 1239173"
101.226.162.90 - - [31/Jan/2017:20:15:39 +0800] "HEAD / HTTP/1.1" 200 - "-" "Mozilla/5.0 (compatible; MSIE 7.0; Windows NT 5.1; .NET CLR 1.1.4322) 360JK yunjiankong 1239173"
101.226.162.90 - - [31/Jan/2017:20:16:09 +0800] "HEAD / HTTP/1.1" 200 - "-" "Mozilla/5.0 (compatible; MSIE 7.0; Windows NT 5.1; .NET CLR 1.1.4322) 360JK yunjiankong 1239173"
125.88.222.250 - - [31/Jan/2017:20:16:35 +0800] "HEAD / HTTP/1.1" 200 - "-" "Mozilla/5.0 (compatible; MSIE 7.0; Windows NT 5.1; .NET CLR 1.1.4322) 360JK yunjiankong 1239173"
1.162.169.9 - - [31/Jan/2017:20:18:13 +0800] "CONNECT mx-tw.mail.gm0.yahoodns.net:25 HTTP/1.0" 405 235 "-" "-"
113.76.102.135 - - [31/Jan/2017:20:21:42 +0800] "GET http://www.baidu.com/s?wd=5118 HTTP/1.1" 404 199 "-" "Mozilla/4.0 (compatible; MSIE 7.0; Windows NT 5.1; TencentTraveler ; EmbeddedWB 14.52 from: http://www.bsalsa.com/ EmbeddedWB 14.52; .NET CLR 2.0.50727; InfoPath.2; .NET CLR 3.0.04506.30; .NET CLR 3.0.04506.590; .NET CLR 3.0.04506.648; .NET CLR 3.5.21022)"
111.206.241.76 - - [31/Jan/2017:20:22:54 +0800] "HEAD / HTTP/1.1" 200 - "-" "Mozilla/5.0 (compatible; MSIE 7.0; Windows NT 5.1; .NET CLR 1.1.4322) 360JK yunjiankong 1239173"
103.242.202.196 - - [31/Jan/2017:20:25:00 +0800] "HEAD http://tdjypx.cn/ HTTP/1.1" 200 - "-" "Java/1.7.0_91"
101.226.162.90 - - [31/Jan/2017:20:25:40 +0800] "HEAD / HTTP/1.1" 200 - "-" "Mozilla/5.0 (compatible; MSIE 7.0; Windows NT 5.1; .NET CLR 1.1.4322) 360JK yunjiankong 1239173"
101.226.162.90 - - [31/Jan/2017:20:26:10 +0800] "HEAD / HTTP/1.1" 200 - "-" "Mozilla/5.0 (compatible; MSIE 7.0; Windows NT 5.1; .NET CLR 1.1.4322) 360JK yunjiankong 1239173"
101.226.162.90 - - [31/Jan/2017:20:26:40 +0800] "HEAD / HTTP/1.1" 200 - "-" "Mozilla/5.0 (compatible; MSIE 7.0; Windows NT 5.1; .NET CLR 1.1.4322) 360JK yunjiankong 1239173"
125.88.222.250 - - [31/Jan/2017:20:27:07 +0800] "HEAD / HTTP/1.1" 200 - "-" "Mozilla/5.0 (compatible; MSIE 7.0; Windows NT 5.1; .NET CLR 1.1.4322) 360JK yunjiankong 1239173"
222.94.133.229 - - [31/Jan/2017:20:29:24 +0800] "GET HTTP://www.baidu.com/ HTTP/1.1" 200 26 "-" "-"
101.226.162.90 - - [31/Jan/2017:20:35:40 +0800] "HEAD / HTTP/1.1" 200 - "-" "Mozilla/5.0 (compatible; MSIE 7.0; Windows NT 5.1; .NET CLR 1.1.4322) 360JK yunjiankong 1239173"
125.88.222.250 - - [31/Jan/2017:20:36:37 +0800] "HEAD / HTTP/1.1" 200 - "-" "Mozilla/5.0 (compatible; MSIE 7.0; Windows NT 5.1; .NET CLR 1.1.4322) 360JK yunjiankong 1239173"
125.88.222.250 - - [31/Jan/2017:20:37:07 +0800] "HEAD / HTTP/1.1" 200 - "-" "Mozilla/5.0 (compatible; MSIE 7.0; Windows NT 5.1; .NET CLR 1.1.4322) 360JK yunjiankong 1239173"
111.20.248.74 - - [31/Jan/2017:20:44:20 +0800] "HEAD http://tdjypx.cn/ HTTP/1.1" 200 - "-" "Java/1.7.0_91"
1.162.169.9 - - [31/Jan/2017:20:46:25 +0800] "CONNECT mx-tw.mail.gm0.yahoodns.net:25 HTTP/1.0" 405 235 "-" "-"
125.88.222.250 - - [31/Jan/2017:20:46:37 +0800] "HEAD / HTTP/1.1" 200 - "-" "Mozilla/5.0 (compatible; MSIE 7.0; Windows NT 5.1; .NET CLR 1.1.4322) 360JK yunjiankong 1239173"
101.226.162.90 - - [31/Jan/2017:20:46:41 +0800] "HEAD / HTTP/1.1" 200 - "-" "Mozilla/5.0 (compatible; MSIE 7.0; Windows NT 5.1; .NET CLR 1.1.4322) 360JK yunjiankong 1239173"
5.178.86.74 - - [31/Jan/2017:20:50:21 +0800] "CONNECT check.best-proxies.ru:80 HTTP/1.1" 400 226 "-" "-"
111.206.241.76 - - [31/Jan/2017:20:52:54 +0800] "HEAD / HTTP/1.1" 200 - "-" "Mozilla/5.0 (compatible; MSIE 7.0; Windows NT 5.1; .NET CLR 1.1.4322) 360JK yunjiankong 1239173"
101.226.162.90 - - [31/Jan/2017:20:55:39 +0800] "HEAD / HTTP/1.1" 200 - "-" "Mozilla/5.0 (compatible; MSIE 7.0; Windows NT 5.1; .NET CLR 1.1.4322) 360JK yunjiankong 1239173"
125.88.222.250 - - [31/Jan/2017:20:56:36 +0800] "HEAD / HTTP/1.1" 200 - "-" "Mozilla/5.0 (compatible; MSIE 7.0; Windows NT 5.1; .NET CLR 1.1.4322) 360JK yunjiankong 1239173"
101.226.162.90 - - [31/Jan/2017:21:06:09 +0800] "HEAD / HTTP/1.1" 200 - "-" "Mozilla/5.0 (compatible; MSIE 7.0; Windows NT 5.1; .NET CLR 1.1.4322) 360JK yunjiankong 1239173"
101.226.162.90 - - [31/Jan/2017:21:06:39 +0800] "HEAD / HTTP/1.1" 200 - "-" "Mozilla/5.0 (compatible; MSIE 7.0; Windows NT 5.1; .NET CLR 1.1.4322) 360JK yunjiankong 1239173"
1.162.169.9 - - [31/Jan/2017:21:11:52 +0800] "CONNECT mx-tw.mail.gm0.yahoodns.net:25 HTTP/1.0" 405 235 "-" "-"
1.162.169.9 - - [31/Jan/2017:21:12:45 +0800] "CONNECT mx-tw.mail.gm0.yahoodns.net:25 HTTP/1.0" 405 235 "-" "-"
