111.206.241.76 - - [02/Feb/2017:09:06:19 +0800] "HEAD / HTTP/1.1" 200 - "-" "Mozilla/5.0 (compatible; MSIE 7.0; Windows NT 5.1; .NET CLR 1.1.4322) 360JK yunjiankong 1239173"
125.88.222.250 - - [02/Feb/2017:09:06:21 +0800] "HEAD / HTTP/1.1" 200 - "-" "Mozilla/5.0 (compatible; MSIE 7.0; Windows NT 5.1; .NET CLR 1.1.4322) 360JK yunjiankong 1239173"
111.206.241.76 - - [02/Feb/2017:09:06:49 +0800] "HEAD / HTTP/1.1" 200 - "-" "Mozilla/5.0 (compatible; MSIE 7.0; Windows NT 5.1; .NET CLR 1.1.4322) 360JK yunjiankong 1239173"
125.88.222.250 - - [02/Feb/2017:09:06:51 +0800] "HEAD / HTTP/1.1" 200 - "-" "Mozilla/5.0 (compatible; MSIE 7.0; Windows NT 5.1; .NET CLR 1.1.4322) 360JK yunjiankong 1239173"
125.88.222.250 - - [02/Feb/2017:09:07:21 +0800] "HEAD / HTTP/1.1" 200 - "-" "Mozilla/5.0 (compatible; MSIE 7.0; Windows NT 5.1; .NET CLR 1.1.4322) 360JK yunjiankong 1239173"
101.226.162.90 - - [02/Feb/2017:09:11:03 +0800] "HEAD / HTTP/1.1" 200 - "-" "Mozilla/5.0 (compatible; MSIE 7.0; Windows NT 5.1; .NET CLR 1.1.4322) 360JK yunjiankong 1239173"
125.88.222.250 - - [02/Feb/2017:09:16:21 +0800] "HEAD / HTTP/1.1" 200 - "-" "Mozilla/5.0 (compatible; MSIE 7.0; Windows NT 5.1; .NET CLR 1.1.4322) 360JK yunjiankong 1239173"
125.88.222.250 - - [02/Feb/2017:09:16:51 +0800] "HEAD / HTTP/1.1" 200 - "-" "Mozilla/5.0 (compatible; MSIE 7.0; Windows NT 5.1; .NET CLR 1.1.4322) 360JK yunjiankong 1239173"
101.226.162.90 - - [02/Feb/2017:09:20:33 +0800] "HEAD / HTTP/1.1" 200 - "-" "Mozilla/5.0 (compatible; MSIE 7.0; Windows NT 5.1; .NET CLR 1.1.4322) 360JK yunjiankong 1239173"
125.88.222.250 - - [02/Feb/2017:09:26:21 +0800] "HEAD / HTTP/1.1" 200 - "-" "Mozilla/5.0 (compatible; MSIE 7.0; Windows NT 5.1; .NET CLR 1.1.4322) 360JK yunjiankong 1239173"
111.206.241.76 - - [02/Feb/2017:09:27:20 +0800] "HEAD / HTTP/1.1" 200 - "-" "Mozilla/5.0 (compatible; MSIE 7.0; Windows NT 5.1; .NET CLR 1.1.4322) 360JK yunjiankong 1239173"
125.88.222.250 - - [02/Feb/2017:09:27:21 +0800] "HEAD / HTTP/1.1" 200 - "-" "Mozilla/5.0 (compatible; MSIE 7.0; Windows NT 5.1; .NET CLR 1.1.4322) 360JK yunjiankong 1239173"
101.226.162.90 - - [02/Feb/2017:09:31:03 +0800] "HEAD / HTTP/1.1" 200 - "-" "Mozilla/5.0 (compatible; MSIE 7.0; Windows NT 5.1; .NET CLR 1.1.4322) 360JK yunjiankong 1239173"
101.226.162.90 - - [02/Feb/2017:09:31:42 +0800] "HEAD / HTTP/1.1" 200 - "-" "Mozilla/5.0 (compatible; MSIE 7.0; Windows NT 5.1; .NET CLR 1.1.4322) 360JK yunjiankong 1239173"
125.88.222.250 - - [02/Feb/2017:09:36:21 +0800] "HEAD / HTTP/1.1" 200 - "-" "Mozilla/5.0 (compatible; MSIE 7.0; Windows NT 5.1; .NET CLR 1.1.4322) 360JK yunjiankong 1239173"
111.206.241.76 - - [02/Feb/2017:09:37:18 +0800] "HEAD / HTTP/1.1" 200 - "-" "Mozilla/5.0 (compatible; MSIE 7.0; Windows NT 5.1; .NET CLR 1.1.4322) 360JK yunjiankong 1239173"
218.85.134.47 - - [02/Feb/2017:09:40:40 +0800] "HEAD http://wolfteam.lol/ HTTP/1.1" 200 - "-" "Java/1.7.0_111"
101.226.162.90 - - [02/Feb/2017:09:41:04 +0800] "HEAD / HTTP/1.1" 200 - "-" "Mozilla/5.0 (compatible; MSIE 7.0; Windows NT 5.1; .NET CLR 1.1.4322) 360JK yunjiankong 1239173"
111.206.241.76 - - [02/Feb/2017:09:47:19 +0800] "HEAD / HTTP/1.1" 200 - "-" "Mozilla/5.0 (compatible; MSIE 7.0; Windows NT 5.1; .NET CLR 1.1.4322) 360JK yunjiankong 1239173"
101.226.162.90 - - [02/Feb/2017:09:50:35 +0800] "HEAD / HTTP/1.1" 200 - "-" "Mozilla/5.0 (compatible; MSIE 7.0; Windows NT 5.1; .NET CLR 1.1.4322) 360JK yunjiankong 1239173"
1.162.169.9 - - [02/Feb/2017:09:56:01 +0800] "CONNECT mx-tw.mail.gm0.yahoodns.net:25 HTTP/1.0" 405 235 "-" "-"
101.226.162.90 - - [02/Feb/2017:10:01:04 +0800] "HEAD / HTTP/1.1" 200 - "-" "Mozilla/5.0 (compatible; MSIE 7.0; Windows NT 5.1; .NET CLR 1.1.4322) 360JK yunjiankong 1239173"
125.88.222.250 - - [02/Feb/2017:10:06:21 +0800] "HEAD / HTTP/1.1" 200 - "-" "Mozilla/5.0 (compatible; MSIE 7.0; Windows NT 5.1; .NET CLR 1.1.4322) 360JK yunjiankong 1239173"
111.206.241.76 - - [02/Feb/2017:10:06:50 +0800] "HEAD / HTTP/1.1" 200 - "-" "Mozilla/5.0 (compatible; MSIE 7.0; Windows NT 5.1; .NET CLR 1.1.4322) 360JK yunjiankong 1239173"
125.88.222.250 - - [02/Feb/2017:10:06:51 +0800] "HEAD / HTTP/1.1" 200 - "-" "Mozilla/5.0 (compatible; MSIE 7.0; Windows NT 5.1; .NET CLR 1.1.4322) 360JK yunjiankong 1239173"
111.206.241.76 - - [02/Feb/2017:10:07:20 +0800] "HEAD / HTTP/1.1" 200 - "-" "Mozilla/5.0 (compatible; MSIE 7.0; Windows NT 5.1; .NET CLR 1.1.4322) 360JK yunjiankong 1239173"
125.88.222.250 - - [02/Feb/2017:10:07:21 +0800] "HEAD / HTTP/1.1" 200 - "-" "Mozilla/5.0 (compatible; MSIE 7.0; Windows NT 5.1; .NET CLR 1.1.4322) 360JK yunjiankong 1239173"
111.206.241.76 - - [02/Feb/2017:10:16:50 +0800] "HEAD / HTTP/1.1" 200 - "-" "Mozilla/5.0 (compatible; MSIE 7.0; Windows NT 5.1; .NET CLR 1.1.4322) 360JK yunjiankong 1239173"
111.206.241.76 - - [02/Feb/2017:10:17:20 +0800] "HEAD / HTTP/1.1" 200 - "-" "Mozilla/5.0 (compatible; MSIE 7.0; Windows NT 5.1; .NET CLR 1.1.4322) 360JK yunjiankong 1239173"
101.226.162.90 - - [02/Feb/2017:10:22:22 +0800] "HEAD / HTTP/1.1" 200 - "-" "Mozilla/5.0 (compatible; MSIE 7.0; Windows NT 5.1; .NET CLR 1.1.4322) 360JK yunjiankong 1239173"
111.206.241.76 - - [02/Feb/2017:10:26:49 +0800] "HEAD / HTTP/1.1" 200 - "-" "Mozilla/5.0 (compatible; MSIE 7.0; Windows NT 5.1; .NET CLR 1.1.4322) 360JK yunjiankong 1239173"
125.88.222.250 - - [02/Feb/2017:10:26:51 +0800] "HEAD / HTTP/1.1" 200 - "-" "Mozilla/5.0 (compatible; MSIE 7.0; Windows NT 5.1; .NET CLR 1.1.4322) 360JK yunjiankong 1239173"
101.226.162.90 - - [02/Feb/2017:10:30:34 +0800] "HEAD / HTTP/1.1" 200 - "-" "Mozilla/5.0 (compatible; MSIE 7.0; Windows NT 5.1; .NET CLR 1.1.4322) 360JK yunjiankong 1239173"
101.226.162.90 - - [02/Feb/2017:10:32:08 +0800] "HEAD / HTTP/1.1" 200 - "-" "Mozilla/5.0 (compatible; MSIE 7.0; Windows NT 5.1; .NET CLR 1.1.4322) 360JK yunjiankong 1239173"
101.226.162.90 - - [02/Feb/2017:10:40:35 +0800] "HEAD / HTTP/1.1" 200 - "-" "Mozilla/5.0 (compatible; MSIE 7.0; Windows NT 5.1; .NET CLR 1.1.4322) 360JK yunjiankong 1239173"
101.226.162.90 - - [02/Feb/2017:10:41:09 +0800] "HEAD / HTTP/1.1" 200 - "-" "Mozilla/5.0 (compatible; MSIE 7.0; Windows NT 5.1; .NET CLR 1.1.4322) 360JK yunjiankong 1239173"
111.206.241.76 - - [02/Feb/2017:10:46:18 +0800] "HEAD / HTTP/1.1" 200 - "-" "Mozilla/5.0 (compatible; MSIE 7.0; Windows NT 5.1; .NET CLR 1.1.4322) 360JK yunjiankong 1239173"
125.88.222.250 - - [02/Feb/2017:10:46:21 +0800] "HEAD / HTTP/1.1" 200 - "-" "Mozilla/5.0 (compatible; MSIE 7.0; Windows NT 5.1; .NET CLR 1.1.4322) 360JK yunjiankong 1239173"
125.88.222.250 - - [02/Feb/2017:10:46:52 +0800] "HEAD / HTTP/1.1" 200 - "-" "Mozilla/5.0 (compatible; MSIE 7.0; Windows NT 5.1; .NET CLR 1.1.4322) 360JK yunjiankong 1239173"
101.226.162.90 - - [02/Feb/2017:10:52:05 +0800] "HEAD / HTTP/1.1" 200 - "-" "Mozilla/5.0 (compatible; MSIE 7.0; Windows NT 5.1; .NET CLR 1.1.4322) 360JK yunjiankong 1239173"
125.88.222.250 - - [02/Feb/2017:10:56:21 +0800] "HEAD / HTTP/1.1" 200 - "-" "Mozilla/5.0 (compatible; MSIE 7.0; Windows NT 5.1; .NET CLR 1.1.4322) 360JK yunjiankong 1239173"
111.206.241.76 - - [02/Feb/2017:10:56:49 +0800] "HEAD / HTTP/1.1" 200 - "-" "Mozilla/5.0 (compatible; MSIE 7.0; Windows NT 5.1; .NET CLR 1.1.4322) 360JK yunjiankong 1239173"
111.206.241.76 - - [02/Feb/2017:10:57:19 +0800] "HEAD / HTTP/1.1" 200 - "-" "Mozilla/5.0 (compatible; MSIE 7.0; Windows NT 5.1; .NET CLR 1.1.4322) 360JK yunjiankong 1239173"
140.205.225.184 - - [02/Feb/2017:11:00:21 +0800] "POST /lhpwyjzoexkc HTTP/1.1" 404 210 "-" "Mozilla/4.0 (compatible; MSIE 6.0; Windows NT 5.1;Alibaba.Security.Heimdall.5448812.elasticsearch_unauthorized)"
140.205.225.184 - - [02/Feb/2017:11:00:21 +0800] "GET /lhpwyjzoexkc HTTP/1.1" 404 210 "-" "Mozilla/4.0 (compatible; MSIE 6.0; Windows NT 5.1;Alibaba.Security.Heimdall.5448812.elasticsearch_unauthorized)"
140.205.225.184 - - [02/Feb/2017:11:00:21 +0800] "DELETE /lhpwyjzoexkc HTTP/1.1" 405 236 "-" "Mozilla/4.0 (compatible; MSIE 6.0; Windows NT 5.1;Alibaba.Security.Heimdall.5448812.elasticsearch_unauthorized)"
140.205.225.184 - - [02/Feb/2017:11:00:21 +0800] "GET /about/ HTTP/1.1" 404 204 "http://123.56.134.173/" "Mozilla/4.0 (compatible; MSIE 6.0; Windows NT 5.1;Alibaba.Security.Heimdall.5448812)"
101.226.162.90 - - [02/Feb/2017:11:01:34 +0800] "HEAD / HTTP/1.1" 200 - "-" "Mozilla/5.0 (compatible; MSIE 7.0; Windows NT 5.1; .NET CLR 1.1.4322) 360JK yunjiankong 1239173"
101.226.162.90 - - [02/Feb/2017:11:02:04 +0800] "HEAD / HTTP/1.1" 200 - "-" "Mozilla/5.0 (compatible; MSIE 7.0; Windows NT 5.1; .NET CLR 1.1.4322) 360JK yunjiankong 1239173"
140.205.225.184 - - [02/Feb/2017:11:05:31 +0800] "GET /clusters.jsf HTTP/1.1" 404 210 "http://123.56.134.173/" "Mozilla/4.0 (compatible; MSIE 6.0; Windows NT 5.1;Alibaba.Security.Heimdall.5448812)"
111.206.241.76 - - [02/Feb/2017:11:06:49 +0800] "HEAD / HTTP/1.1" 200 - "-" "Mozilla/5.0 (compatible; MSIE 7.0; Windows NT 5.1; .NET CLR 1.1.4322) 360JK yunjiankong 1239173"
125.88.222.250 - - [02/Feb/2017:11:07:21 +0800] "HEAD / HTTP/1.1" 200 - "-" "Mozilla/5.0 (compatible; MSIE 7.0; Windows NT 5.1; .NET CLR 1.1.4322) 360JK yunjiankong 1239173"
140.205.225.184 - - [02/Feb/2017:11:12:30 +0800] "GET / HTTP/1.1" 200 26 "http://123.56.134.173/" "Mozilla/4.0 (compatible; MSIE 6.0; Windows NT 5.1;Alibaba.Security.Heimdall.5448812)"
140.205.225.184 - - [02/Feb/2017:11:15:00 +0800] "GET /hwi/ HTTP/1.1" 404 202 "http://123.56.134.173/" "Mozilla/4.0 (compatible; MSIE 6.0; Windows NT 5.1;Alibaba.Security.Heimdall.5448812)"
125.88.222.250 - - [02/Feb/2017:11:16:51 +0800] "HEAD / HTTP/1.1" 200 - "-" "Mozilla/5.0 (compatible; MSIE 7.0; Windows NT 5.1; .NET CLR 1.1.4322) 360JK yunjiankong 1239173"
111.206.241.76 - - [02/Feb/2017:11:17:18 +0800] "HEAD / HTTP/1.1" 200 - "-" "Mozilla/5.0 (compatible; MSIE 7.0; Windows NT 5.1; .NET CLR 1.1.4322) 360JK yunjiankong 1239173"
125.88.222.250 - - [02/Feb/2017:11:20:25 +0800] "HEAD / HTTP/1.1" 200 - "-" "Mozilla/5.0 (compatible; MSIE 7.0; Windows NT 5.1; .NET CLR 1.1.4322) 360JK yunjiankong 1239173"
101.226.162.90 - - [02/Feb/2017:11:21:35 +0800] "HEAD / HTTP/1.1" 200 - "-" "Mozilla/5.0 (compatible; MSIE 7.0; Windows NT 5.1; .NET CLR 1.1.4322) 360JK yunjiankong 1239173"
140.205.225.184 - - [02/Feb/2017:11:24:56 +0800] "GET / HTTP/1.1" 200 26 "http://123.56.134.173/" "Mozilla/4.0 (compatible; MSIE 6.0; Windows NT 5.1;Alibaba.Security.Heimdall.5448812)"
111.206.52.124 - - [02/Feb/2017:11:27:02 +0800] "GET / HTTP/1.1" 200 26 "-" "Mozilla/5.0 (Windows NT 6.3; WOW64) AppleWebKit/537.36 (KHTML, like Gecko) Chrome/33.0.1750.117 Safari/537.36"
125.88.222.250 - - [02/Feb/2017:11:29:58 +0800] "HEAD / HTTP/1.1" 200 - "-" "Mozilla/5.0 (compatible; MSIE 7.0; Windows NT 5.1; .NET CLR 1.1.4322) 360JK yunjiankong 1239173"
125.88.222.250 - - [02/Feb/2017:11:30:28 +0800] "HEAD / HTTP/1.1" 200 - "-" "Mozilla/5.0 (compatible; MSIE 7.0; Windows NT 5.1; .NET CLR 1.1.4322) 360JK yunjiankong 1239173"
1.162.169.9 - - [02/Feb/2017:11:34:57 +0800] "CONNECT mx-tw.mail.gm0.yahoodns.net:25 HTTP/1.0" 405 235 "-" "-"
36.110.211.66 - - [02/Feb/2017:11:35:11 +0800] "GET / HTTP/1.1" 200 26 "-" "Mozilla/5.0 (Windows NT 6.3; WOW64) AppleWebKit/537.36 (KHTML, like Gecko) Chrome/33.0.1750.117 Safari/537.36"
1.162.169.9 - - [02/Feb/2017:11:35:27 +0800] "CONNECT mx-tw.mail.gm0.yahoodns.net:25 HTTP/1.0" 405 235 "-" "-"
101.226.162.90 - - [02/Feb/2017:11:38:53 +0800] "HEAD / HTTP/1.1" 200 - "-" "Mozilla/5.0 (compatible; MSIE 7.0; Windows NT 5.1; .NET CLR 1.1.4322) 360JK yunjiankong 1239173"
125.88.222.250 - - [02/Feb/2017:11:39:56 +0800] "HEAD / HTTP/1.1" 200 - "-" "Mozilla/5.0 (compatible; MSIE 7.0; Windows NT 5.1; .NET CLR 1.1.4322) 360JK yunjiankong 1239173"
140.205.225.184 - - [02/Feb/2017:11:40:34 +0800] "GET / HTTP/1.1" 200 26 "http://123.56.134.173/" "Mozilla/4.0 (compatible; MSIE 6.0; Windows NT 5.1;Alibaba.Security.Heimdall.5448812)"
125.88.222.250 - - [02/Feb/2017:11:40:57 +0800] "HEAD / HTTP/1.1" 200 - "-" "Mozilla/5.0 (compatible; MSIE 7.0; Windows NT 5.1; .NET CLR 1.1.4322) 360JK yunjiankong 1239173"
111.206.241.76 - - [02/Feb/2017:11:46:16 +0800] "HEAD / HTTP/1.1" 200 - "-" "Mozilla/5.0 (compatible; MSIE 7.0; Windows NT 5.1; .NET CLR 1.1.4322) 360JK yunjiankong 1239173"
111.206.241.76 - - [02/Feb/2017:11:47:17 +0800] "HEAD / HTTP/1.1" 200 - "-" "Mozilla/5.0 (compatible; MSIE 7.0; Windows NT 5.1; .NET CLR 1.1.4322) 360JK yunjiankong 1239173"
101.226.162.90 - - [02/Feb/2017:11:48:05 +0800] "HEAD / HTTP/1.1" 200 - "-" "Mozilla/5.0 (compatible; MSIE 7.0; Windows NT 5.1; .NET CLR 1.1.4322) 360JK yunjiankong 1239173"
125.88.222.250 - - [02/Feb/2017:11:49:56 +0800] "HEAD / HTTP/1.1" 200 - "-" "Mozilla/5.0 (compatible; MSIE 7.0; Windows NT 5.1; .NET CLR 1.1.4322) 360JK yunjiankong 1239173"
140.205.225.184 - - [02/Feb/2017:11:55:01 +0800] "GET / HTTP/1.1" 200 26 "http://123.56.134.173/" "Mozilla/4.0 (compatible; MSIE 6.0; Windows NT 5.1;Alibaba.Security.Heimdall.5448812)"
125.88.222.250 - - [02/Feb/2017:11:59:58 +0800] "HEAD / HTTP/1.1" 200 - "-" "Mozilla/5.0 (compatible; MSIE 7.0; Windows NT 5.1; .NET CLR 1.1.4322) 360JK yunjiankong 1239173"
125.88.222.250 - - [02/Feb/2017:12:00:28 +0800] "HEAD / HTTP/1.1" 200 - "-" "Mozilla/5.0 (compatible; MSIE 7.0; Windows NT 5.1; .NET CLR 1.1.4322) 360JK yunjiankong 1239173"
140.205.225.184 - - [02/Feb/2017:12:02:52 +0800] "GET /jobs/ HTTP/1.1" 404 203 "http://123.56.134.173/" "Mozilla/4.0 (compatible; MSIE 6.0; Windows NT 5.1;Alibaba.Security.Heimdall.5448812)"
111.206.241.76 - - [02/Feb/2017:12:06:47 +0800] "HEAD / HTTP/1.1" 200 - "-" "Mozilla/5.0 (compatible; MSIE 7.0; Windows NT 5.1; .NET CLR 1.1.4322) 360JK yunjiankong 1239173"
140.205.225.184 - - [02/Feb/2017:12:08:07 +0800] "GET /ganglia/index.php HTTP/1.1" 404 215 "http://123.56.134.173/" "Mozilla/4.0 (compatible; MSIE 6.0; Windows NT 5.1;Alibaba.Security.Heimdall.5448812)"
125.88.222.250 - - [02/Feb/2017:12:09:56 +0800] "HEAD / HTTP/1.1" 200 - "-" "Mozilla/5.0 (compatible; MSIE 7.0; Windows NT 5.1; .NET CLR 1.1.4322) 360JK yunjiankong 1239173"
140.205.225.184 - - [02/Feb/2017:12:10:45 +0800] "GET /index.php HTTP/1.1" 404 207 "http://123.56.134.173/" "Mozilla/4.0 (compatible; MSIE 6.0; Windows NT 5.1;Alibaba.Security.Heimdall.5448812)"
140.205.225.184 - - [02/Feb/2017:12:13:56 +0800] "GET /rs-status HTTP/1.1" 404 207 "http://123.56.134.173/" "Mozilla/4.0 (compatible; MSIE 6.0; Windows NT 5.1;Alibaba.Security.Heimdall.5448812)"
140.205.225.184 - - [02/Feb/2017:12:14:33 +0800] "GET /master-status HTTP/1.1" 404 211 "http://123.56.134.173/" "Mozilla/4.0 (compatible; MSIE 6.0; Windows NT 5.1;Alibaba.Security.Heimdall.5448812)"
1.162.169.9 - - [02/Feb/2017:12:14:33 +0800] "CONNECT mx-tw.mail.gm0.yahoodns.net:25 HTTP/1.0" 405 235 "-" "-"
140.205.225.184 - - [02/Feb/2017:12:14:36 +0800] "GET /warning HTTP/1.1" 404 205 "http://123.56.134.173/" "Mozilla/4.0 (compatible; MSIE 6.0; Windows NT 5.1;Alibaba.Security.Heimdall.5448812)"
140.205.225.184 - - [02/Feb/2017:12:14:37 +0800] "GET /pleasereadthis HTTP/1.1" 404 212 "http://123.56.134.173/" "Mozilla/4.0 (compatible; MSIE 6.0; Windows NT 5.1;Alibaba.Security.Heimdall.5448812)"
140.205.225.184 - - [02/Feb/2017:12:14:40 +0800] "GET /please_read/_search HTTP/1.1" 404 217 "http://123.56.134.173/" "Mozilla/4.0 (compatible; MSIE 6.0; Windows NT 5.1;Alibaba.Security.Heimdall.5448812)"
140.205.225.184 - - [02/Feb/2017:12:14:42 +0800] "GET /dfshealth.jsp HTTP/1.1" 404 211 "http://123.56.134.173/" "Mozilla/4.0 (compatible; MSIE 6.0; Windows NT 5.1;Alibaba.Security.Heimdall.5448812)"
140.205.225.184 - - [02/Feb/2017:12:14:44 +0800] "GET /hadoop/dfshealth.jsp HTTP/1.1" 404 218 "http://123.56.134.173/" "Mozilla/4.0 (compatible; MSIE 6.0; Windows NT 5.1;Alibaba.Security.Heimdall.5448812)"
140.205.225.184 - - [02/Feb/2017:12:14:46 +0800] "GET /solr/ HTTP/1.1" 404 203 "http://123.56.134.173/" "Mozilla/4.0 (compatible; MSIE 6.0; Windows NT 5.1;Alibaba.Security.Heimdall.5448812)"
140.205.225.184 - - [02/Feb/2017:12:14:48 +0800] "GET / HTTP/1.1" 200 26 "http://123.56.134.173/" "Mozilla/4.0 (compatible; MSIE 6.0; Windows NT 5.1;Alibaba.Security.Heimdall.5448812)"
1.162.169.9 - - [02/Feb/2017:12:14:53 +0800] "CONNECT mx-tw.mail.gm0.yahoodns.net:25 HTTP/1.0" 405 235 "-" "-"
140.205.225.184 - - [02/Feb/2017:12:14:57 +0800] "GET /info HTTP/1.1" 404 202 "http://123.56.134.173/" "Mozilla/4.0 (compatible; MSIE 6.0; Windows NT 5.1;Alibaba.Security.Heimdall.5448812)"
111.206.241.76 - - [02/Feb/2017:12:16:17 +0800] "HEAD / HTTP/1.1" 200 - "-" "Mozilla/5.0 (compatible; MSIE 7.0; Windows NT 5.1; .NET CLR 1.1.4322) 360JK yunjiankong 1239173"
111.206.241.76 - - [02/Feb/2017:12:16:47 +0800] "HEAD / HTTP/1.1" 200 - "-" "Mozilla/5.0 (compatible; MSIE 7.0; Windows NT 5.1; .NET CLR 1.1.4322) 360JK yunjiankong 1239173"
111.206.241.76 - - [02/Feb/2017:12:17:17 +0800] "HEAD / HTTP/1.1" 200 - "-" "Mozilla/5.0 (compatible; MSIE 7.0; Windows NT 5.1; .NET CLR 1.1.4322) 360JK yunjiankong 1239173"
101.226.162.90 - - [02/Feb/2017:12:18:04 +0800] "HEAD / HTTP/1.1" 200 - "-" "Mozilla/5.0 (compatible; MSIE 7.0; Windows NT 5.1; .NET CLR 1.1.4322) 360JK yunjiankong 1239173"
140.205.225.184 - - [02/Feb/2017:12:19:53 +0800] "GET /dfshealth.html HTTP/1.1" 404 212 "http://123.56.134.173/" "Mozilla/4.0 (compatible; MSIE 6.0; Windows NT 5.1;Alibaba.Security.Heimdall.5448812)"
125.88.222.250 - - [02/Feb/2017:12:20:29 +0800] "HEAD / HTTP/1.1" 200 - "-" "Mozilla/5.0 (compatible; MSIE 7.0; Windows NT 5.1; .NET CLR 1.1.4322) 360JK yunjiankong 1239173"
140.205.225.184 - - [02/Feb/2017:12:25:23 +0800] "GET /admin/ HTTP/1.1" 404 204 "http://123.56.134.173/" "Mozilla/4.0 (compatible; MSIE 6.0; Windows NT 5.1;Alibaba.Security.Heimdall.5448812)"
140.205.225.184 - - [02/Feb/2017:12:29:41 +0800] "GET / HTTP/1.1" 200 26 "http://123.56.134.173/" "Mozilla/4.0 (compatible; MSIE 6.0; Windows NT 5.1;Alibaba.Security.Heimdall.5448812)"
125.88.222.250 - - [02/Feb/2017:12:30:27 +0800] "HEAD / HTTP/1.1" 200 - "-" "Mozilla/5.0 (compatible; MSIE 7.0; Windows NT 5.1; .NET CLR 1.1.4322) 360JK yunjiankong 1239173"
36.110.211.3 - - [02/Feb/2017:12:38:45 +0800] "GET / HTTP/1.1" 200 26 "-" "Mozilla/5.0 (Windows NT 6.3; WOW64) AppleWebKit/537.36 (KHTML, like Gecko) Chrome/33.0.1750.117 Safari/537.36"
125.88.222.250 - - [02/Feb/2017:12:39:58 +0800] "HEAD / HTTP/1.1" 200 - "-" "Mozilla/5.0 (compatible; MSIE 7.0; Windows NT 5.1; .NET CLR 1.1.4322) 360JK yunjiankong 1239173"
111.206.241.76 - - [02/Feb/2017:12:56:46 +0800] "HEAD / HTTP/1.1" 200 - "-" "Mozilla/5.0 (compatible; MSIE 7.0; Windows NT 5.1; .NET CLR 1.1.4322) 360JK yunjiankong 1239173"
5.178.86.76 - - [02/Feb/2017:12:59:34 +0800] "CONNECT check.best-proxies.ru:80 HTTP/1.1" 400 226 "-" "-"
125.88.222.250 - - [02/Feb/2017:12:59:56 +0800] "HEAD / HTTP/1.1" 200 - "-" "Mozilla/5.0 (compatible; MSIE 7.0; Windows NT 5.1; .NET CLR 1.1.4322) 360JK yunjiankong 1239173"
111.206.241.76 - - [02/Feb/2017:13:06:16 +0800] "HEAD / HTTP/1.1" 200 - "-" "Mozilla/5.0 (compatible; MSIE 7.0; Windows NT 5.1; .NET CLR 1.1.4322) 360JK yunjiankong 1239173"
125.88.222.250 - - [02/Feb/2017:13:09:56 +0800] "HEAD / HTTP/1.1" 200 - "-" "Mozilla/5.0 (compatible; MSIE 7.0; Windows NT 5.1; .NET CLR 1.1.4322) 360JK yunjiankong 1239173"
125.88.222.250 - - [02/Feb/2017:13:10:26 +0800] "HEAD / HTTP/1.1" 200 - "-" "Mozilla/5.0 (compatible; MSIE 7.0; Windows NT 5.1; .NET CLR 1.1.4322) 360JK yunjiankong 1239173"
1.162.169.9 - - [02/Feb/2017:13:14:54 +0800] "CONNECT mx-tw.mail.gm0.yahoodns.net:25 HTTP/1.0" 405 235 "-" "-"
101.226.162.90 - - [02/Feb/2017:13:18:05 +0800] "HEAD / HTTP/1.1" 200 - "-" "Mozilla/5.0 (compatible; MSIE 7.0; Windows NT 5.1; .NET CLR 1.1.4322) 360JK yunjiankong 1239173"
125.88.222.250 - - [02/Feb/2017:13:20:26 +0800] "HEAD / HTTP/1.1" 200 - "-" "Mozilla/5.0 (compatible; MSIE 7.0; Windows NT 5.1; .NET CLR 1.1.4322) 360JK yunjiankong 1239173"
125.88.222.250 - - [02/Feb/2017:13:20:56 +0800] "HEAD / HTTP/1.1" 200 - "-" "Mozilla/5.0 (compatible; MSIE 7.0; Windows NT 5.1; .NET CLR 1.1.4322) 360JK yunjiankong 1239173"
36.110.211.67 - - [02/Feb/2017:13:22:02 +0800] "GET / HTTP/1.1" 200 26 "-" "Mozilla/5.0 (Windows NT 6.3; WOW64) AppleWebKit/537.36 (KHTML, like Gecko) Chrome/33.0.1750.117 Safari/537.36"
218.85.134.47 - - [02/Feb/2017:13:24:43 +0800] "HEAD http://www.tdjypx.cn/ HTTP/1.1" 200 - "-" "Java/1.7.0_111"
111.206.241.76 - - [02/Feb/2017:13:26:47 +0800] "HEAD / HTTP/1.1" 200 - "-" "Mozilla/5.0 (compatible; MSIE 7.0; Windows NT 5.1; .NET CLR 1.1.4322) 360JK yunjiankong 1239173"
101.226.162.90 - - [02/Feb/2017:13:28:05 +0800] "HEAD / HTTP/1.1" 200 - "-" "Mozilla/5.0 (compatible; MSIE 7.0; Windows NT 5.1; .NET CLR 1.1.4322) 360JK yunjiankong 1239173"
125.88.222.250 - - [02/Feb/2017:13:31:00 +0800] "HEAD / HTTP/1.1" 200 - "-" "Mozilla/5.0 (compatible; MSIE 7.0; Windows NT 5.1; .NET CLR 1.1.4322) 360JK yunjiankong 1239173"
1.162.169.9 - - [02/Feb/2017:13:33:49 +0800] "CONNECT mx-tw.mail.gm0.yahoodns.net:25 HTTP/1.0" 405 235 "-" "-"
111.206.241.76 - - [02/Feb/2017:13:36:16 +0800] "HEAD / HTTP/1.1" 200 - "-" "Mozilla/5.0 (compatible; MSIE 7.0; Windows NT 5.1; .NET CLR 1.1.4322) 360JK yunjiankong 1239173"
101.226.162.90 - - [02/Feb/2017:13:38:06 +0800] "HEAD / HTTP/1.1" 200 - "-" "Mozilla/5.0 (compatible; MSIE 7.0; Windows NT 5.1; .NET CLR 1.1.4322) 360JK yunjiankong 1239173"
125.88.222.250 - - [02/Feb/2017:13:40:26 +0800] "HEAD / HTTP/1.1" 200 - "-" "Mozilla/5.0 (compatible; MSIE 7.0; Windows NT 5.1; .NET CLR 1.1.4322) 360JK yunjiankong 1239173"
111.206.241.76 - - [02/Feb/2017:13:46:47 +0800] "HEAD / HTTP/1.1" 200 - "-" "Mozilla/5.0 (compatible; MSIE 7.0; Windows NT 5.1; .NET CLR 1.1.4322) 360JK yunjiankong 1239173"
111.206.241.76 - - [02/Feb/2017:13:47:17 +0800] "HEAD / HTTP/1.1" 200 - "-" "Mozilla/5.0 (compatible; MSIE 7.0; Windows NT 5.1; .NET CLR 1.1.4322) 360JK yunjiankong 1239173"
101.226.162.90 - - [02/Feb/2017:13:48:05 +0800] "HEAD / HTTP/1.1" 200 - "-" "Mozilla/5.0 (compatible; MSIE 7.0; Windows NT 5.1; .NET CLR 1.1.4322) 360JK yunjiankong 1239173"
101.226.162.90 - - [02/Feb/2017:13:48:35 +0800] "HEAD / HTTP/1.1" 200 - "-" "Mozilla/5.0 (compatible; MSIE 7.0; Windows NT 5.1; .NET CLR 1.1.4322) 360JK yunjiankong 1239173"
101.226.162.90 - - [02/Feb/2017:13:49:14 +0800] "HEAD / HTTP/1.1" 200 - "-" "Mozilla/5.0 (compatible; MSIE 7.0; Windows NT 5.1; .NET CLR 1.1.4322) 360JK yunjiankong 1239173"
125.88.222.250 - - [02/Feb/2017:13:49:55 +0800] "HEAD / HTTP/1.1" 200 - "-" "Mozilla/5.0 (compatible; MSIE 7.0; Windows NT 5.1; .NET CLR 1.1.4322) 360JK yunjiankong 1239173"
101.226.162.90 - - [02/Feb/2017:13:59:33 +0800] "HEAD / HTTP/1.1" 200 - "-" "Mozilla/5.0 (compatible; MSIE 7.0; Windows NT 5.1; .NET CLR 1.1.4322) 360JK yunjiankong 1239173"
125.88.222.250 - - [02/Feb/2017:14:00:29 +0800] "HEAD / HTTP/1.1" 200 - "-" "Mozilla/5.0 (compatible; MSIE 7.0; Windows NT 5.1; .NET CLR 1.1.4322) 360JK yunjiankong 1239173"
157.55.39.102 - - [02/Feb/2017:14:05:04 +0800] "GET /shopdetail/channel1/index0/10666693/1/ HTTP/1.1" 404 236 "-" "Mozilla/5.0 (compatible; bingbot/2.0; +http://www.bing.com/bingbot.htm)"
111.206.241.76 - - [02/Feb/2017:14:07:16 +0800] "HEAD / HTTP/1.1" 200 - "-" "Mozilla/5.0 (compatible; MSIE 7.0; Windows NT 5.1; .NET CLR 1.1.4322) 360JK yunjiankong 1239173"
101.226.162.90 - - [02/Feb/2017:14:08:05 +0800] "HEAD / HTTP/1.1" 200 - "-" "Mozilla/5.0 (compatible; MSIE 7.0; Windows NT 5.1; .NET CLR 1.1.4322) 360JK yunjiankong 1239173"
36.110.211.67 - - [02/Feb/2017:14:09:56 +0800] "GET / HTTP/1.1" 200 26 "-" "Mozilla/5.0 (Windows NT 6.3; WOW64) AppleWebKit/537.36 (KHTML, like Gecko) Chrome/33.0.1750.117 Safari/537.36"
1.162.169.9 - - [02/Feb/2017:14:13:18 +0800] "CONNECT mx-tw.mail.gm0.yahoodns.net:25 HTTP/1.0" 405 235 "-" "-"
111.206.52.93 - - [02/Feb/2017:14:17:39 +0800] "GET / HTTP/1.1" 200 26 "-" "Mozilla/5.0 (Windows NT 6.3; WOW64) AppleWebKit/537.36 (KHTML, like Gecko) Chrome/33.0.1750.117 Safari/537.36"
101.226.162.90 - - [02/Feb/2017:14:18:04 +0800] "HEAD / HTTP/1.1" 200 - "-" "Mozilla/5.0 (compatible; MSIE 7.0; Windows NT 5.1; .NET CLR 1.1.4322) 360JK yunjiankong 1239173"
125.88.222.250 - - [02/Feb/2017:14:20:31 +0800] "HEAD / HTTP/1.1" 200 - "-" "Mozilla/5.0 (compatible; MSIE 7.0; Windows NT 5.1; .NET CLR 1.1.4322) 360JK yunjiankong 1239173"
125.88.222.250 - - [02/Feb/2017:14:21:01 +0800] "HEAD / HTTP/1.1" 200 - "-" "Mozilla/5.0 (compatible; MSIE 7.0; Windows NT 5.1; .NET CLR 1.1.4322) 360JK yunjiankong 1239173"
125.88.222.250 - - [02/Feb/2017:14:29:58 +0800] "HEAD / HTTP/1.1" 200 - "-" "Mozilla/5.0 (compatible; MSIE 7.0; Windows NT 5.1; .NET CLR 1.1.4322) 360JK yunjiankong 1239173"
125.88.222.250 - - [02/Feb/2017:14:30:28 +0800] "HEAD / HTTP/1.1" 200 - "-" "Mozilla/5.0 (compatible; MSIE 7.0; Windows NT 5.1; .NET CLR 1.1.4322) 360JK yunjiankong 1239173"
1.162.169.9 - - [02/Feb/2017:14:32:49 +0800] "CONNECT mx-tw.mail.gm0.yahoodns.net:25 HTTP/1.0" 405 235 "-" "-"
1.162.169.9 - - [02/Feb/2017:14:33:13 +0800] "CONNECT mx-tw.mail.gm0.yahoodns.net:25 HTTP/1.0" 405 235 "-" "-"
111.206.241.76 - - [02/Feb/2017:14:37:17 +0800] "HEAD / HTTP/1.1" 200 - "-" "Mozilla/5.0 (compatible; MSIE 7.0; Windows NT 5.1; .NET CLR 1.1.4322) 360JK yunjiankong 1239173"
103.242.202.196 - - [02/Feb/2017:14:37:47 +0800] "HEAD http://wolfteam.lol/ HTTP/1.1" 200 - "-" "Java/1.7.0_91"
125.88.222.250 - - [02/Feb/2017:14:41:00 +0800] "HEAD / HTTP/1.1" 200 - "-" "Mozilla/5.0 (compatible; MSIE 7.0; Windows NT 5.1; .NET CLR 1.1.4322) 360JK yunjiankong 1239173"
106.120.161.68 - - [02/Feb/2017:14:46:04 +0800] "GET / HTTP/1.1" 200 26 "-" "Mozilla/5.0 (Windows NT 6.3; WOW64) AppleWebKit/537.36 (KHTML, like Gecko) Chrome/33.0.1750.117 Safari/537.36"
111.206.241.76 - - [02/Feb/2017:14:46:49 +0800] "HEAD / HTTP/1.1" 200 - "-" "Mozilla/5.0 (compatible; MSIE 7.0; Windows NT 5.1; .NET CLR 1.1.4322) 360JK yunjiankong 1239173"
101.226.162.90 - - [02/Feb/2017:14:48:35 +0800] "HEAD / HTTP/1.1" 200 - "-" "Mozilla/5.0 (compatible; MSIE 7.0; Windows NT 5.1; .NET CLR 1.1.4322) 360JK yunjiankong 1239173"
101.226.162.90 - - [02/Feb/2017:14:49:35 +0800] "HEAD / HTTP/1.1" 200 - "-" "Mozilla/5.0 (compatible; MSIE 7.0; Windows NT 5.1; .NET CLR 1.1.4322) 360JK yunjiankong 1239173"
125.88.222.250 - - [02/Feb/2017:14:51:01 +0800] "HEAD / HTTP/1.1" 200 - "-" "Mozilla/5.0 (compatible; MSIE 7.0; Windows NT 5.1; .NET CLR 1.1.4322) 360JK yunjiankong 1239173"
1.162.169.9 - - [02/Feb/2017:14:52:34 +0800] "CONNECT mx-tw.mail.gm0.yahoodns.net:25 HTTP/1.0" 405 235 "-" "-"
1.162.169.9 - - [02/Feb/2017:14:52:51 +0800] "CONNECT mx-tw.mail.gm0.yahoodns.net:25 HTTP/1.0" 405 235 "-" "-"
111.206.241.76 - - [02/Feb/2017:14:56:18 +0800] "HEAD / HTTP/1.1" 200 - "-" "Mozilla/5.0 (compatible; MSIE 7.0; Windows NT 5.1; .NET CLR 1.1.4322) 360JK yunjiankong 1239173"
111.206.241.76 - - [02/Feb/2017:14:57:18 +0800] "HEAD / HTTP/1.1" 200 - "-" "Mozilla/5.0 (compatible; MSIE 7.0; Windows NT 5.1; .NET CLR 1.1.4322) 360JK yunjiankong 1239173"
101.226.162.90 - - [02/Feb/2017:14:58:05 +0800] "HEAD / HTTP/1.1" 200 - "-" "Mozilla/5.0 (compatible; MSIE 7.0; Windows NT 5.1; .NET CLR 1.1.4322) 360JK yunjiankong 1239173"
101.226.162.90 - - [02/Feb/2017:14:59:34 +0800] "HEAD / HTTP/1.1" 200 - "-" "Mozilla/5.0 (compatible; MSIE 7.0; Windows NT 5.1; .NET CLR 1.1.4322) 360JK yunjiankong 1239173"
125.88.222.250 - - [02/Feb/2017:14:59:59 +0800] "HEAD / HTTP/1.1" 200 - "-" "Mozilla/5.0 (compatible; MSIE 7.0; Windows NT 5.1; .NET CLR 1.1.4322) 360JK yunjiankong 1239173"
207.46.13.230 - - [02/Feb/2017:15:01:11 +0800] "GET /robots.txt HTTP/1.1" 404 208 "-" "Mozilla/5.0 (compatible; bingbot/2.0; +http://www.bing.com/bingbot.htm)"
157.55.39.112 - - [02/Feb/2017:15:01:17 +0800] "GET / HTTP/1.1" 200 26 "-" "Mozilla/5.0 (compatible; bingbot/2.0; +http://www.bing.com/bingbot.htm)"
111.206.241.76 - - [02/Feb/2017:15:06:17 +0800] "HEAD / HTTP/1.1" 200 - "-" "Mozilla/5.0 (compatible; MSIE 7.0; Windows NT 5.1; .NET CLR 1.1.4322) 360JK yunjiankong 1239173"
111.20.248.74 - - [02/Feb/2017:15:07:30 +0800] "HEAD http://wolfteam.lol/ HTTP/1.1" 200 - "-" "Java/1.7.0_91"
101.226.162.90 - - [02/Feb/2017:15:08:33 +0800] "HEAD / HTTP/1.1" 200 - "-" "Mozilla/5.0 (compatible; MSIE 7.0; Windows NT 5.1; .NET CLR 1.1.4322) 360JK yunjiankong 1239173"
1.162.169.9 - - [02/Feb/2017:15:12:25 +0800] "CONNECT mx-tw.mail.gm0.yahoodns.net:25 HTTP/1.0" 405 235 "-" "-"
1.162.169.9 - - [02/Feb/2017:15:12:45 +0800] "CONNECT mx-tw.mail.gm0.yahoodns.net:25 HTTP/1.0" 405 235 "-" "-"
111.206.241.76 - - [02/Feb/2017:15:16:17 +0800] "HEAD / HTTP/1.1" 200 - "-" "Mozilla/5.0 (compatible; MSIE 7.0; Windows NT 5.1; .NET CLR 1.1.4322) 360JK yunjiankong 1239173"
101.226.162.90 - - [02/Feb/2017:15:18:03 +0800] "HEAD / HTTP/1.1" 200 - "-" "Mozilla/5.0 (compatible; MSIE 7.0; Windows NT 5.1; .NET CLR 1.1.4322) 360JK yunjiankong 1239173"
101.226.162.90 - - [02/Feb/2017:15:18:34 +0800] "HEAD / HTTP/1.1" 200 - "-" "Mozilla/5.0 (compatible; MSIE 7.0; Windows NT 5.1; .NET CLR 1.1.4322) 360JK yunjiankong 1239173"
125.88.222.250 - - [02/Feb/2017:15:19:57 +0800] "HEAD / HTTP/1.1" 200 - "-" "Mozilla/5.0 (compatible; MSIE 7.0; Windows NT 5.1; .NET CLR 1.1.4322) 360JK yunjiankong 1239173"
125.88.222.250 - - [02/Feb/2017:15:20:28 +0800] "HEAD / HTTP/1.1" 200 - "-" "Mozilla/5.0 (compatible; MSIE 7.0; Windows NT 5.1; .NET CLR 1.1.4322) 360JK yunjiankong 1239173"
101.226.162.90 - - [02/Feb/2017:15:28:34 +0800] "HEAD / HTTP/1.1" 200 - "-" "Mozilla/5.0 (compatible; MSIE 7.0; Windows NT 5.1; .NET CLR 1.1.4322) 360JK yunjiankong 1239173"
125.88.222.250 - - [02/Feb/2017:15:30:26 +0800] "HEAD / HTTP/1.1" 200 - "-" "Mozilla/5.0 (compatible; MSIE 7.0; Windows NT 5.1; .NET CLR 1.1.4322) 360JK yunjiankong 1239173"
111.206.52.93 - - [02/Feb/2017:15:31:42 +0800] "GET / HTTP/1.1" 200 26 "-" "Mozilla/5.0 (Windows NT 6.3; WOW64) AppleWebKit/537.36 (KHTML, like Gecko) Chrome/33.0.1750.117 Safari/537.36"
101.226.162.90 - - [02/Feb/2017:15:39:04 +0800] "HEAD / HTTP/1.1" 200 - "-" "Mozilla/5.0 (compatible; MSIE 7.0; Windows NT 5.1; .NET CLR 1.1.4322) 360JK yunjiankong 1239173"
125.88.222.250 - - [02/Feb/2017:15:39:56 +0800] "HEAD / HTTP/1.1" 200 - "-" "Mozilla/5.0 (compatible; MSIE 7.0; Windows NT 5.1; .NET CLR 1.1.4322) 360JK yunjiankong 1239173"
111.206.241.76 - - [02/Feb/2017:15:46:18 +0800] "HEAD / HTTP/1.1" 200 - "-" "Mozilla/5.0 (compatible; MSIE 7.0; Windows NT 5.1; .NET CLR 1.1.4322) 360JK yunjiankong 1239173"
111.206.241.76 - - [02/Feb/2017:15:46:48 +0800] "HEAD / HTTP/1.1" 200 - "-" "Mozilla/5.0 (compatible; MSIE 7.0; Windows NT 5.1; .NET CLR 1.1.4322) 360JK yunjiankong 1239173"
101.226.162.90 - - [02/Feb/2017:15:48:03 +0800] "HEAD / HTTP/1.1" 200 - "-" "Mozilla/5.0 (compatible; MSIE 7.0; Windows NT 5.1; .NET CLR 1.1.4322) 360JK yunjiankong 1239173"
36.110.211.66 - - [02/Feb/2017:15:48:57 +0800] "GET / HTTP/1.1" 200 26 "-" "Mozilla/5.0 (Windows NT 6.3; WOW64) AppleWebKit/537.36 (KHTML, like Gecko) Chrome/33.0.1750.117 Safari/537.36"
125.88.222.250 - - [02/Feb/2017:15:49:57 +0800] "HEAD / HTTP/1.1" 200 - "-" "Mozilla/5.0 (compatible; MSIE 7.0; Windows NT 5.1; .NET CLR 1.1.4322) 360JK yunjiankong 1239173"
125.88.222.250 - - [02/Feb/2017:15:50:27 +0800] "HEAD / HTTP/1.1" 200 - "-" "Mozilla/5.0 (compatible; MSIE 7.0; Windows NT 5.1; .NET CLR 1.1.4322) 360JK yunjiankong 1239173"
101.226.162.90 - - [02/Feb/2017:15:58:33 +0800] "HEAD / HTTP/1.1" 200 - "-" "Mozilla/5.0 (compatible; MSIE 7.0; Windows NT 5.1; .NET CLR 1.1.4322) 360JK yunjiankong 1239173"
101.226.162.90 - - [02/Feb/2017:15:59:03 +0800] "HEAD / HTTP/1.1" 200 - "-" "Mozilla/5.0 (compatible; MSIE 7.0; Windows NT 5.1; .NET CLR 1.1.4322) 360JK yunjiankong 1239173"
125.88.222.250 - - [02/Feb/2017:16:01:02 +0800] "HEAD / HTTP/1.1" 200 - "-" "Mozilla/5.0 (compatible; MSIE 7.0; Windows NT 5.1; .NET CLR 1.1.4322) 360JK yunjiankong 1239173"
111.206.241.76 - - [02/Feb/2017:16:06:18 +0800] "HEAD / HTTP/1.1" 200 - "-" "Mozilla/5.0 (compatible; MSIE 7.0; Windows NT 5.1; .NET CLR 1.1.4322) 360JK yunjiankong 1239173"
101.226.162.90 - - [02/Feb/2017:16:08:03 +0800] "HEAD / HTTP/1.1" 200 - "-" "Mozilla/5.0 (compatible; MSIE 7.0; Windows NT 5.1; .NET CLR 1.1.4322) 360JK yunjiankong 1239173"
101.226.162.90 - - [02/Feb/2017:16:08:32 +0800] "HEAD / HTTP/1.1" 200 - "-" "Mozilla/5.0 (compatible; MSIE 7.0; Windows NT 5.1; .NET CLR 1.1.4322) 360JK yunjiankong 1239173"
101.226.162.90 - - [02/Feb/2017:16:09:02 +0800] "HEAD / HTTP/1.1" 200 - "-" "Mozilla/5.0 (compatible; MSIE 7.0; Windows NT 5.1; .NET CLR 1.1.4322) 360JK yunjiankong 1239173"
125.88.222.250 - - [02/Feb/2017:16:09:56 +0800] "HEAD / HTTP/1.1" 200 - "-" "Mozilla/5.0 (compatible; MSIE 7.0; Windows NT 5.1; .NET CLR 1.1.4322) 360JK yunjiankong 1239173"
125.88.222.250 - - [02/Feb/2017:16:10:27 +0800] "HEAD / HTTP/1.1" 200 - "-" "Mozilla/5.0 (compatible; MSIE 7.0; Windows NT 5.1; .NET CLR 1.1.4322) 360JK yunjiankong 1239173"
1.162.169.9 - - [02/Feb/2017:16:11:27 +0800] "CONNECT mx-tw.mail.gm0.yahoodns.net:25 HTTP/1.0" 405 235 "-" "-"
111.206.241.76 - - [02/Feb/2017:16:16:17 +0800] "HEAD / HTTP/1.1" 200 - "-" "Mozilla/5.0 (compatible; MSIE 7.0; Windows NT 5.1; .NET CLR 1.1.4322) 360JK yunjiankong 1239173"
101.226.162.90 - - [02/Feb/2017:16:18:33 +0800] "HEAD / HTTP/1.1" 200 - "-" "Mozilla/5.0 (compatible; MSIE 7.0; Windows NT 5.1; .NET CLR 1.1.4322) 360JK yunjiankong 1239173"
101.226.162.90 - - [02/Feb/2017:16:19:03 +0800] "HEAD / HTTP/1.1" 200 - "-" "Mozilla/5.0 (compatible; MSIE 7.0; Windows NT 5.1; .NET CLR 1.1.4322) 360JK yunjiankong 1239173"
125.88.222.250 - - [02/Feb/2017:16:19:56 +0800] "HEAD / HTTP/1.1" 200 - "-" "Mozilla/5.0 (compatible; MSIE 7.0; Windows NT 5.1; .NET CLR 1.1.4322) 360JK yunjiankong 1239173"
125.88.222.250 - - [02/Feb/2017:16:20:26 +0800] "HEAD / HTTP/1.1" 200 - "-" "Mozilla/5.0 (compatible; MSIE 7.0; Windows NT 5.1; .NET CLR 1.1.4322) 360JK yunjiankong 1239173"
113.76.103.62 - - [02/Feb/2017:16:23:54 +0800] "GET http://www.baidu.com/s?wd=5118 HTTP/1.1" 404 199 "-" "Mozilla/4.0 (compatible; MSIE 7.0; Windows NT 5.1; TencentTraveler ; EmbeddedWB 14.52 from: http://www.bsalsa.com/ EmbeddedWB 14.52; .NET CLR 2.0.50727; InfoPath.2; .NET CLR 3.0.04506.30; .NET CLR 3.0.04506.590; .NET CLR 3.0.04506.648; .NET CLR 3.5.21022)"
111.206.241.76 - - [02/Feb/2017:16:26:17 +0800] "HEAD / HTTP/1.1" 200 - "-" "Mozilla/5.0 (compatible; MSIE 7.0; Windows NT 5.1; .NET CLR 1.1.4322) 360JK yunjiankong 1239173"
111.206.241.76 - - [02/Feb/2017:16:27:18 +0800] "HEAD / HTTP/1.1" 200 - "-" "Mozilla/5.0 (compatible; MSIE 7.0; Windows NT 5.1; .NET CLR 1.1.4322) 360JK yunjiankong 1239173"
101.226.162.90 - - [02/Feb/2017:16:28:03 +0800] "HEAD / HTTP/1.1" 200 - "-" "Mozilla/5.0 (compatible; MSIE 7.0; Windows NT 5.1; .NET CLR 1.1.4322) 360JK yunjiankong 1239173"
101.226.162.90 - - [02/Feb/2017:16:29:03 +0800] "HEAD / HTTP/1.1" 200 - "-" "Mozilla/5.0 (compatible; MSIE 7.0; Windows NT 5.1; .NET CLR 1.1.4322) 360JK yunjiankong 1239173"
125.88.222.250 - - [02/Feb/2017:16:30:57 +0800] "HEAD / HTTP/1.1" 200 - "-" "Mozilla/5.0 (compatible; MSIE 7.0; Windows NT 5.1; .NET CLR 1.1.4322) 360JK yunjiankong 1239173"
1.162.169.9 - - [02/Feb/2017:16:31:03 +0800] "CONNECT mx-tw.mail.gm0.yahoodns.net:25 HTTP/1.0" 405 235 "-" "-"
1.162.169.9 - - [02/Feb/2017:16:31:29 +0800] "CONNECT mx-tw.mail.gm0.yahoodns.net:25 HTTP/1.0" 405 235 "-" "-"
111.206.241.76 - - [02/Feb/2017:16:36:18 +0800] "HEAD / HTTP/1.1" 200 - "-" "Mozilla/5.0 (compatible; MSIE 7.0; Windows NT 5.1; .NET CLR 1.1.4322) 360JK yunjiankong 1239173"
111.206.241.76 - - [02/Feb/2017:16:37:18 +0800] "HEAD / HTTP/1.1" 200 - "-" "Mozilla/5.0 (compatible; MSIE 7.0; Windows NT 5.1; .NET CLR 1.1.4322) 360JK yunjiankong 1239173"
101.226.162.90 - - [02/Feb/2017:16:38:34 +0800] "HEAD / HTTP/1.1" 200 - "-" "Mozilla/5.0 (compatible; MSIE 7.0; Windows NT 5.1; .NET CLR 1.1.4322) 360JK yunjiankong 1239173"
101.226.162.90 - - [02/Feb/2017:16:39:04 +0800] "HEAD / HTTP/1.1" 200 - "-" "Mozilla/5.0 (compatible; MSIE 7.0; Windows NT 5.1; .NET CLR 1.1.4322) 360JK yunjiankong 1239173"
101.226.162.90 - - [02/Feb/2017:16:48:34 +0800] "HEAD / HTTP/1.1" 200 - "-" "Mozilla/5.0 (compatible; MSIE 7.0; Windows NT 5.1; .NET CLR 1.1.4322) 360JK yunjiankong 1239173"
125.88.222.250 - - [02/Feb/2017:16:50:01 +0800] "HEAD / HTTP/1.1" 200 - "-" "Mozilla/5.0 (compatible; MSIE 7.0; Windows NT 5.1; .NET CLR 1.1.4322) 360JK yunjiankong 1239173"
125.88.222.250 - - [02/Feb/2017:16:50:31 +0800] "HEAD / HTTP/1.1" 200 - "-" "Mozilla/5.0 (compatible; MSIE 7.0; Windows NT 5.1; .NET CLR 1.1.4322) 360JK yunjiankong 1239173"
111.206.241.76 - - [02/Feb/2017:16:56:50 +0800] "HEAD / HTTP/1.1" 200 - "-" "Mozilla/5.0 (compatible; MSIE 7.0; Windows NT 5.1; .NET CLR 1.1.4322) 360JK yunjiankong 1239173"
111.206.241.76 - - [02/Feb/2017:16:57:20 +0800] "HEAD / HTTP/1.1" 200 - "-" "Mozilla/5.0 (compatible; MSIE 7.0; Windows NT 5.1; .NET CLR 1.1.4322) 360JK yunjiankong 1239173"
101.226.162.90 - - [02/Feb/2017:16:58:03 +0800] "HEAD / HTTP/1.1" 200 - "-" "Mozilla/5.0 (compatible; MSIE 7.0; Windows NT 5.1; .NET CLR 1.1.4322) 360JK yunjiankong 1239173"
106.120.161.68 - - [02/Feb/2017:16:59:05 +0800] "GET / HTTP/1.1" 200 26 "-" "Mozilla/5.0 (Windows NT 6.3; WOW64) AppleWebKit/537.36 (KHTML, like Gecko) Chrome/33.0.1750.117 Safari/537.36"
125.88.222.250 - - [02/Feb/2017:16:59:58 +0800] "HEAD / HTTP/1.1" 200 - "-" "Mozilla/5.0 (compatible; MSIE 7.0; Windows NT 5.1; .NET CLR 1.1.4322) 360JK yunjiankong 1239173"
125.88.222.250 - - [02/Feb/2017:17:00:29 +0800] "HEAD / HTTP/1.1" 200 - "-" "Mozilla/5.0 (compatible; MSIE 7.0; Windows NT 5.1; .NET CLR 1.1.4322) 360JK yunjiankong 1239173"
111.206.241.76 - - [02/Feb/2017:17:06:18 +0800] "HEAD / HTTP/1.1" 200 - "-" "Mozilla/5.0 (compatible; MSIE 7.0; Windows NT 5.1; .NET CLR 1.1.4322) 360JK yunjiankong 1239173"
111.206.241.76 - - [02/Feb/2017:17:07:20 +0800] "HEAD / HTTP/1.1" 200 - "-" "Mozilla/5.0 (compatible; MSIE 7.0; Windows NT 5.1; .NET CLR 1.1.4322) 360JK yunjiankong 1239173"
101.226.162.90 - - [02/Feb/2017:17:08:03 +0800] "HEAD / HTTP/1.1" 200 - "-" "Mozilla/5.0 (compatible; MSIE 7.0; Windows NT 5.1; .NET CLR 1.1.4322) 360JK yunjiankong 1239173"
101.226.162.90 - - [02/Feb/2017:17:08:33 +0800] "HEAD / HTTP/1.1" 200 - "-" "Mozilla/5.0 (compatible; MSIE 7.0; Windows NT 5.1; .NET CLR 1.1.4322) 360JK yunjiankong 1239173"
101.226.162.90 - - [02/Feb/2017:17:09:03 +0800] "HEAD / HTTP/1.1" 200 - "-" "Mozilla/5.0 (compatible; MSIE 7.0; Windows NT 5.1; .NET CLR 1.1.4322) 360JK yunjiankong 1239173"
1.162.169.9 - - [02/Feb/2017:17:10:20 +0800] "CONNECT mx-tw.mail.gm0.yahoodns.net:25 HTTP/1.0" 405 235 "-" "-"
125.88.222.250 - - [02/Feb/2017:17:10:58 +0800] "HEAD / HTTP/1.1" 200 - "-" "Mozilla/5.0 (compatible; MSIE 7.0; Windows NT 5.1; .NET CLR 1.1.4322) 360JK yunjiankong 1239173"
111.206.241.76 - - [02/Feb/2017:17:16:17 +0800] "HEAD / HTTP/1.1" 200 - "-" "Mozilla/5.0 (compatible; MSIE 7.0; Windows NT 5.1; .NET CLR 1.1.4322) 360JK yunjiankong 1239173"
218.85.134.47 - - [02/Feb/2017:17:16:22 +0800] "HEAD http://tdjypx.cn/ HTTP/1.1" 200 - "-" "Java/1.7.0_111"
111.206.241.76 - - [02/Feb/2017:17:16:48 +0800] "HEAD / HTTP/1.1" 200 - "-" "Mozilla/5.0 (compatible; MSIE 7.0; Windows NT 5.1; .NET CLR 1.1.4322) 360JK yunjiankong 1239173"
125.88.222.250 - - [02/Feb/2017:17:19:57 +0800] "HEAD / HTTP/1.1" 200 - "-" "Mozilla/5.0 (compatible; MSIE 7.0; Windows NT 5.1; .NET CLR 1.1.4322) 360JK yunjiankong 1239173"
5.178.86.78 - - [02/Feb/2017:17:27:00 +0800] "CONNECT check.best-proxies.ru:80 HTTP/1.1" 400 226 "-" "-"
101.226.162.90 - - [02/Feb/2017:17:29:03 +0800] "HEAD / HTTP/1.1" 200 - "-" "Mozilla/5.0 (compatible; MSIE 7.0; Windows NT 5.1; .NET CLR 1.1.4322) 360JK yunjiankong 1239173"
111.206.241.76 - - [02/Feb/2017:17:36:48 +0800] "HEAD / HTTP/1.1" 200 - "-" "Mozilla/5.0 (compatible; MSIE 7.0; Windows NT 5.1; .NET CLR 1.1.4322) 360JK yunjiankong 1239173"
111.206.241.76 - - [02/Feb/2017:17:37:18 +0800] "HEAD / HTTP/1.1" 200 - "-" "Mozilla/5.0 (compatible; MSIE 7.0; Windows NT 5.1; .NET CLR 1.1.4322) 360JK yunjiankong 1239173"
101.226.162.90 - - [02/Feb/2017:17:38:03 +0800] "HEAD / HTTP/1.1" 200 - "-" "Mozilla/5.0 (compatible; MSIE 7.0; Windows NT 5.1; .NET CLR 1.1.4322) 360JK yunjiankong 1239173"
101.226.162.90 - - [02/Feb/2017:17:38:33 +0800] "HEAD / HTTP/1.1" 200 - "-" "Mozilla/5.0 (compatible; MSIE 7.0; Windows NT 5.1; .NET CLR 1.1.4322) 360JK yunjiankong 1239173"
101.226.162.90 - - [02/Feb/2017:17:39:03 +0800] "HEAD / HTTP/1.1" 200 - "-" "Mozilla/5.0 (compatible; MSIE 7.0; Windows NT 5.1; .NET CLR 1.1.4322) 360JK yunjiankong 1239173"
125.88.222.250 - - [02/Feb/2017:17:40:00 +0800] "HEAD / HTTP/1.1" 200 - "-" "Mozilla/5.0 (compatible; MSIE 7.0; Windows NT 5.1; .NET CLR 1.1.4322) 360JK yunjiankong 1239173"
111.206.241.76 - - [02/Feb/2017:17:46:48 +0800] "HEAD / HTTP/1.1" 200 - "-" "Mozilla/5.0 (compatible; MSIE 7.0; Windows NT 5.1; .NET CLR 1.1.4322) 360JK yunjiankong 1239173"
101.226.162.90 - - [02/Feb/2017:17:49:04 +0800] "HEAD / HTTP/1.1" 200 - "-" "Mozilla/5.0 (compatible; MSIE 7.0; Windows NT 5.1; .NET CLR 1.1.4322) 360JK yunjiankong 1239173"
1.162.169.9 - - [02/Feb/2017:17:49:13 +0800] "CONNECT mx-tw.mail.gm0.yahoodns.net:25 HTTP/1.0" 405 235 "-" "-"
1.162.169.9 - - [02/Feb/2017:17:49:47 +0800] "CONNECT mx-tw.mail.gm0.yahoodns.net:25 HTTP/1.0" 405 235 "-" "-"
125.88.222.250 - - [02/Feb/2017:18:00:58 +0800] "HEAD / HTTP/1.1" 200 - "-" "Mozilla/5.0 (compatible; MSIE 7.0; Windows NT 5.1; .NET CLR 1.1.4322) 360JK yunjiankong 1239173"
101.226.162.90 - - [02/Feb/2017:18:08:33 +0800] "HEAD / HTTP/1.1" 200 - "-" "Mozilla/5.0 (compatible; MSIE 7.0; Windows NT 5.1; .NET CLR 1.1.4322) 360JK yunjiankong 1239173"
101.226.162.90 - - [02/Feb/2017:18:09:03 +0800] "HEAD / HTTP/1.1" 200 - "-" "Mozilla/5.0 (compatible; MSIE 7.0; Windows NT 5.1; .NET CLR 1.1.4322) 360JK yunjiankong 1239173"
106.120.161.68 - - [02/Feb/2017:18:10:16 +0800] "GET / HTTP/1.1" 200 26 "-" "Mozilla/5.0 (Windows NT 6.3; WOW64) AppleWebKit/537.36 (KHTML, like Gecko) Chrome/33.0.1750.117 Safari/537.36"
125.88.222.250 - - [02/Feb/2017:18:10:27 +0800] "HEAD / HTTP/1.1" 200 - "-" "Mozilla/5.0 (compatible; MSIE 7.0; Windows NT 5.1; .NET CLR 1.1.4322) 360JK yunjiankong 1239173"
111.206.241.76 - - [02/Feb/2017:18:16:50 +0800] "HEAD / HTTP/1.1" 200 - "-" "Mozilla/5.0 (compatible; MSIE 7.0; Windows NT 5.1; .NET CLR 1.1.4322) 360JK yunjiankong 1239173"
101.226.162.90 - - [02/Feb/2017:18:18:03 +0800] "HEAD / HTTP/1.1" 200 - "-" "Mozilla/5.0 (compatible; MSIE 7.0; Windows NT 5.1; .NET CLR 1.1.4322) 360JK yunjiankong 1239173"
111.206.241.76 - - [02/Feb/2017:18:26:48 +0800] "HEAD / HTTP/1.1" 200 - "-" "Mozilla/5.0 (compatible; MSIE 7.0; Windows NT 5.1; .NET CLR 1.1.4322) 360JK yunjiankong 1239173"
125.88.222.250 - - [02/Feb/2017:18:29:57 +0800] "HEAD / HTTP/1.1" 200 - "-" "Mozilla/5.0 (compatible; MSIE 7.0; Windows NT 5.1; .NET CLR 1.1.4322) 360JK yunjiankong 1239173"
111.206.241.76 - - [02/Feb/2017:18:36:48 +0800] "HEAD / HTTP/1.1" 200 - "-" "Mozilla/5.0 (compatible; MSIE 7.0; Windows NT 5.1; .NET CLR 1.1.4322) 360JK yunjiankong 1239173"
111.206.241.76 - - [02/Feb/2017:18:37:18 +0800] "HEAD / HTTP/1.1" 200 - "-" "Mozilla/5.0 (compatible; MSIE 7.0; Windows NT 5.1; .NET CLR 1.1.4322) 360JK yunjiankong 1239173"
101.226.162.90 - - [02/Feb/2017:18:38:02 +0800] "HEAD / HTTP/1.1" 200 - "-" "Mozilla/5.0 (compatible; MSIE 7.0; Windows NT 5.1; .NET CLR 1.1.4322) 360JK yunjiankong 1239173"
101.226.162.90 - - [02/Feb/2017:18:38:32 +0800] "HEAD / HTTP/1.1" 200 - "-" "Mozilla/5.0 (compatible; MSIE 7.0; Windows NT 5.1; .NET CLR 1.1.4322) 360JK yunjiankong 1239173"
101.226.162.90 - - [02/Feb/2017:18:39:02 +0800] "HEAD / HTTP/1.1" 200 - "-" "Mozilla/5.0 (compatible; MSIE 7.0; Windows NT 5.1; .NET CLR 1.1.4322) 360JK yunjiankong 1239173"
218.85.134.47 - - [02/Feb/2017:18:45:22 +0800] "HEAD http://wolfteam.lol/ HTTP/1.1" 200 - "-" "Java/1.7.0_111"
111.206.241.76 - - [02/Feb/2017:18:46:18 +0800] "HEAD / HTTP/1.1" 200 - "-" "Mozilla/5.0 (compatible; MSIE 7.0; Windows NT 5.1; .NET CLR 1.1.4322) 360JK yunjiankong 1239173"
111.206.241.76 - - [02/Feb/2017:18:46:49 +0800] "HEAD / HTTP/1.1" 200 - "-" "Mozilla/5.0 (compatible; MSIE 7.0; Windows NT 5.1; .NET CLR 1.1.4322) 360JK yunjiankong 1239173"
101.226.162.90 - - [02/Feb/2017:18:49:03 +0800] "HEAD / HTTP/1.1" 200 - "-" "Mozilla/5.0 (compatible; MSIE 7.0; Windows NT 5.1; .NET CLR 1.1.4322) 360JK yunjiankong 1239173"
125.88.222.250 - - [02/Feb/2017:18:50:57 +0800] "HEAD / HTTP/1.1" 200 - "-" "Mozilla/5.0 (compatible; MSIE 7.0; Windows NT 5.1; .NET CLR 1.1.4322) 360JK yunjiankong 1239173"
101.226.162.90 - - [02/Feb/2017:18:58:03 +0800] "HEAD / HTTP/1.1" 200 - "-" "Mozilla/5.0 (compatible; MSIE 7.0; Windows NT 5.1; .NET CLR 1.1.4322) 360JK yunjiankong 1239173"
111.206.241.76 - - [02/Feb/2017:18:58:21 +0800] "HEAD / HTTP/1.1" 200 - "-" "Mozilla/5.0 (compatible; MSIE 7.0; Windows NT 5.1; .NET CLR 1.1.4322) 360JK yunjiankong 1239173"
101.226.162.90 - - [02/Feb/2017:18:59:04 +0800] "HEAD / HTTP/1.1" 200 - "-" "Mozilla/5.0 (compatible; MSIE 7.0; Windows NT 5.1; .NET CLR 1.1.4322) 360JK yunjiankong 1239173"
125.88.222.250 - - [02/Feb/2017:19:00:26 +0800] "HEAD / HTTP/1.1" 200 - "-" "Mozilla/5.0 (compatible; MSIE 7.0; Windows NT 5.1; .NET CLR 1.1.4322) 360JK yunjiankong 1239173"
111.206.241.76 - - [02/Feb/2017:19:07:09 +0800] "HEAD / HTTP/1.1" 200 - "-" "Mozilla/5.0 (compatible; MSIE 7.0; Windows NT 5.1; .NET CLR 1.1.4322) 360JK yunjiankong 1239173"
1.162.169.9 - - [02/Feb/2017:19:08:06 +0800] "CONNECT mx-tw.mail.gm0.yahoodns.net:25 HTTP/1.0" 405 235 "-" "-"
111.206.241.76 - - [02/Feb/2017:19:08:09 +0800] "HEAD / HTTP/1.1" 200 - "-" "Mozilla/5.0 (compatible; MSIE 7.0; Windows NT 5.1; .NET CLR 1.1.4322) 360JK yunjiankong 1239173"
101.226.162.90 - - [02/Feb/2017:19:08:34 +0800] "HEAD / HTTP/1.1" 200 - "-" "Mozilla/5.0 (compatible; MSIE 7.0; Windows NT 5.1; .NET CLR 1.1.4322) 360JK yunjiankong 1239173"
101.226.162.90 - - [02/Feb/2017:19:09:04 +0800] "HEAD / HTTP/1.1" 200 - "-" "Mozilla/5.0 (compatible; MSIE 7.0; Windows NT 5.1; .NET CLR 1.1.4322) 360JK yunjiankong 1239173"
125.88.222.250 - - [02/Feb/2017:19:10:27 +0800] "HEAD / HTTP/1.1" 200 - "-" "Mozilla/5.0 (compatible; MSIE 7.0; Windows NT 5.1; .NET CLR 1.1.4322) 360JK yunjiankong 1239173"
125.88.222.250 - - [02/Feb/2017:19:10:58 +0800] "HEAD / HTTP/1.1" 200 - "-" "Mozilla/5.0 (compatible; MSIE 7.0; Windows NT 5.1; .NET CLR 1.1.4322) 360JK yunjiankong 1239173"
111.206.241.76 - - [02/Feb/2017:19:17:08 +0800] "HEAD / HTTP/1.1" 200 - "-" "Mozilla/5.0 (compatible; MSIE 7.0; Windows NT 5.1; .NET CLR 1.1.4322) 360JK yunjiankong 1239173"
101.226.162.90 - - [02/Feb/2017:19:18:34 +0800] "HEAD / HTTP/1.1" 200 - "-" "Mozilla/5.0 (compatible; MSIE 7.0; Windows NT 5.1; .NET CLR 1.1.4322) 360JK yunjiankong 1239173"
101.226.162.90 - - [02/Feb/2017:19:19:04 +0800] "HEAD / HTTP/1.1" 200 - "-" "Mozilla/5.0 (compatible; MSIE 7.0; Windows NT 5.1; .NET CLR 1.1.4322) 360JK yunjiankong 1239173"
125.88.222.250 - - [02/Feb/2017:19:19:56 +0800] "HEAD / HTTP/1.1" 200 - "-" "Mozilla/5.0 (compatible; MSIE 7.0; Windows NT 5.1; .NET CLR 1.1.4322) 360JK yunjiankong 1239173"
125.88.222.250 - - [02/Feb/2017:19:20:26 +0800] "HEAD / HTTP/1.1" 200 - "-" "Mozilla/5.0 (compatible; MSIE 7.0; Windows NT 5.1; .NET CLR 1.1.4322) 360JK yunjiankong 1239173"
111.206.241.76 - - [02/Feb/2017:19:27:39 +0800] "HEAD / HTTP/1.1" 200 - "-" "Mozilla/5.0 (compatible; MSIE 7.0; Windows NT 5.1; .NET CLR 1.1.4322) 360JK yunjiankong 1239173"
101.226.162.90 - - [02/Feb/2017:19:28:33 +0800] "HEAD / HTTP/1.1" 200 - "-" "Mozilla/5.0 (compatible; MSIE 7.0; Windows NT 5.1; .NET CLR 1.1.4322) 360JK yunjiankong 1239173"
125.88.222.250 - - [02/Feb/2017:19:30:26 +0800] "HEAD / HTTP/1.1" 200 - "-" "Mozilla/5.0 (compatible; MSIE 7.0; Windows NT 5.1; .NET CLR 1.1.4322) 360JK yunjiankong 1239173"
125.88.222.250 - - [02/Feb/2017:19:30:56 +0800] "HEAD / HTTP/1.1" 200 - "-" "Mozilla/5.0 (compatible; MSIE 7.0; Windows NT 5.1; .NET CLR 1.1.4322) 360JK yunjiankong 1239173"
121.199.70.200 - - [02/Feb/2017:19:36:33 +0800] "GET / HTTP/1.1" 200 26 "-" "-"
111.206.241.76 - - [02/Feb/2017:19:38:08 +0800] "HEAD / HTTP/1.1" 200 - "-" "Mozilla/5.0 (compatible; MSIE 7.0; Windows NT 5.1; .NET CLR 1.1.4322) 360JK yunjiankong 1239173"
106.120.161.68 - - [02/Feb/2017:19:47:52 +0800] "GET / HTTP/1.1" 200 26 "-" "Mozilla/5.0 (Windows NT 6.3; WOW64) AppleWebKit/537.36 (KHTML, like Gecko) Chrome/33.0.1750.117 Safari/537.36"
101.226.162.90 - - [02/Feb/2017:19:48:03 +0800] "HEAD / HTTP/1.1" 200 - "-" "Mozilla/5.0 (compatible; MSIE 7.0; Windows NT 5.1; .NET CLR 1.1.4322) 360JK yunjiankong 1239173"
101.226.162.90 - - [02/Feb/2017:19:49:03 +0800] "HEAD / HTTP/1.1" 200 - "-" "Mozilla/5.0 (compatible; MSIE 7.0; Windows NT 5.1; .NET CLR 1.1.4322) 360JK yunjiankong 1239173"
125.88.222.250 - - [02/Feb/2017:19:49:56 +0800] "HEAD / HTTP/1.1" 200 - "-" "Mozilla/5.0 (compatible; MSIE 7.0; Windows NT 5.1; .NET CLR 1.1.4322) 360JK yunjiankong 1239173"
59.108.58.242 - - [02/Feb/2017:19:52:14 +0800] "GET / HTTP/1.1" 200 26 "-" "Mozilla/5.0 (Windows NT 10.0; WOW64) AppleWebKit/537.36 (KHTML, like Gecko) Chrome/49.0.2623.110 Safari/537.36"
111.206.241.76 - - [02/Feb/2017:19:57:09 +0800] "HEAD / HTTP/1.1" 200 - "-" "Mozilla/5.0 (compatible; MSIE 7.0; Windows NT 5.1; .NET CLR 1.1.4322) 360JK yunjiankong 1239173"
125.88.222.250 - - [02/Feb/2017:19:59:56 +0800] "HEAD / HTTP/1.1" 200 - "-" "Mozilla/5.0 (compatible; MSIE 7.0; Windows NT 5.1; .NET CLR 1.1.4322) 360JK yunjiankong 1239173"
125.88.222.250 - - [02/Feb/2017:20:00:26 +0800] "HEAD / HTTP/1.1" 200 - "-" "Mozilla/5.0 (compatible; MSIE 7.0; Windows NT 5.1; .NET CLR 1.1.4322) 360JK yunjiankong 1239173"
125.88.222.250 - - [02/Feb/2017:20:10:27 +0800] "HEAD / HTTP/1.1" 200 - "-" "Mozilla/5.0 (compatible; MSIE 7.0; Windows NT 5.1; .NET CLR 1.1.4322) 360JK yunjiankong 1239173"
101.226.162.90 - - [02/Feb/2017:20:18:03 +0800] "HEAD / HTTP/1.1" 200 - "-" "Mozilla/5.0 (compatible; MSIE 7.0; Windows NT 5.1; .NET CLR 1.1.4322) 360JK yunjiankong 1239173"
111.206.241.76 - - [02/Feb/2017:20:18:09 +0800] "HEAD / HTTP/1.1" 200 - "-" "Mozilla/5.0 (compatible; MSIE 7.0; Windows NT 5.1; .NET CLR 1.1.4322) 360JK yunjiankong 1239173"
