101.226.162.90 - - [30/Jan/2017:03:47:14 +0800] "HEAD / HTTP/1.1" 200 - "-" "Mozilla/5.0 (compatible; MSIE 7.0; Windows NT 5.1; .NET CLR 1.1.4322) 360JK yunjiankong 1239173"
95.213.187.188 - - [30/Jan/2017:03:49:19 +0800] "CONNECT check.best-proxies.ru:80 HTTP/1.1" 400 226 "-" "-"
1.162.174.241 - - [30/Jan/2017:03:49:52 +0800] "CONNECT mx-tw.mail.gm0.yahoodns.net:25 HTTP/1.0" 405 235 "-" "-"
111.206.241.76 - - [30/Jan/2017:03:50:18 +0800] "HEAD / HTTP/1.1" 200 - "-" "Mozilla/5.0 (compatible; MSIE 7.0; Windows NT 5.1; .NET CLR 1.1.4322) 360JK yunjiankong 1239173"
1.162.174.241 - - [30/Jan/2017:03:50:45 +0800] "CONNECT mx-tw.mail.gm0.yahoodns.net:25 HTTP/1.0" 405 235 "-" "-"
111.206.241.76 - - [30/Jan/2017:03:50:48 +0800] "HEAD / HTTP/1.1" 200 - "-" "Mozilla/5.0 (compatible; MSIE 7.0; Windows NT 5.1; .NET CLR 1.1.4322) 360JK yunjiankong 1239173"
125.88.222.250 - - [30/Jan/2017:03:54:47 +0800] "HEAD / HTTP/1.1" 200 - "-" "Mozilla/5.0 (compatible; MSIE 7.0; Windows NT 5.1; .NET CLR 1.1.4322) 360JK yunjiankong 1239173"
111.206.241.76 - - [30/Jan/2017:04:00:47 +0800] "HEAD / HTTP/1.1" 200 - "-" "Mozilla/5.0 (compatible; MSIE 7.0; Windows NT 5.1; .NET CLR 1.1.4322) 360JK yunjiankong 1239173"
222.95.251.119 - - [30/Jan/2017:04:01:55 +0800] "GET HTTP://www.baidu.com/ HTTP/1.1" 200 26 "-" "-"
125.88.222.250 - - [30/Jan/2017:04:03:47 +0800] "HEAD / HTTP/1.1" 200 - "-" "Mozilla/5.0 (compatible; MSIE 7.0; Windows NT 5.1; .NET CLR 1.1.4322) 360JK yunjiankong 1239173"
101.226.162.90 - - [30/Jan/2017:04:07:13 +0800] "HEAD / HTTP/1.1" 200 - "-" "Mozilla/5.0 (compatible; MSIE 7.0; Windows NT 5.1; .NET CLR 1.1.4322) 360JK yunjiankong 1239173"
218.85.134.47 - - [30/Jan/2017:04:10:42 +0800] "HEAD http://tdjypx.cn/ HTTP/1.1" 200 - "-" "Java/1.7.0_111"
125.88.222.250 - - [30/Jan/2017:04:14:17 +0800] "HEAD / HTTP/1.1" 200 - "-" "Mozilla/5.0 (compatible; MSIE 7.0; Windows NT 5.1; .NET CLR 1.1.4322) 360JK yunjiankong 1239173"
222.95.251.119 - - [30/Jan/2017:04:19:45 +0800] "GET HTTP://www.baidu.com/ HTTP/1.1" 200 26 "-" "-"
125.88.222.250 - - [30/Jan/2017:04:24:13 +0800] "HEAD / HTTP/1.1" 200 - "-" "Mozilla/5.0 (compatible; MSIE 7.0; Windows NT 5.1; .NET CLR 1.1.4322) 360JK yunjiankong 1239173"
101.226.162.90 - - [30/Jan/2017:04:26:44 +0800] "HEAD / HTTP/1.1" 200 - "-" "Mozilla/5.0 (compatible; MSIE 7.0; Windows NT 5.1; .NET CLR 1.1.4322) 360JK yunjiankong 1239173"
36.110.211.69 - - [30/Jan/2017:04:31:58 +0800] "GET / HTTP/1.1" 200 26 "-" "Mozilla/5.0 (Windows NT 6.3; WOW64) AppleWebKit/537.36 (KHTML, like Gecko) Chrome/33.0.1750.117 Safari/537.36"
101.226.162.90 - - [30/Jan/2017:04:36:43 +0800] "HEAD / HTTP/1.1" 200 - "-" "Mozilla/5.0 (compatible; MSIE 7.0; Windows NT 5.1; .NET CLR 1.1.4322) 360JK yunjiankong 1239173"
222.95.251.119 - - [30/Jan/2017:04:37:38 +0800] "GET HTTP://www.baidu.com/ HTTP/1.1" 200 26 "-" "-"
101.226.162.90 - - [30/Jan/2017:04:37:44 +0800] "HEAD / HTTP/1.1" 200 - "-" "Mozilla/5.0 (compatible; MSIE 7.0; Windows NT 5.1; .NET CLR 1.1.4322) 360JK yunjiankong 1239173"
111.206.241.76 - - [30/Jan/2017:04:39:48 +0800] "HEAD / HTTP/1.1" 200 - "-" "Mozilla/5.0 (compatible; MSIE 7.0; Windows NT 5.1; .NET CLR 1.1.4322) 360JK yunjiankong 1239173"
1.162.174.241 - - [30/Jan/2017:04:43:26 +0800] "CONNECT mx-tw.mail.gm0.yahoodns.net:25 HTTP/1.0" 405 235 "-" "-"
125.88.222.250 - - [30/Jan/2017:04:43:46 +0800] "HEAD / HTTP/1.1" 200 - "-" "Mozilla/5.0 (compatible; MSIE 7.0; Windows NT 5.1; .NET CLR 1.1.4322) 360JK yunjiankong 1239173"
125.88.222.250 - - [30/Jan/2017:04:44:16 +0800] "HEAD / HTTP/1.1" 200 - "-" "Mozilla/5.0 (compatible; MSIE 7.0; Windows NT 5.1; .NET CLR 1.1.4322) 360JK yunjiankong 1239173"
101.226.162.90 - - [30/Jan/2017:04:46:44 +0800] "HEAD / HTTP/1.1" 200 - "-" "Mozilla/5.0 (compatible; MSIE 7.0; Windows NT 5.1; .NET CLR 1.1.4322) 360JK yunjiankong 1239173"
101.226.162.90 - - [30/Jan/2017:04:47:44 +0800] "HEAD / HTTP/1.1" 200 - "-" "Mozilla/5.0 (compatible; MSIE 7.0; Windows NT 5.1; .NET CLR 1.1.4322) 360JK yunjiankong 1239173"
111.206.241.76 - - [30/Jan/2017:04:50:18 +0800] "HEAD / HTTP/1.1" 200 - "-" "Mozilla/5.0 (compatible; MSIE 7.0; Windows NT 5.1; .NET CLR 1.1.4322) 360JK yunjiankong 1239173"
111.206.241.76 - - [30/Jan/2017:04:50:48 +0800] "HEAD / HTTP/1.1" 200 - "-" "Mozilla/5.0 (compatible; MSIE 7.0; Windows NT 5.1; .NET CLR 1.1.4322) 360JK yunjiankong 1239173"
222.95.251.119 - - [30/Jan/2017:04:55:42 +0800] "GET HTTP://www.baidu.com/ HTTP/1.1" 200 26 "-" "-"
101.226.162.90 - - [30/Jan/2017:04:56:43 +0800] "HEAD / HTTP/1.1" 200 - "-" "Mozilla/5.0 (compatible; MSIE 7.0; Windows NT 5.1; .NET CLR 1.1.4322) 360JK yunjiankong 1239173"
101.226.162.90 - - [30/Jan/2017:04:57:43 +0800] "HEAD / HTTP/1.1" 200 - "-" "Mozilla/5.0 (compatible; MSIE 7.0; Windows NT 5.1; .NET CLR 1.1.4322) 360JK yunjiankong 1239173"
111.206.241.76 - - [30/Jan/2017:05:00:18 +0800] "HEAD / HTTP/1.1" 200 - "-" "Mozilla/5.0 (compatible; MSIE 7.0; Windows NT 5.1; .NET CLR 1.1.4322) 360JK yunjiankong 1239173"
139.162.88.63 - - [30/Jan/2017:05:00:36 +0800] "GET http://clientapi.ipip.net/echo.php?info=1234567890 HTTP/1.1" 404 206 "-" "Go-http-client/1.1"
125.88.222.250 - - [30/Jan/2017:05:03:43 +0800] "HEAD / HTTP/1.1" 200 - "-" "Mozilla/5.0 (compatible; MSIE 7.0; Windows NT 5.1; .NET CLR 1.1.4322) 360JK yunjiankong 1239173"
125.88.222.250 - - [30/Jan/2017:05:04:44 +0800] "HEAD / HTTP/1.1" 200 - "-" "Mozilla/5.0 (compatible; MSIE 7.0; Windows NT 5.1; .NET CLR 1.1.4322) 360JK yunjiankong 1239173"
101.226.162.90 - - [30/Jan/2017:05:07:45 +0800] "HEAD / HTTP/1.1" 200 - "-" "Mozilla/5.0 (compatible; MSIE 7.0; Windows NT 5.1; .NET CLR 1.1.4322) 360JK yunjiankong 1239173"
121.42.210.61 - - [30/Jan/2017:05:08:19 +0800] "GET / HTTP/1.1" 200 26 "-" "-"
1.162.169.9 - - [30/Jan/2017:05:09:01 +0800] "CONNECT mx-tw.mail.gm0.yahoodns.net:25 HTTP/1.0" 405 235 "-" "-"
222.95.251.119 - - [30/Jan/2017:05:13:29 +0800] "GET HTTP://www.baidu.com/ HTTP/1.1" 200 26 "-" "-"
125.88.222.250 - - [30/Jan/2017:05:13:46 +0800] "HEAD / HTTP/1.1" 200 - "-" "Mozilla/5.0 (compatible; MSIE 7.0; Windows NT 5.1; .NET CLR 1.1.4322) 360JK yunjiankong 1239173"
125.88.222.250 - - [30/Jan/2017:05:14:17 +0800] "HEAD / HTTP/1.1" 200 - "-" "Mozilla/5.0 (compatible; MSIE 7.0; Windows NT 5.1; .NET CLR 1.1.4322) 360JK yunjiankong 1239173"
125.88.222.250 - - [30/Jan/2017:05:14:47 +0800] "HEAD / HTTP/1.1" 200 - "-" "Mozilla/5.0 (compatible; MSIE 7.0; Windows NT 5.1; .NET CLR 1.1.4322) 360JK yunjiankong 1239173"
101.226.162.90 - - [30/Jan/2017:05:17:44 +0800] "HEAD / HTTP/1.1" 200 - "-" "Mozilla/5.0 (compatible; MSIE 7.0; Windows NT 5.1; .NET CLR 1.1.4322) 360JK yunjiankong 1239173"
111.206.241.76 - - [30/Jan/2017:05:20:51 +0800] "HEAD / HTTP/1.1" 200 - "-" "Mozilla/5.0 (compatible; MSIE 7.0; Windows NT 5.1; .NET CLR 1.1.4322) 360JK yunjiankong 1239173"
42.156.251.185 - - [30/Jan/2017:05:22:33 +0800] "GET / HTTP/1.0" 200 26 "-" "spiderman"
125.88.222.250 - - [30/Jan/2017:05:24:43 +0800] "HEAD / HTTP/1.1" 200 - "-" "Mozilla/5.0 (compatible; MSIE 7.0; Windows NT 5.1; .NET CLR 1.1.4322) 360JK yunjiankong 1239173"
101.226.162.90 - - [30/Jan/2017:05:27:14 +0800] "HEAD / HTTP/1.1" 200 - "-" "Mozilla/5.0 (compatible; MSIE 7.0; Windows NT 5.1; .NET CLR 1.1.4322) 360JK yunjiankong 1239173"
222.95.251.119 - - [30/Jan/2017:05:31:16 +0800] "GET HTTP://www.baidu.com/ HTTP/1.1" 200 26 "-" "-"
101.4.110.154 - - [30/Jan/2017:05:31:24 +0800] "GET / HTTP/1.1" 200 26 "-" "Mozilla/5.0 (X11; U; Linux i686)Gecko/20071127 Firefox/2.0.0.11"
125.88.222.250 - - [30/Jan/2017:05:33:44 +0800] "HEAD / HTTP/1.1" 200 - "-" "Mozilla/5.0 (compatible; MSIE 7.0; Windows NT 5.1; .NET CLR 1.1.4322) 360JK yunjiankong 1239173"
1.162.169.9 - - [30/Jan/2017:05:35:24 +0800] "CONNECT mx-tw.mail.gm0.yahoodns.net:25 HTTP/1.0" 405 235 "-" "-"
101.226.162.90 - - [30/Jan/2017:05:36:43 +0800] "HEAD / HTTP/1.1" 200 - "-" "Mozilla/5.0 (compatible; MSIE 7.0; Windows NT 5.1; .NET CLR 1.1.4322) 360JK yunjiankong 1239173"
101.226.162.90 - - [30/Jan/2017:05:37:13 +0800] "HEAD / HTTP/1.1" 200 - "-" "Mozilla/5.0 (compatible; MSIE 7.0; Windows NT 5.1; .NET CLR 1.1.4322) 360JK yunjiankong 1239173"
111.206.241.76 - - [30/Jan/2017:05:40:18 +0800] "HEAD / HTTP/1.1" 200 - "-" "Mozilla/5.0 (compatible; MSIE 7.0; Windows NT 5.1; .NET CLR 1.1.4322) 360JK yunjiankong 1239173"
111.206.241.76 - - [30/Jan/2017:05:40:48 +0800] "HEAD / HTTP/1.1" 200 - "-" "Mozilla/5.0 (compatible; MSIE 7.0; Windows NT 5.1; .NET CLR 1.1.4322) 360JK yunjiankong 1239173"
172.82.166.210 - - [30/Jan/2017:05:43:15 +0800] "GET http://www.baidu.com/cache/global/img/gs.gif HTTP/1.1" 404 221 "-" "Mozilla"
106.120.161.68 - - [30/Jan/2017:05:43:39 +0800] "GET / HTTP/1.1" 200 26 "-" "Mozilla/5.0 (Windows NT 6.3; WOW64) AppleWebKit/537.36 (KHTML, like Gecko) Chrome/33.0.1750.117 Safari/537.36"
222.95.251.119 - - [30/Jan/2017:05:48:59 +0800] "GET HTTP://www.baidu.com/ HTTP/1.1" 200 26 "-" "-"
111.206.241.76 - - [30/Jan/2017:05:50:19 +0800] "HEAD / HTTP/1.1" 200 - "-" "Mozilla/5.0 (compatible; MSIE 7.0; Windows NT 5.1; .NET CLR 1.1.4322) 360JK yunjiankong 1239173"
101.226.162.90 - - [30/Jan/2017:05:56:44 +0800] "HEAD / HTTP/1.1" 200 - "-" "Mozilla/5.0 (compatible; MSIE 7.0; Windows NT 5.1; .NET CLR 1.1.4322) 360JK yunjiankong 1239173"
1.162.169.9 - - [30/Jan/2017:06:01:35 +0800] "CONNECT mx-tw.mail.gm0.yahoodns.net:25 HTTP/1.0" 405 235 "-" "-"
1.162.169.9 - - [30/Jan/2017:06:02:19 +0800] "CONNECT mx-tw.mail.gm0.yahoodns.net:25 HTTP/1.0" 405 235 "-" "-"
125.88.222.250 - - [30/Jan/2017:06:03:42 +0800] "HEAD / HTTP/1.1" 200 - "-" "Mozilla/5.0 (compatible; MSIE 7.0; Windows NT 5.1; .NET CLR 1.1.4322) 360JK yunjiankong 1239173"
1.162.169.9 - - [30/Jan/2017:06:03:45 +0800] "CONNECT mx-tw.mail.gm0.yahoodns.net:25 HTTP/1.0" 405 235 "-" "-"
125.88.222.250 - - [30/Jan/2017:06:04:13 +0800] "HEAD / HTTP/1.1" 200 - "-" "Mozilla/5.0 (compatible; MSIE 7.0; Windows NT 5.1; .NET CLR 1.1.4322) 360JK yunjiankong 1239173"
222.95.251.119 - - [30/Jan/2017:06:07:13 +0800] "GET HTTP://www.baidu.com/ HTTP/1.1" 200 26 "-" "-"
101.226.162.90 - - [30/Jan/2017:06:07:43 +0800] "HEAD / HTTP/1.1" 200 - "-" "Mozilla/5.0 (compatible; MSIE 7.0; Windows NT 5.1; .NET CLR 1.1.4322) 360JK yunjiankong 1239173"
111.206.241.76 - - [30/Jan/2017:06:10:48 +0800] "HEAD / HTTP/1.1" 200 - "-" "Mozilla/5.0 (compatible; MSIE 7.0; Windows NT 5.1; .NET CLR 1.1.4322) 360JK yunjiankong 1239173"
36.110.211.2 - - [30/Jan/2017:06:11:46 +0800] "GET / HTTP/1.1" 200 26 "-" "Mozilla/5.0 (Windows NT 6.3; WOW64) AppleWebKit/537.36 (KHTML, like Gecko) Chrome/33.0.1750.117 Safari/537.36"
125.88.222.250 - - [30/Jan/2017:06:14:44 +0800] "HEAD / HTTP/1.1" 200 - "-" "Mozilla/5.0 (compatible; MSIE 7.0; Windows NT 5.1; .NET CLR 1.1.4322) 360JK yunjiankong 1239173"
101.226.162.90 - - [30/Jan/2017:06:16:44 +0800] "HEAD / HTTP/1.1" 200 - "-" "Mozilla/5.0 (compatible; MSIE 7.0; Windows NT 5.1; .NET CLR 1.1.4322) 360JK yunjiankong 1239173"
101.226.162.90 - - [30/Jan/2017:06:17:44 +0800] "HEAD / HTTP/1.1" 200 - "-" "Mozilla/5.0 (compatible; MSIE 7.0; Windows NT 5.1; .NET CLR 1.1.4322) 360JK yunjiankong 1239173"
222.95.251.119 - - [30/Jan/2017:06:25:01 +0800] "GET HTTP://www.baidu.com/ HTTP/1.1" 200 26 "-" "-"
101.226.162.90 - - [30/Jan/2017:06:26:43 +0800] "HEAD / HTTP/1.1" 200 - "-" "Mozilla/5.0 (compatible; MSIE 7.0; Windows NT 5.1; .NET CLR 1.1.4322) 360JK yunjiankong 1239173"
101.226.162.90 - - [30/Jan/2017:06:27:44 +0800] "HEAD / HTTP/1.1" 200 - "-" "Mozilla/5.0 (compatible; MSIE 7.0; Windows NT 5.1; .NET CLR 1.1.4322) 360JK yunjiankong 1239173"
106.120.161.66 - - [30/Jan/2017:06:28:13 +0800] "GET / HTTP/1.1" 200 26 "-" "Mozilla/5.0 (Windows NT 6.3; WOW64) AppleWebKit/537.36 (KHTML, like Gecko) Chrome/33.0.1750.117 Safari/537.36"
1.162.169.9 - - [30/Jan/2017:06:28:31 +0800] "CONNECT mx-tw.mail.gm0.yahoodns.net:25 HTTP/1.0" 405 235 "-" "-"
1.162.169.9 - - [30/Jan/2017:06:29:45 +0800] "CONNECT mx-tw.mail.gm0.yahoodns.net:25 HTTP/1.0" 405 235 "-" "-"
200.98.168.147 - - [30/Jan/2017:06:30:33 +0800] "GET /muieblackcat HTTP/1.1" 404 210 "-" "-"
200.98.168.147 - - [30/Jan/2017:06:30:34 +0800] "GET //phpMyAdmin/scripts/setup.php HTTP/1.1" 404 226 "-" "-"
200.98.168.147 - - [30/Jan/2017:06:30:35 +0800] "GET //phpmyadmin/scripts/setup.php HTTP/1.1" 404 226 "-" "-"
200.98.168.147 - - [30/Jan/2017:06:30:36 +0800] "GET //pma/scripts/setup.php HTTP/1.1" 404 219 "-" "-"
200.98.168.147 - - [30/Jan/2017:06:30:36 +0800] "GET //myadmin/scripts/setup.php HTTP/1.1" 404 223 "-" "-"
200.98.168.147 - - [30/Jan/2017:06:30:37 +0800] "GET //MyAdmin/scripts/setup.php HTTP/1.1" 404 223 "-" "-"
111.206.241.76 - - [30/Jan/2017:06:30:49 +0800] "HEAD / HTTP/1.1" 200 - "-" "Mozilla/5.0 (compatible; MSIE 7.0; Windows NT 5.1; .NET CLR 1.1.4322) 360JK yunjiankong 1239173"
125.88.222.250 - - [30/Jan/2017:06:34:42 +0800] "HEAD / HTTP/1.1" 200 - "-" "Mozilla/5.0 (compatible; MSIE 7.0; Windows NT 5.1; .NET CLR 1.1.4322) 360JK yunjiankong 1239173"
101.226.162.90 - - [30/Jan/2017:06:36:43 +0800] "HEAD / HTTP/1.1" 200 - "-" "Mozilla/5.0 (compatible; MSIE 7.0; Windows NT 5.1; .NET CLR 1.1.4322) 360JK yunjiankong 1239173"
111.206.241.76 - - [30/Jan/2017:06:40:48 +0800] "HEAD / HTTP/1.1" 200 - "-" "Mozilla/5.0 (compatible; MSIE 7.0; Windows NT 5.1; .NET CLR 1.1.4322) 360JK yunjiankong 1239173"
42.156.251.187 - - [30/Jan/2017:06:42:00 +0800] "GET / HTTP/1.0" 200 26 "-" "spiderman"
42.156.251.187 - - [30/Jan/2017:06:42:36 +0800] "GET / HTTP/1.0" 200 26 "-" "spiderman"
222.95.251.119 - - [30/Jan/2017:06:42:52 +0800] "GET HTTP://www.baidu.com/ HTTP/1.1" 200 26 "-" "-"
125.88.222.250 - - [30/Jan/2017:06:44:43 +0800] "HEAD / HTTP/1.1" 200 - "-" "Mozilla/5.0 (compatible; MSIE 7.0; Windows NT 5.1; .NET CLR 1.1.4322) 360JK yunjiankong 1239173"
1.162.169.9 - - [30/Jan/2017:06:54:18 +0800] "CONNECT mx-tw.mail.gm0.yahoodns.net:25 HTTP/1.0" 405 235 "-" "-"
1.162.169.9 - - [30/Jan/2017:06:55:21 +0800] "CONNECT mx-tw.mail.gm0.yahoodns.net:25 HTTP/1.0" 405 235 "-" "-"
101.226.162.90 - - [30/Jan/2017:06:56:43 +0800] "HEAD / HTTP/1.1" 200 - "-" "Mozilla/5.0 (compatible; MSIE 7.0; Windows NT 5.1; .NET CLR 1.1.4322) 360JK yunjiankong 1239173"
111.206.241.76 - - [30/Jan/2017:07:00:18 +0800] "HEAD / HTTP/1.1" 200 - "-" "Mozilla/5.0 (compatible; MSIE 7.0; Windows NT 5.1; .NET CLR 1.1.4322) 360JK yunjiankong 1239173"
222.95.251.119 - - [30/Jan/2017:07:00:51 +0800] "GET HTTP://www.baidu.com/ HTTP/1.1" 200 26 "-" "-"
125.88.222.250 - - [30/Jan/2017:07:04:11 +0800] "HEAD / HTTP/1.1" 200 - "-" "Mozilla/5.0 (compatible; MSIE 7.0; Windows NT 5.1; .NET CLR 1.1.4322) 360JK yunjiankong 1239173"
125.88.222.250 - - [30/Jan/2017:07:13:44 +0800] "HEAD / HTTP/1.1" 200 - "-" "Mozilla/5.0 (compatible; MSIE 7.0; Windows NT 5.1; .NET CLR 1.1.4322) 360JK yunjiankong 1239173"
125.88.222.250 - - [30/Jan/2017:07:14:45 +0800] "HEAD / HTTP/1.1" 200 - "-" "Mozilla/5.0 (compatible; MSIE 7.0; Windows NT 5.1; .NET CLR 1.1.4322) 360JK yunjiankong 1239173"
101.226.162.90 - - [30/Jan/2017:07:17:13 +0800] "HEAD / HTTP/1.1" 200 - "-" "Mozilla/5.0 (compatible; MSIE 7.0; Windows NT 5.1; .NET CLR 1.1.4322) 360JK yunjiankong 1239173"
101.226.162.90 - - [30/Jan/2017:07:17:43 +0800] "HEAD / HTTP/1.1" 200 - "-" "Mozilla/5.0 (compatible; MSIE 7.0; Windows NT 5.1; .NET CLR 1.1.4322) 360JK yunjiankong 1239173"
222.95.251.119 - - [30/Jan/2017:07:18:40 +0800] "GET HTTP://www.baidu.com/ HTTP/1.1" 200 26 "-" "-"
1.162.169.9 - - [30/Jan/2017:07:20:37 +0800] "CONNECT mx-tw.mail.gm0.yahoodns.net:25 HTTP/1.0" 405 235 "-" "-"
125.88.222.250 - - [30/Jan/2017:07:24:12 +0800] "HEAD / HTTP/1.1" 200 - "-" "Mozilla/5.0 (compatible; MSIE 7.0; Windows NT 5.1; .NET CLR 1.1.4322) 360JK yunjiankong 1239173"
42.156.251.188 - - [30/Jan/2017:07:27:37 +0800] "GET / HTTP/1.0" 200 26 "-" "spiderman"
111.206.241.76 - - [30/Jan/2017:07:30:19 +0800] "HEAD / HTTP/1.1" 200 - "-" "Mozilla/5.0 (compatible; MSIE 7.0; Windows NT 5.1; .NET CLR 1.1.4322) 360JK yunjiankong 1239173"
111.206.241.76 - - [30/Jan/2017:07:30:50 +0800] "HEAD / HTTP/1.1" 200 - "-" "Mozilla/5.0 (compatible; MSIE 7.0; Windows NT 5.1; .NET CLR 1.1.4322) 360JK yunjiankong 1239173"
167.160.182.30 - - [30/Jan/2017:07:33:37 +0800] "GET / HTTP/1.1" 200 26 "-" "Mozilla/4.0 (compatible; MSIE 6.0; Windows NT 5.0)"
125.88.222.250 - - [30/Jan/2017:07:33:44 +0800] "HEAD / HTTP/1.1" 200 - "-" "Mozilla/5.0 (compatible; MSIE 7.0; Windows NT 5.1; .NET CLR 1.1.4322) 360JK yunjiankong 1239173"
222.95.251.119 - - [30/Jan/2017:07:36:26 +0800] "GET HTTP://www.baidu.com/ HTTP/1.1" 200 26 "-" "-"
111.206.52.124 - - [30/Jan/2017:07:36:57 +0800] "GET / HTTP/1.1" 200 26 "-" "Mozilla/5.0 (Windows NT 6.3; WOW64) AppleWebKit/537.36 (KHTML, like Gecko) Chrome/33.0.1750.117 Safari/537.36"
101.226.162.90 - - [30/Jan/2017:07:37:44 +0800] "HEAD / HTTP/1.1" 200 - "-" "Mozilla/5.0 (compatible; MSIE 7.0; Windows NT 5.1; .NET CLR 1.1.4322) 360JK yunjiankong 1239173"
111.206.241.76 - - [30/Jan/2017:07:39:47 +0800] "HEAD / HTTP/1.1" 200 - "-" "Mozilla/5.0 (compatible; MSIE 7.0; Windows NT 5.1; .NET CLR 1.1.4322) 360JK yunjiankong 1239173"
101.226.162.90 - - [30/Jan/2017:07:46:43 +0800] "HEAD / HTTP/1.1" 200 - "-" "Mozilla/5.0 (compatible; MSIE 7.0; Windows NT 5.1; .NET CLR 1.1.4322) 360JK yunjiankong 1239173"
1.162.169.9 - - [30/Jan/2017:07:47:15 +0800] "CONNECT mx-tw.mail.gm0.yahoodns.net:25 HTTP/1.0" 405 235 "-" "-"
1.162.169.9 - - [30/Jan/2017:07:48:14 +0800] "CONNECT mx-tw.mail.gm0.yahoodns.net:25 HTTP/1.0" 405 235 "-" "-"
111.206.241.76 - - [30/Jan/2017:07:50:49 +0800] "HEAD / HTTP/1.1" 200 - "-" "Mozilla/5.0 (compatible; MSIE 7.0; Windows NT 5.1; .NET CLR 1.1.4322) 360JK yunjiankong 1239173"
125.88.222.250 - - [30/Jan/2017:07:54:13 +0800] "HEAD / HTTP/1.1" 200 - "-" "Mozilla/5.0 (compatible; MSIE 7.0; Windows NT 5.1; .NET CLR 1.1.4322) 360JK yunjiankong 1239173"
222.95.251.119 - - [30/Jan/2017:07:54:13 +0800] "GET HTTP://www.baidu.com/ HTTP/1.1" 200 26 "-" "-"
185.110.132.231 - - [30/Jan/2017:07:55:40 +0800] "GET / HTTP/1.1" 200 26 "-" "Scanbot"
101.226.162.90 - - [30/Jan/2017:07:56:43 +0800] "HEAD / HTTP/1.1" 200 - "-" "Mozilla/5.0 (compatible; MSIE 7.0; Windows NT 5.1; .NET CLR 1.1.4322) 360JK yunjiankong 1239173"
101.226.162.90 - - [30/Jan/2017:08:06:44 +0800] "HEAD / HTTP/1.1" 200 - "-" "Mozilla/5.0 (compatible; MSIE 7.0; Windows NT 5.1; .NET CLR 1.1.4322) 360JK yunjiankong 1239173"
101.226.162.90 - - [30/Jan/2017:08:07:14 +0800] "HEAD / HTTP/1.1" 200 - "-" "Mozilla/5.0 (compatible; MSIE 7.0; Windows NT 5.1; .NET CLR 1.1.4322) 360JK yunjiankong 1239173"
101.226.162.90 - - [30/Jan/2017:08:07:44 +0800] "HEAD / HTTP/1.1" 200 - "-" "Mozilla/5.0 (compatible; MSIE 7.0; Windows NT 5.1; .NET CLR 1.1.4322) 360JK yunjiankong 1239173"
111.206.241.76 - - [30/Jan/2017:08:09:47 +0800] "HEAD / HTTP/1.1" 200 - "-" "Mozilla/5.0 (compatible; MSIE 7.0; Windows NT 5.1; .NET CLR 1.1.4322) 360JK yunjiankong 1239173"
111.206.241.76 - - [30/Jan/2017:08:10:48 +0800] "HEAD / HTTP/1.1" 200 - "-" "Mozilla/5.0 (compatible; MSIE 7.0; Windows NT 5.1; .NET CLR 1.1.4322) 360JK yunjiankong 1239173"
222.95.251.119 - - [30/Jan/2017:08:12:19 +0800] "GET HTTP://www.baidu.com/ HTTP/1.1" 200 26 "-" "-"
1.162.169.9 - - [30/Jan/2017:08:13:45 +0800] "CONNECT mx-tw.mail.gm0.yahoodns.net:25 HTTP/1.0" 405 235 "-" "-"
125.88.222.250 - - [30/Jan/2017:08:14:13 +0800] "HEAD / HTTP/1.1" 200 - "-" "Mozilla/5.0 (compatible; MSIE 7.0; Windows NT 5.1; .NET CLR 1.1.4322) 360JK yunjiankong 1239173"
101.226.162.90 - - [30/Jan/2017:08:17:43 +0800] "HEAD / HTTP/1.1" 200 - "-" "Mozilla/5.0 (compatible; MSIE 7.0; Windows NT 5.1; .NET CLR 1.1.4322) 360JK yunjiankong 1239173"
125.88.222.250 - - [30/Jan/2017:08:23:44 +0800] "HEAD / HTTP/1.1" 200 - "-" "Mozilla/5.0 (compatible; MSIE 7.0; Windows NT 5.1; .NET CLR 1.1.4322) 360JK yunjiankong 1239173"
125.88.222.250 - - [30/Jan/2017:08:24:14 +0800] "HEAD / HTTP/1.1" 200 - "-" "Mozilla/5.0 (compatible; MSIE 7.0; Windows NT 5.1; .NET CLR 1.1.4322) 360JK yunjiankong 1239173"
103.242.202.196 - - [30/Jan/2017:08:25:12 +0800] "HEAD http://tdjypx.cn/ HTTP/1.1" 200 - "-" "Java/1.7.0_91"
101.226.162.90 - - [30/Jan/2017:08:27:44 +0800] "HEAD / HTTP/1.1" 200 - "-" "Mozilla/5.0 (compatible; MSIE 7.0; Windows NT 5.1; .NET CLR 1.1.4322) 360JK yunjiankong 1239173"
222.95.251.119 - - [30/Jan/2017:08:30:09 +0800] "GET HTTP://www.baidu.com/ HTTP/1.1" 200 26 "-" "-"
111.206.241.76 - - [30/Jan/2017:08:30:30 +0800] "HEAD / HTTP/1.1" 200 - "-" "Mozilla/5.0 (compatible; MSIE 7.0; Windows NT 5.1; .NET CLR 1.1.4322) 360JK yunjiankong 1239173"
95.213.187.186 - - [30/Jan/2017:08:33:32 +0800] "CONNECT check.best-proxies.ru:80 HTTP/1.1" 400 226 "-" "-"
125.88.222.250 - - [30/Jan/2017:08:33:42 +0800] "HEAD / HTTP/1.1" 200 - "-" "Mozilla/5.0 (compatible; MSIE 7.0; Windows NT 5.1; .NET CLR 1.1.4322) 360JK yunjiankong 1239173"
125.88.222.250 - - [30/Jan/2017:08:34:44 +0800] "HEAD / HTTP/1.1" 200 - "-" "Mozilla/5.0 (compatible; MSIE 7.0; Windows NT 5.1; .NET CLR 1.1.4322) 360JK yunjiankong 1239173"
101.226.162.90 - - [30/Jan/2017:08:36:43 +0800] "HEAD / HTTP/1.1" 200 - "-" "Mozilla/5.0 (compatible; MSIE 7.0; Windows NT 5.1; .NET CLR 1.1.4322) 360JK yunjiankong 1239173"
101.226.162.90 - - [30/Jan/2017:08:37:13 +0800] "HEAD / HTTP/1.1" 200 - "-" "Mozilla/5.0 (compatible; MSIE 7.0; Windows NT 5.1; .NET CLR 1.1.4322) 360JK yunjiankong 1239173"
103.242.202.196 - - [30/Jan/2017:08:39:33 +0800] "HEAD http://wolfteam.lol/ HTTP/1.1" 200 - "-" "Java/1.7.0_91"
1.162.169.9 - - [30/Jan/2017:08:40:20 +0800] "CONNECT mx-tw.mail.gm0.yahoodns.net:25 HTTP/1.0" 405 235 "-" "-"
111.206.241.76 - - [30/Jan/2017:08:40:30 +0800] "HEAD / HTTP/1.1" 200 - "-" "Mozilla/5.0 (compatible; MSIE 7.0; Windows NT 5.1; .NET CLR 1.1.4322) 360JK yunjiankong 1239173"
111.206.241.76 - - [30/Jan/2017:08:41:01 +0800] "HEAD / HTTP/1.1" 200 - "-" "Mozilla/5.0 (compatible; MSIE 7.0; Windows NT 5.1; .NET CLR 1.1.4322) 360JK yunjiankong 1239173"
125.88.222.250 - - [30/Jan/2017:08:43:42 +0800] "HEAD / HTTP/1.1" 200 - "-" "Mozilla/5.0 (compatible; MSIE 7.0; Windows NT 5.1; .NET CLR 1.1.4322) 360JK yunjiankong 1239173"
125.88.222.250 - - [30/Jan/2017:08:44:42 +0800] "HEAD / HTTP/1.1" 200 - "-" "Mozilla/5.0 (compatible; MSIE 7.0; Windows NT 5.1; .NET CLR 1.1.4322) 360JK yunjiankong 1239173"
101.226.162.90 - - [30/Jan/2017:08:46:44 +0800] "HEAD / HTTP/1.1" 200 - "-" "Mozilla/5.0 (compatible; MSIE 7.0; Windows NT 5.1; .NET CLR 1.1.4322) 360JK yunjiankong 1239173"
222.95.251.119 - - [30/Jan/2017:08:48:03 +0800] "GET HTTP://www.baidu.com/ HTTP/1.1" 200 26 "-" "-"
125.88.222.250 - - [30/Jan/2017:08:53:42 +0800] "HEAD / HTTP/1.1" 200 - "-" "Mozilla/5.0 (compatible; MSIE 7.0; Windows NT 5.1; .NET CLR 1.1.4322) 360JK yunjiankong 1239173"
101.226.162.90 - - [30/Jan/2017:08:57:14 +0800] "HEAD / HTTP/1.1" 200 - "-" "Mozilla/5.0 (compatible; MSIE 7.0; Windows NT 5.1; .NET CLR 1.1.4322) 360JK yunjiankong 1239173"
125.88.222.250 - - [30/Jan/2017:09:04:42 +0800] "HEAD / HTTP/1.1" 200 - "-" "Mozilla/5.0 (compatible; MSIE 7.0; Windows NT 5.1; .NET CLR 1.1.4322) 360JK yunjiankong 1239173"
222.95.251.119 - - [30/Jan/2017:09:06:04 +0800] "GET HTTP://www.baidu.com/ HTTP/1.1" 200 26 "-" "-"
101.226.162.90 - - [30/Jan/2017:09:07:13 +0800] "HEAD / HTTP/1.1" 200 - "-" "Mozilla/5.0 (compatible; MSIE 7.0; Windows NT 5.1; .NET CLR 1.1.4322) 360JK yunjiankong 1239173"
1.162.169.9 - - [30/Jan/2017:09:07:14 +0800] "CONNECT mx-tw.mail.gm0.yahoodns.net:25 HTTP/1.0" 405 235 "-" "-"
111.206.241.76 - - [30/Jan/2017:09:11:30 +0800] "HEAD / HTTP/1.1" 200 - "-" "Mozilla/5.0 (compatible; MSIE 7.0; Windows NT 5.1; .NET CLR 1.1.4322) 360JK yunjiankong 1239173"
101.226.162.90 - - [30/Jan/2017:09:16:31 +0800] "HEAD / HTTP/1.1" 200 - "-" "Mozilla/5.0 (compatible; MSIE 7.0; Windows NT 5.1; .NET CLR 1.1.4322) 360JK yunjiankong 1239173"
101.226.162.90 - - [30/Jan/2017:09:17:01 +0800] "HEAD / HTTP/1.1" 200 - "-" "Mozilla/5.0 (compatible; MSIE 7.0; Windows NT 5.1; .NET CLR 1.1.4322) 360JK yunjiankong 1239173"
111.206.241.76 - - [30/Jan/2017:09:21:30 +0800] "HEAD / HTTP/1.1" 200 - "-" "Mozilla/5.0 (compatible; MSIE 7.0; Windows NT 5.1; .NET CLR 1.1.4322) 360JK yunjiankong 1239173"
222.95.251.119 - - [30/Jan/2017:09:23:54 +0800] "GET HTTP://www.baidu.com/ HTTP/1.1" 200 26 "-" "-"
125.88.222.250 - - [30/Jan/2017:09:24:12 +0800] "HEAD / HTTP/1.1" 200 - "-" "Mozilla/5.0 (compatible; MSIE 7.0; Windows NT 5.1; .NET CLR 1.1.4322) 360JK yunjiankong 1239173"
125.88.222.250 - - [30/Jan/2017:09:24:42 +0800] "HEAD / HTTP/1.1" 200 - "-" "Mozilla/5.0 (compatible; MSIE 7.0; Windows NT 5.1; .NET CLR 1.1.4322) 360JK yunjiankong 1239173"
101.226.162.90 - - [30/Jan/2017:09:26:31 +0800] "HEAD / HTTP/1.1" 200 - "-" "Mozilla/5.0 (compatible; MSIE 7.0; Windows NT 5.1; .NET CLR 1.1.4322) 360JK yunjiankong 1239173"
1.162.169.9 - - [30/Jan/2017:09:33:25 +0800] "CONNECT mx-tw.mail.gm0.yahoodns.net:25 HTTP/1.0" 405 235 "-" "-"
125.88.222.250 - - [30/Jan/2017:09:33:41 +0800] "HEAD / HTTP/1.1" 200 - "-" "Mozilla/5.0 (compatible; MSIE 7.0; Windows NT 5.1; .NET CLR 1.1.4322) 360JK yunjiankong 1239173"
1.162.169.9 - - [30/Jan/2017:09:34:20 +0800] "CONNECT mx-tw.mail.gm0.yahoodns.net:25 HTTP/1.0" 405 235 "-" "-"
101.226.162.90 - - [30/Jan/2017:09:36:31 +0800] "HEAD / HTTP/1.1" 200 - "-" "Mozilla/5.0 (compatible; MSIE 7.0; Windows NT 5.1; .NET CLR 1.1.4322) 360JK yunjiankong 1239173"
101.226.162.90 - - [30/Jan/2017:09:37:01 +0800] "HEAD / HTTP/1.1" 200 - "-" "Mozilla/5.0 (compatible; MSIE 7.0; Windows NT 5.1; .NET CLR 1.1.4322) 360JK yunjiankong 1239173"
111.206.241.76 - - [30/Jan/2017:09:40:30 +0800] "HEAD / HTTP/1.1" 200 - "-" "Mozilla/5.0 (compatible; MSIE 7.0; Windows NT 5.1; .NET CLR 1.1.4322) 360JK yunjiankong 1239173"
111.206.241.76 - - [30/Jan/2017:09:41:00 +0800] "HEAD / HTTP/1.1" 200 - "-" "Mozilla/5.0 (compatible; MSIE 7.0; Windows NT 5.1; .NET CLR 1.1.4322) 360JK yunjiankong 1239173"
222.95.251.119 - - [30/Jan/2017:09:41:49 +0800] "GET HTTP://www.baidu.com/ HTTP/1.1" 200 26 "-" "-"
125.88.222.250 - - [30/Jan/2017:09:44:46 +0800] "HEAD / HTTP/1.1" 200 - "-" "Mozilla/5.0 (compatible; MSIE 7.0; Windows NT 5.1; .NET CLR 1.1.4322) 360JK yunjiankong 1239173"
101.226.162.90 - - [30/Jan/2017:09:47:01 +0800] "HEAD / HTTP/1.1" 200 - "-" "Mozilla/5.0 (compatible; MSIE 7.0; Windows NT 5.1; .NET CLR 1.1.4322) 360JK yunjiankong 1239173"
111.206.241.76 - - [30/Jan/2017:09:50:30 +0800] "HEAD / HTTP/1.1" 200 - "-" "Mozilla/5.0 (compatible; MSIE 7.0; Windows NT 5.1; .NET CLR 1.1.4322) 360JK yunjiankong 1239173"
101.226.162.90 - - [30/Jan/2017:09:57:02 +0800] "HEAD / HTTP/1.1" 200 - "-" "Mozilla/5.0 (compatible; MSIE 7.0; Windows NT 5.1; .NET CLR 1.1.4322) 360JK yunjiankong 1239173"
101.226.162.90 - - [30/Jan/2017:09:57:32 +0800] "HEAD / HTTP/1.1" 200 - "-" "Mozilla/5.0 (compatible; MSIE 7.0; Windows NT 5.1; .NET CLR 1.1.4322) 360JK yunjiankong 1239173"
1.162.169.9 - - [30/Jan/2017:10:00:10 +0800] "CONNECT mx-tw.mail.gm0.yahoodns.net:25 HTTP/1.0" 405 235 "-" "-"
111.206.241.76 - - [30/Jan/2017:10:00:30 +0800] "HEAD / HTTP/1.1" 200 - "-" "Mozilla/5.0 (compatible; MSIE 7.0; Windows NT 5.1; .NET CLR 1.1.4322) 360JK yunjiankong 1239173"
125.88.222.250 - - [30/Jan/2017:10:04:12 +0800] "HEAD / HTTP/1.1" 200 - "-" "Mozilla/5.0 (compatible; MSIE 7.0; Windows NT 5.1; .NET CLR 1.1.4322) 360JK yunjiankong 1239173"
101.226.162.90 - - [30/Jan/2017:10:07:01 +0800] "HEAD / HTTP/1.1" 200 - "-" "Mozilla/5.0 (compatible; MSIE 7.0; Windows NT 5.1; .NET CLR 1.1.4322) 360JK yunjiankong 1239173"
101.226.162.90 - - [30/Jan/2017:10:07:31 +0800] "HEAD / HTTP/1.1" 200 - "-" "Mozilla/5.0 (compatible; MSIE 7.0; Windows NT 5.1; .NET CLR 1.1.4322) 360JK yunjiankong 1239173"
111.206.241.76 - - [30/Jan/2017:10:10:30 +0800] "HEAD / HTTP/1.1" 200 - "-" "Mozilla/5.0 (compatible; MSIE 7.0; Windows NT 5.1; .NET CLR 1.1.4322) 360JK yunjiankong 1239173"
111.206.241.76 - - [30/Jan/2017:10:11:00 +0800] "HEAD / HTTP/1.1" 200 - "-" "Mozilla/5.0 (compatible; MSIE 7.0; Windows NT 5.1; .NET CLR 1.1.4322) 360JK yunjiankong 1239173"
101.226.162.90 - - [30/Jan/2017:10:17:02 +0800] "HEAD / HTTP/1.1" 200 - "-" "Mozilla/5.0 (compatible; MSIE 7.0; Windows NT 5.1; .NET CLR 1.1.4322) 360JK yunjiankong 1239173"
222.95.251.119 - - [30/Jan/2017:10:17:43 +0800] "GET HTTP://www.baidu.com/ HTTP/1.1" 200 26 "-" "-"
111.206.241.76 - - [30/Jan/2017:10:21:01 +0800] "HEAD / HTTP/1.1" 200 - "-" "Mozilla/5.0 (compatible; MSIE 7.0; Windows NT 5.1; .NET CLR 1.1.4322) 360JK yunjiankong 1239173"
125.88.222.250 - - [30/Jan/2017:10:23:42 +0800] "HEAD / HTTP/1.1" 200 - "-" "Mozilla/5.0 (compatible; MSIE 7.0; Windows NT 5.1; .NET CLR 1.1.4322) 360JK yunjiankong 1239173"
121.201.71.126 - - [30/Jan/2017:10:26:16 +0800] "CONNECT search.yahoo.com:443 HTTP/1.1" 405 235 "-" "-"
125.88.222.250 - - [30/Jan/2017:10:34:15 +0800] "HEAD / HTTP/1.1" 200 - "-" "Mozilla/5.0 (compatible; MSIE 7.0; Windows NT 5.1; .NET CLR 1.1.4322) 360JK yunjiankong 1239173"
101.226.162.90 - - [30/Jan/2017:10:34:24 +0800] "HEAD / HTTP/1.1" 200 - "-" "Mozilla/5.0 (compatible; MSIE 7.0; Windows NT 5.1; .NET CLR 1.1.4322) 360JK yunjiankong 1239173"
101.226.162.90 - - [30/Jan/2017:10:34:54 +0800] "HEAD / HTTP/1.1" 200 - "-" "Mozilla/5.0 (compatible; MSIE 7.0; Windows NT 5.1; .NET CLR 1.1.4322) 360JK yunjiankong 1239173"
222.95.251.119 - - [30/Jan/2017:10:35:32 +0800] "GET HTTP://www.baidu.com/ HTTP/1.1" 200 26 "-" "-"
101.226.162.90 - - [30/Jan/2017:10:45:23 +0800] "HEAD / HTTP/1.1" 200 - "-" "Mozilla/5.0 (compatible; MSIE 7.0; Windows NT 5.1; .NET CLR 1.1.4322) 360JK yunjiankong 1239173"
101.226.162.90 - - [30/Jan/2017:10:45:53 +0800] "HEAD / HTTP/1.1" 200 - "-" "Mozilla/5.0 (compatible; MSIE 7.0; Windows NT 5.1; .NET CLR 1.1.4322) 360JK yunjiankong 1239173"
125.88.222.250 - - [30/Jan/2017:10:47:30 +0800] "HEAD / HTTP/1.1" 200 - "-" "Mozilla/5.0 (compatible; MSIE 7.0; Windows NT 5.1; .NET CLR 1.1.4322) 360JK yunjiankong 1239173"
111.206.241.76 - - [30/Jan/2017:10:50:29 +0800] "HEAD / HTTP/1.1" 200 - "-" "Mozilla/5.0 (compatible; MSIE 7.0; Windows NT 5.1; .NET CLR 1.1.4322) 360JK yunjiankong 1239173"
1.162.169.9 - - [30/Jan/2017:10:52:11 +0800] "CONNECT mx-tw.mail.gm0.yahoodns.net:25 HTTP/1.0" 405 235 "-" "-"
1.162.169.9 - - [30/Jan/2017:10:53:16 +0800] "CONNECT mx-tw.mail.gm0.yahoodns.net:25 HTTP/1.0" 405 235 "-" "-"
222.95.251.119 - - [30/Jan/2017:10:53:27 +0800] "GET HTTP://www.baidu.com/ HTTP/1.1" 200 26 "-" "-"
101.226.162.90 - - [30/Jan/2017:10:54:24 +0800] "HEAD / HTTP/1.1" 200 - "-" "Mozilla/5.0 (compatible; MSIE 7.0; Windows NT 5.1; .NET CLR 1.1.4322) 360JK yunjiankong 1239173"
101.226.162.90 - - [30/Jan/2017:10:54:54 +0800] "HEAD / HTTP/1.1" 200 - "-" "Mozilla/5.0 (compatible; MSIE 7.0; Windows NT 5.1; .NET CLR 1.1.4322) 360JK yunjiankong 1239173"
101.226.162.90 - - [30/Jan/2017:10:55:24 +0800] "HEAD / HTTP/1.1" 200 - "-" "Mozilla/5.0 (compatible; MSIE 7.0; Windows NT 5.1; .NET CLR 1.1.4322) 360JK yunjiankong 1239173"
111.206.241.76 - - [30/Jan/2017:11:01:00 +0800] "HEAD / HTTP/1.1" 200 - "-" "Mozilla/5.0 (compatible; MSIE 7.0; Windows NT 5.1; .NET CLR 1.1.4322) 360JK yunjiankong 1239173"
101.226.162.90 - - [30/Jan/2017:11:04:54 +0800] "HEAD / HTTP/1.1" 200 - "-" "Mozilla/5.0 (compatible; MSIE 7.0; Windows NT 5.1; .NET CLR 1.1.4322) 360JK yunjiankong 1239173"
101.226.162.90 - - [30/Jan/2017:11:05:25 +0800] "HEAD / HTTP/1.1" 200 - "-" "Mozilla/5.0 (compatible; MSIE 7.0; Windows NT 5.1; .NET CLR 1.1.4322) 360JK yunjiankong 1239173"
140.205.201.47 - - [30/Jan/2017:11:05:26 +0800] "POST /xhazgysjnewv HTTP/1.1" 404 210 "-" "Mozilla/4.0 (compatible; MSIE 6.0; Windows NT 5.1;Alibaba.Security.Heimdall.5448812.elasticsearch_unauthorized)"
140.205.201.47 - - [30/Jan/2017:11:05:27 +0800] "GET /xhazgysjnewv HTTP/1.1" 404 210 "-" "Mozilla/4.0 (compatible; MSIE 6.0; Windows NT 5.1;Alibaba.Security.Heimdall.5448812.elasticsearch_unauthorized)"
140.205.201.47 - - [30/Jan/2017:11:05:27 +0800] "DELETE /xhazgysjnewv HTTP/1.1" 405 236 "-" "Mozilla/4.0 (compatible; MSIE 6.0; Windows NT 5.1;Alibaba.Security.Heimdall.5448812.elasticsearch_unauthorized)"
140.205.201.47 - - [30/Jan/2017:11:05:28 +0800] "GET /about/ HTTP/1.1" 404 204 "http://123.56.134.173/" "Mozilla/4.0 (compatible; MSIE 6.0; Windows NT 5.1;Alibaba.Security.Heimdall.5448812)"
125.88.222.250 - - [30/Jan/2017:11:06:59 +0800] "HEAD / HTTP/1.1" 200 - "-" "Mozilla/5.0 (compatible; MSIE 7.0; Windows NT 5.1; .NET CLR 1.1.4322) 360JK yunjiankong 1239173"
125.88.222.250 - - [30/Jan/2017:11:07:59 +0800] "HEAD / HTTP/1.1" 200 - "-" "Mozilla/5.0 (compatible; MSIE 7.0; Windows NT 5.1; .NET CLR 1.1.4322) 360JK yunjiankong 1239173"
222.95.251.119 - - [30/Jan/2017:11:11:29 +0800] "GET HTTP://www.baidu.com/ HTTP/1.1" 200 26 "-" "-"
140.205.201.47 - - [30/Jan/2017:11:12:00 +0800] "GET /clusters.jsf HTTP/1.1" 404 210 "http://123.56.134.173/" "Mozilla/4.0 (compatible; MSIE 6.0; Windows NT 5.1;Alibaba.Security.Heimdall.5448812)"
125.88.222.250 - - [30/Jan/2017:11:17:29 +0800] "HEAD / HTTP/1.1" 200 - "-" "Mozilla/5.0 (compatible; MSIE 7.0; Windows NT 5.1; .NET CLR 1.1.4322) 360JK yunjiankong 1239173"
111.206.241.76 - - [30/Jan/2017:11:20:29 +0800] "HEAD / HTTP/1.1" 200 - "-" "Mozilla/5.0 (compatible; MSIE 7.0; Windows NT 5.1; .NET CLR 1.1.4322) 360JK yunjiankong 1239173"
111.206.241.76 - - [30/Jan/2017:11:20:59 +0800] "HEAD / HTTP/1.1" 200 - "-" "Mozilla/5.0 (compatible; MSIE 7.0; Windows NT 5.1; .NET CLR 1.1.4322) 360JK yunjiankong 1239173"
36.110.211.2 - - [30/Jan/2017:11:22:28 +0800] "GET / HTTP/1.1" 200 26 "-" "Mozilla/5.0 (Windows NT 6.3; WOW64) AppleWebKit/537.36 (KHTML, like Gecko) Chrome/33.0.1750.117 Safari/537.36"
101.226.162.90 - - [30/Jan/2017:11:25:54 +0800] "HEAD / HTTP/1.1" 200 - "-" "Mozilla/5.0 (compatible; MSIE 7.0; Windows NT 5.1; .NET CLR 1.1.4322) 360JK yunjiankong 1239173"
140.205.201.47 - - [30/Jan/2017:11:26:41 +0800] "GET / HTTP/1.1" 200 26 "http://123.56.134.173/" "Mozilla/4.0 (compatible; MSIE 6.0; Windows NT 5.1;Alibaba.Security.Heimdall.5448812)"
125.88.222.250 - - [30/Jan/2017:11:26:58 +0800] "HEAD / HTTP/1.1" 200 - "-" "Mozilla/5.0 (compatible; MSIE 7.0; Windows NT 5.1; .NET CLR 1.1.4322) 360JK yunjiankong 1239173"
125.88.222.250 - - [30/Jan/2017:11:27:28 +0800] "HEAD / HTTP/1.1" 200 - "-" "Mozilla/5.0 (compatible; MSIE 7.0; Windows NT 5.1; .NET CLR 1.1.4322) 360JK yunjiankong 1239173"
125.88.222.250 - - [30/Jan/2017:11:27:58 +0800] "HEAD / HTTP/1.1" 200 - "-" "Mozilla/5.0 (compatible; MSIE 7.0; Windows NT 5.1; .NET CLR 1.1.4322) 360JK yunjiankong 1239173"
222.95.251.119 - - [30/Jan/2017:11:29:19 +0800] "GET HTTP://www.baidu.com/ HTTP/1.1" 200 26 "-" "-"
111.206.241.76 - - [30/Jan/2017:11:31:30 +0800] "HEAD / HTTP/1.1" 200 - "-" "Mozilla/5.0 (compatible; MSIE 7.0; Windows NT 5.1; .NET CLR 1.1.4322) 360JK yunjiankong 1239173"
101.226.162.90 - - [30/Jan/2017:11:35:24 +0800] "HEAD / HTTP/1.1" 200 - "-" "Mozilla/5.0 (compatible; MSIE 7.0; Windows NT 5.1; .NET CLR 1.1.4322) 360JK yunjiankong 1239173"
140.205.201.47 - - [30/Jan/2017:11:36:14 +0800] "GET /hwi/ HTTP/1.1" 404 202 "http://123.56.134.173/" "Mozilla/4.0 (compatible; MSIE 6.0; Windows NT 5.1;Alibaba.Security.Heimdall.5448812)"
125.88.222.250 - - [30/Jan/2017:11:36:57 +0800] "HEAD / HTTP/1.1" 200 - "-" "Mozilla/5.0 (compatible; MSIE 7.0; Windows NT 5.1; .NET CLR 1.1.4322) 360JK yunjiankong 1239173"
106.120.161.68 - - [30/Jan/2017:11:39:57 +0800] "GET / HTTP/1.1" 200 26 "-" "Mozilla/5.0 (Windows NT 6.3; WOW64) AppleWebKit/537.36 (KHTML, like Gecko) Chrome/33.0.1750.117 Safari/537.36"
101.226.162.90 - - [30/Jan/2017:11:44:24 +0800] "HEAD / HTTP/1.1" 200 - "-" "Mozilla/5.0 (compatible; MSIE 7.0; Windows NT 5.1; .NET CLR 1.1.4322) 360JK yunjiankong 1239173"
218.85.134.47 - - [30/Jan/2017:11:45:19 +0800] "HEAD http://tdjypx.cn/ HTTP/1.1" 200 - "-" "Java/1.7.0_111"
1.162.169.9 - - [30/Jan/2017:11:45:23 +0800] "CONNECT mx-tw.mail.gm0.yahoodns.net:25 HTTP/1.0" 405 235 "-" "-"
101.200.78.64 - - [30/Jan/2017:11:46:55 +0800] "GET /admin HTTP/1.1" 404 203 "-" "-"
125.88.222.250 - - [30/Jan/2017:11:46:57 +0800] "HEAD / HTTP/1.1" 200 - "-" "Mozilla/5.0 (compatible; MSIE 7.0; Windows NT 5.1; .NET CLR 1.1.4322) 360JK yunjiankong 1239173"
222.95.251.119 - - [30/Jan/2017:11:47:17 +0800] "GET HTTP://www.baidu.com/ HTTP/1.1" 200 26 "-" "-"
125.88.222.250 - - [30/Jan/2017:11:47:28 +0800] "HEAD / HTTP/1.1" 200 - "-" "Mozilla/5.0 (compatible; MSIE 7.0; Windows NT 5.1; .NET CLR 1.1.4322) 360JK yunjiankong 1239173"
125.88.222.250 - - [30/Jan/2017:11:47:58 +0800] "HEAD / HTTP/1.1" 200 - "-" "Mozilla/5.0 (compatible; MSIE 7.0; Windows NT 5.1; .NET CLR 1.1.4322) 360JK yunjiankong 1239173"
140.205.201.47 - - [30/Jan/2017:11:50:24 +0800] "GET / HTTP/1.1" 200 26 "http://123.56.134.173/" "Mozilla/4.0 (compatible; MSIE 6.0; Windows NT 5.1;Alibaba.Security.Heimdall.5448812)"
111.206.241.76 - - [30/Jan/2017:11:50:59 +0800] "HEAD / HTTP/1.1" 200 - "-" "Mozilla/5.0 (compatible; MSIE 7.0; Windows NT 5.1; .NET CLR 1.1.4322) 360JK yunjiankong 1239173"
101.226.162.90 - - [30/Jan/2017:11:54:24 +0800] "HEAD / HTTP/1.1" 200 - "-" "Mozilla/5.0 (compatible; MSIE 7.0; Windows NT 5.1; .NET CLR 1.1.4322) 360JK yunjiankong 1239173"
101.226.162.90 - - [30/Jan/2017:11:55:54 +0800] "HEAD / HTTP/1.1" 200 - "-" "Mozilla/5.0 (compatible; MSIE 7.0; Windows NT 5.1; .NET CLR 1.1.4322) 360JK yunjiankong 1239173"
125.88.222.250 - - [30/Jan/2017:11:57:00 +0800] "HEAD / HTTP/1.1" 200 - "-" "Mozilla/5.0 (compatible; MSIE 7.0; Windows NT 5.1; .NET CLR 1.1.4322) 360JK yunjiankong 1239173"
125.88.222.250 - - [30/Jan/2017:11:57:30 +0800] "HEAD / HTTP/1.1" 200 - "-" "Mozilla/5.0 (compatible; MSIE 7.0; Windows NT 5.1; .NET CLR 1.1.4322) 360JK yunjiankong 1239173"
59.108.58.242 - - [30/Jan/2017:12:00:42 +0800] "GET / HTTP/1.1" 200 26 "-" "Mozilla/5.0 (Windows NT 10.0; WOW64) AppleWebKit/537.36 (KHTML, like Gecko) Chrome/49.0.2623.110 Safari/537.36"
140.205.201.47 - - [30/Jan/2017:12:04:02 +0800] "GET / HTTP/1.1" 200 26 "http://123.56.134.173/" "Mozilla/4.0 (compatible; MSIE 6.0; Windows NT 5.1;Alibaba.Security.Heimdall.5448812)"
222.95.251.119 - - [30/Jan/2017:12:05:17 +0800] "GET HTTP://www.baidu.com/ HTTP/1.1" 200 26 "-" "-"
125.88.222.250 - - [30/Jan/2017:12:07:01 +0800] "HEAD / HTTP/1.1" 200 - "-" "Mozilla/5.0 (compatible; MSIE 7.0; Windows NT 5.1; .NET CLR 1.1.4322) 360JK yunjiankong 1239173"
125.88.222.250 - - [30/Jan/2017:12:08:01 +0800] "HEAD / HTTP/1.1" 200 - "-" "Mozilla/5.0 (compatible; MSIE 7.0; Windows NT 5.1; .NET CLR 1.1.4322) 360JK yunjiankong 1239173"
140.205.201.47 - - [30/Jan/2017:12:09:20 +0800] "GET / HTTP/1.1" 200 26 "http://123.56.134.173/" "Mozilla/4.0 (compatible; MSIE 6.0; Windows NT 5.1;Alibaba.Security.Heimdall.5448812)"
1.162.169.9 - - [30/Jan/2017:12:11:29 +0800] "CONNECT mx-tw.mail.gm0.yahoodns.net:25 HTTP/1.0" 405 235 "-" "-"
140.205.201.47 - - [30/Jan/2017:12:11:37 +0800] "GET /jobs/ HTTP/1.1" 404 203 "http://123.56.134.173/" "Mozilla/4.0 (compatible; MSIE 6.0; Windows NT 5.1;Alibaba.Security.Heimdall.5448812)"
140.205.201.47 - - [30/Jan/2017:12:12:22 +0800] "GET /ganglia/index.php HTTP/1.1" 404 215 "http://123.56.134.173/" "Mozilla/4.0 (compatible; MSIE 6.0; Windows NT 5.1;Alibaba.Security.Heimdall.5448812)"
140.205.201.47 - - [30/Jan/2017:12:12:27 +0800] "GET /index.php HTTP/1.1" 404 207 "http://123.56.134.173/" "Mozilla/4.0 (compatible; MSIE 6.0; Windows NT 5.1;Alibaba.Security.Heimdall.5448812)"
140.205.201.47 - - [30/Jan/2017:12:12:29 +0800] "GET /rs-status HTTP/1.1" 404 207 "http://123.56.134.173/" "Mozilla/4.0 (compatible; MSIE 6.0; Windows NT 5.1;Alibaba.Security.Heimdall.5448812)"
140.205.201.47 - - [30/Jan/2017:12:12:33 +0800] "GET /master-status HTTP/1.1" 404 211 "http://123.56.134.173/" "Mozilla/4.0 (compatible; MSIE 6.0; Windows NT 5.1;Alibaba.Security.Heimdall.5448812)"
140.205.201.47 - - [30/Jan/2017:12:12:36 +0800] "GET /warning HTTP/1.1" 404 205 "http://123.56.134.173/" "Mozilla/4.0 (compatible; MSIE 6.0; Windows NT 5.1;Alibaba.Security.Heimdall.5448812)"
140.205.201.47 - - [30/Jan/2017:12:12:40 +0800] "GET /pleasereadthis HTTP/1.1" 404 212 "http://123.56.134.173/" "Mozilla/4.0 (compatible; MSIE 6.0; Windows NT 5.1;Alibaba.Security.Heimdall.5448812)"
140.205.201.47 - - [30/Jan/2017:12:12:43 +0800] "GET /please_read/_search HTTP/1.1" 404 217 "http://123.56.134.173/" "Mozilla/4.0 (compatible; MSIE 6.0; Windows NT 5.1;Alibaba.Security.Heimdall.5448812)"
140.205.201.47 - - [30/Jan/2017:12:12:45 +0800] "GET /dfshealth.jsp HTTP/1.1" 404 211 "http://123.56.134.173/" "Mozilla/4.0 (compatible; MSIE 6.0; Windows NT 5.1;Alibaba.Security.Heimdall.5448812)"
140.205.201.47 - - [30/Jan/2017:12:12:46 +0800] "GET /hadoop/dfshealth.jsp HTTP/1.1" 404 218 "http://123.56.134.173/" "Mozilla/4.0 (compatible; MSIE 6.0; Windows NT 5.1;Alibaba.Security.Heimdall.5448812)"
140.205.201.47 - - [30/Jan/2017:12:12:51 +0800] "GET /solr/ HTTP/1.1" 404 203 "http://123.56.134.173/" "Mozilla/4.0 (compatible; MSIE 6.0; Windows NT 5.1;Alibaba.Security.Heimdall.5448812)"
140.205.201.47 - - [30/Jan/2017:12:12:52 +0800] "GET / HTTP/1.1" 200 26 "http://123.56.134.173/" "Mozilla/4.0 (compatible; MSIE 6.0; Windows NT 5.1;Alibaba.Security.Heimdall.5448812)"
140.205.201.47 - - [30/Jan/2017:12:12:59 +0800] "GET /info HTTP/1.1" 404 202 "http://123.56.134.173/" "Mozilla/4.0 (compatible; MSIE 6.0; Windows NT 5.1;Alibaba.Security.Heimdall.5448812)"
140.205.201.47 - - [30/Jan/2017:12:13:07 +0800] "GET /dfshealth.html HTTP/1.1" 404 212 "http://123.56.134.173/" "Mozilla/4.0 (compatible; MSIE 6.0; Windows NT 5.1;Alibaba.Security.Heimdall.5448812)"
140.205.201.47 - - [30/Jan/2017:12:13:10 +0800] "GET /admin/ HTTP/1.1" 404 204 "http://123.56.134.173/" "Mozilla/4.0 (compatible; MSIE 6.0; Windows NT 5.1;Alibaba.Security.Heimdall.5448812)"
140.205.201.47 - - [30/Jan/2017:12:13:13 +0800] "GET / HTTP/1.1" 200 26 "http://123.56.134.173/" "Mozilla/4.0 (compatible; MSIE 6.0; Windows NT 5.1;Alibaba.Security.Heimdall.5448812)"
101.226.162.90 - - [30/Jan/2017:12:14:24 +0800] "HEAD / HTTP/1.1" 200 - "-" "Mozilla/5.0 (compatible; MSIE 7.0; Windows NT 5.1; .NET CLR 1.1.4322) 360JK yunjiankong 1239173"
113.76.100.124 - - [30/Jan/2017:12:14:33 +0800] "GET http://www.baidu.com/s?wd=5118 HTTP/1.1" 404 199 "-" "Mozilla/4.0 (compatible; MSIE 7.0; Windows NT 5.1; TencentTraveler ; EmbeddedWB 14.52 from: http://www.bsalsa.com/ EmbeddedWB 14.52; .NET CLR 2.0.50727; InfoPath.2; .NET CLR 3.0.04506.30; .NET CLR 3.0.04506.590; .NET CLR 3.0.04506.648; .NET CLR 3.5.21022)"
101.226.162.90 - - [30/Jan/2017:12:14:54 +0800] "HEAD / HTTP/1.1" 200 - "-" "Mozilla/5.0 (compatible; MSIE 7.0; Windows NT 5.1; .NET CLR 1.1.4322) 360JK yunjiankong 1239173"
125.88.222.250 - - [30/Jan/2017:12:17:29 +0800] "HEAD / HTTP/1.1" 200 - "-" "Mozilla/5.0 (compatible; MSIE 7.0; Windows NT 5.1; .NET CLR 1.1.4322) 360JK yunjiankong 1239173"
111.206.241.76 - - [30/Jan/2017:12:21:00 +0800] "HEAD / HTTP/1.1" 200 - "-" "Mozilla/5.0 (compatible; MSIE 7.0; Windows NT 5.1; .NET CLR 1.1.4322) 360JK yunjiankong 1239173"
222.95.251.119 - - [30/Jan/2017:12:23:09 +0800] "GET HTTP://www.baidu.com/ HTTP/1.1" 200 26 "-" "-"
101.226.162.90 - - [30/Jan/2017:12:24:23 +0800] "HEAD / HTTP/1.1" 200 - "-" "Mozilla/5.0 (compatible; MSIE 7.0; Windows NT 5.1; .NET CLR 1.1.4322) 360JK yunjiankong 1239173"
101.226.162.90 - - [30/Jan/2017:12:25:23 +0800] "HEAD / HTTP/1.1" 200 - "-" "Mozilla/5.0 (compatible; MSIE 7.0; Windows NT 5.1; .NET CLR 1.1.4322) 360JK yunjiankong 1239173"
101.226.162.90 - - [30/Jan/2017:12:25:53 +0800] "HEAD / HTTP/1.1" 200 - "-" "Mozilla/5.0 (compatible; MSIE 7.0; Windows NT 5.1; .NET CLR 1.1.4322) 360JK yunjiankong 1239173"
125.88.222.250 - - [30/Jan/2017:12:26:59 +0800] "HEAD / HTTP/1.1" 200 - "-" "Mozilla/5.0 (compatible; MSIE 7.0; Windows NT 5.1; .NET CLR 1.1.4322) 360JK yunjiankong 1239173"
125.88.222.250 - - [30/Jan/2017:12:27:29 +0800] "HEAD / HTTP/1.1" 200 - "-" "Mozilla/5.0 (compatible; MSIE 7.0; Windows NT 5.1; .NET CLR 1.1.4322) 360JK yunjiankong 1239173"
111.206.241.76 - - [30/Jan/2017:12:30:29 +0800] "HEAD / HTTP/1.1" 200 - "-" "Mozilla/5.0 (compatible; MSIE 7.0; Windows NT 5.1; .NET CLR 1.1.4322) 360JK yunjiankong 1239173"
36.110.211.69 - - [30/Jan/2017:12:30:56 +0800] "GET / HTTP/1.1" 200 26 "-" "Mozilla/5.0 (Windows NT 6.3; WOW64) AppleWebKit/537.36 (KHTML, like Gecko) Chrome/33.0.1750.117 Safari/537.36"
111.206.241.76 - - [30/Jan/2017:12:30:59 +0800] "HEAD / HTTP/1.1" 200 - "-" "Mozilla/5.0 (compatible; MSIE 7.0; Windows NT 5.1; .NET CLR 1.1.4322) 360JK yunjiankong 1239173"
101.226.162.90 - - [30/Jan/2017:12:34:24 +0800] "HEAD / HTTP/1.1" 200 - "-" "Mozilla/5.0 (compatible; MSIE 7.0; Windows NT 5.1; .NET CLR 1.1.4322) 360JK yunjiankong 1239173"
116.246.3.186 - - [30/Jan/2017:12:37:38 +0800] "GET / HTTP/1.1" 200 26 "-" "Mozilla/5.0 (Windows NT 10.0; WOW64) AppleWebKit/537.36 (KHTML, like Gecko) Chrome/49.0.2623.110 Safari/537.36"
125.88.222.250 - - [30/Jan/2017:12:37:58 +0800] "HEAD / HTTP/1.1" 200 - "-" "Mozilla/5.0 (compatible; MSIE 7.0; Windows NT 5.1; .NET CLR 1.1.4322) 360JK yunjiankong 1239173"
222.95.251.119 - - [30/Jan/2017:12:41:04 +0800] "GET HTTP://www.baidu.com/ HTTP/1.1" 200 26 "-" "-"
101.226.162.90 - - [30/Jan/2017:12:44:24 +0800] "HEAD / HTTP/1.1" 200 - "-" "Mozilla/5.0 (compatible; MSIE 7.0; Windows NT 5.1; .NET CLR 1.1.4322) 360JK yunjiankong 1239173"
101.226.162.90 - - [30/Jan/2017:12:44:54 +0800] "HEAD / HTTP/1.1" 200 - "-" "Mozilla/5.0 (compatible; MSIE 7.0; Windows NT 5.1; .NET CLR 1.1.4322) 360JK yunjiankong 1239173"
101.226.162.90 - - [30/Jan/2017:12:45:24 +0800] "HEAD / HTTP/1.1" 200 - "-" "Mozilla/5.0 (compatible; MSIE 7.0; Windows NT 5.1; .NET CLR 1.1.4322) 360JK yunjiankong 1239173"
125.88.222.250 - - [30/Jan/2017:12:46:59 +0800] "HEAD / HTTP/1.1" 200 - "-" "Mozilla/5.0 (compatible; MSIE 7.0; Windows NT 5.1; .NET CLR 1.1.4322) 360JK yunjiankong 1239173"
125.88.222.250 - - [30/Jan/2017:12:47:29 +0800] "HEAD / HTTP/1.1" 200 - "-" "Mozilla/5.0 (compatible; MSIE 7.0; Windows NT 5.1; .NET CLR 1.1.4322) 360JK yunjiankong 1239173"
111.206.241.76 - - [30/Jan/2017:12:51:30 +0800] "HEAD / HTTP/1.1" 200 - "-" "Mozilla/5.0 (compatible; MSIE 7.0; Windows NT 5.1; .NET CLR 1.1.4322) 360JK yunjiankong 1239173"
101.226.162.90 - - [30/Jan/2017:12:54:24 +0800] "HEAD / HTTP/1.1" 200 - "-" "Mozilla/5.0 (compatible; MSIE 7.0; Windows NT 5.1; .NET CLR 1.1.4322) 360JK yunjiankong 1239173"
125.88.222.250 - - [30/Jan/2017:12:56:58 +0800] "HEAD / HTTP/1.1" 200 - "-" "Mozilla/5.0 (compatible; MSIE 7.0; Windows NT 5.1; .NET CLR 1.1.4322) 360JK yunjiankong 1239173"
125.88.222.250 - - [30/Jan/2017:12:58:00 +0800] "HEAD / HTTP/1.1" 200 - "-" "Mozilla/5.0 (compatible; MSIE 7.0; Windows NT 5.1; .NET CLR 1.1.4322) 360JK yunjiankong 1239173"
222.95.251.119 - - [30/Jan/2017:12:59:06 +0800] "GET HTTP://www.baidu.com/ HTTP/1.1" 200 26 "-" "-"
111.206.241.76 - - [30/Jan/2017:13:00:29 +0800] "HEAD / HTTP/1.1" 200 - "-" "Mozilla/5.0 (compatible; MSIE 7.0; Windows NT 5.1; .NET CLR 1.1.4322) 360JK yunjiankong 1239173"
95.213.187.188 - - [30/Jan/2017:13:03:00 +0800] "CONNECT check.best-proxies.ru:80 HTTP/1.1" 400 226 "-" "-"
1.162.169.9 - - [30/Jan/2017:13:04:39 +0800] "CONNECT mx-tw.mail.gm0.yahoodns.net:25 HTTP/1.0" 405 235 "-" "-"
101.226.162.90 - - [30/Jan/2017:13:04:54 +0800] "HEAD / HTTP/1.1" 200 - "-" "Mozilla/5.0 (compatible; MSIE 7.0; Windows NT 5.1; .NET CLR 1.1.4322) 360JK yunjiankong 1239173"
101.226.162.90 - - [30/Jan/2017:13:05:24 +0800] "HEAD / HTTP/1.1" 200 - "-" "Mozilla/5.0 (compatible; MSIE 7.0; Windows NT 5.1; .NET CLR 1.1.4322) 360JK yunjiankong 1239173"
125.88.222.250 - - [30/Jan/2017:13:07:30 +0800] "HEAD / HTTP/1.1" 200 - "-" "Mozilla/5.0 (compatible; MSIE 7.0; Windows NT 5.1; .NET CLR 1.1.4322) 360JK yunjiankong 1239173"
125.88.222.250 - - [30/Jan/2017:13:08:00 +0800] "HEAD / HTTP/1.1" 200 - "-" "Mozilla/5.0 (compatible; MSIE 7.0; Windows NT 5.1; .NET CLR 1.1.4322) 360JK yunjiankong 1239173"
111.206.241.76 - - [30/Jan/2017:13:10:59 +0800] "HEAD / HTTP/1.1" 200 - "-" "Mozilla/5.0 (compatible; MSIE 7.0; Windows NT 5.1; .NET CLR 1.1.4322) 360JK yunjiankong 1239173"
101.226.162.90 - - [30/Jan/2017:13:14:24 +0800] "HEAD / HTTP/1.1" 200 - "-" "Mozilla/5.0 (compatible; MSIE 7.0; Windows NT 5.1; .NET CLR 1.1.4322) 360JK yunjiankong 1239173"
222.95.251.119 - - [30/Jan/2017:13:16:49 +0800] "GET HTTP://www.baidu.com/ HTTP/1.1" 200 26 "-" "-"
125.88.222.250 - - [30/Jan/2017:13:16:58 +0800] "HEAD / HTTP/1.1" 200 - "-" "Mozilla/5.0 (compatible; MSIE 7.0; Windows NT 5.1; .NET CLR 1.1.4322) 360JK yunjiankong 1239173"
111.206.241.76 - - [30/Jan/2017:13:20:29 +0800] "HEAD / HTTP/1.1" 200 - "-" "Mozilla/5.0 (compatible; MSIE 7.0; Windows NT 5.1; .NET CLR 1.1.4322) 360JK yunjiankong 1239173"
111.206.241.76 - - [30/Jan/2017:13:21:29 +0800] "HEAD / HTTP/1.1" 200 - "-" "Mozilla/5.0 (compatible; MSIE 7.0; Windows NT 5.1; .NET CLR 1.1.4322) 360JK yunjiankong 1239173"
101.226.162.90 - - [30/Jan/2017:13:25:24 +0800] "HEAD / HTTP/1.1" 200 - "-" "Mozilla/5.0 (compatible; MSIE 7.0; Windows NT 5.1; .NET CLR 1.1.4322) 360JK yunjiankong 1239173"
125.88.222.250 - - [30/Jan/2017:13:27:59 +0800] "HEAD / HTTP/1.1" 200 - "-" "Mozilla/5.0 (compatible; MSIE 7.0; Windows NT 5.1; .NET CLR 1.1.4322) 360JK yunjiankong 1239173"
111.206.241.76 - - [30/Jan/2017:13:31:01 +0800] "HEAD / HTTP/1.1" 200 - "-" "Mozilla/5.0 (compatible; MSIE 7.0; Windows NT 5.1; .NET CLR 1.1.4322) 360JK yunjiankong 1239173"
1.162.169.9 - - [30/Jan/2017:13:31:15 +0800] "CONNECT mx-tw.mail.gm0.yahoodns.net:25 HTTP/1.0" 405 235 "-" "-"
111.206.241.76 - - [30/Jan/2017:13:31:31 +0800] "HEAD / HTTP/1.1" 200 - "-" "Mozilla/5.0 (compatible; MSIE 7.0; Windows NT 5.1; .NET CLR 1.1.4322) 360JK yunjiankong 1239173"
222.95.251.119 - - [30/Jan/2017:13:34:33 +0800] "GET HTTP://www.baidu.com/ HTTP/1.1" 200 26 "-" "-"
218.85.134.47 - - [30/Jan/2017:13:34:40 +0800] "HEAD http://wolfteam.lol/ HTTP/1.1" 200 - "-" "Java/1.7.0_111"
101.226.162.90 - - [30/Jan/2017:13:34:54 +0800] "HEAD / HTTP/1.1" 200 - "-" "Mozilla/5.0 (compatible; MSIE 7.0; Windows NT 5.1; .NET CLR 1.1.4322) 360JK yunjiankong 1239173"
101.226.162.90 - - [30/Jan/2017:13:35:24 +0800] "HEAD / HTTP/1.1" 200 - "-" "Mozilla/5.0 (compatible; MSIE 7.0; Windows NT 5.1; .NET CLR 1.1.4322) 360JK yunjiankong 1239173"
