1.162.169.9 - - [01/Feb/2017:20:08:50 +0800] "CONNECT mx-tw.mail.gm0.yahoodns.net:25 HTTP/1.0" 405 235 "-" "-"
101.226.162.90 - - [01/Feb/2017:20:13:02 +0800] "HEAD / HTTP/1.1" 200 - "-" "Mozilla/5.0 (compatible; MSIE 7.0; Windows NT 5.1; .NET CLR 1.1.4322) 360JK yunjiankong 1239173"
125.88.222.250 - - [01/Feb/2017:20:13:28 +0800] "HEAD / HTTP/1.1" 200 - "-" "Mozilla/5.0 (compatible; MSIE 7.0; Windows NT 5.1; .NET CLR 1.1.4322) 360JK yunjiankong 1239173"
125.88.222.250 - - [01/Feb/2017:20:13:59 +0800] "HEAD / HTTP/1.1" 200 - "-" "Mozilla/5.0 (compatible; MSIE 7.0; Windows NT 5.1; .NET CLR 1.1.4322) 360JK yunjiankong 1239173"
111.206.241.76 - - [01/Feb/2017:20:15:02 +0800] "HEAD / HTTP/1.1" 200 - "-" "Mozilla/5.0 (compatible; MSIE 7.0; Windows NT 5.1; .NET CLR 1.1.4322) 360JK yunjiankong 1239173"
101.226.162.90 - - [01/Feb/2017:20:23:02 +0800] "HEAD / HTTP/1.1" 200 - "-" "Mozilla/5.0 (compatible; MSIE 7.0; Windows NT 5.1; .NET CLR 1.1.4322) 360JK yunjiankong 1239173"
125.88.222.250 - - [01/Feb/2017:20:24:29 +0800] "HEAD / HTTP/1.1" 200 - "-" "Mozilla/5.0 (compatible; MSIE 7.0; Windows NT 5.1; .NET CLR 1.1.4322) 360JK yunjiankong 1239173"
111.206.241.76 - - [01/Feb/2017:20:24:32 +0800] "HEAD / HTTP/1.1" 200 - "-" "Mozilla/5.0 (compatible; MSIE 7.0; Windows NT 5.1; .NET CLR 1.1.4322) 360JK yunjiankong 1239173"
103.242.202.196 - - [01/Feb/2017:20:25:12 +0800] "HEAD http://tdjypx.cn/ HTTP/1.1" 200 - "-" "Java/1.7.0_91"
1.162.169.9 - - [01/Feb/2017:20:32:30 +0800] "CONNECT mx-tw.mail.gm0.yahoodns.net:25 HTTP/1.0" 405 235 "-" "-"
1.162.169.9 - - [01/Feb/2017:20:33:47 +0800] "CONNECT mx-tw.mail.gm0.yahoodns.net:25 HTTP/1.0" 405 235 "-" "-"
111.206.241.76 - - [01/Feb/2017:20:35:02 +0800] "HEAD / HTTP/1.1" 200 - "-" "Mozilla/5.0 (compatible; MSIE 7.0; Windows NT 5.1; .NET CLR 1.1.4322) 360JK yunjiankong 1239173"
103.242.202.196 - - [01/Feb/2017:20:39:59 +0800] "HEAD http://wolfteam.lol/ HTTP/1.1" 200 - "-" "Java/1.7.0_91"
125.88.222.250 - - [01/Feb/2017:20:43:58 +0800] "HEAD / HTTP/1.1" 200 - "-" "Mozilla/5.0 (compatible; MSIE 7.0; Windows NT 5.1; .NET CLR 1.1.4322) 360JK yunjiankong 1239173"
111.206.241.76 - - [01/Feb/2017:20:44:31 +0800] "HEAD / HTTP/1.1" 200 - "-" "Mozilla/5.0 (compatible; MSIE 7.0; Windows NT 5.1; .NET CLR 1.1.4322) 360JK yunjiankong 1239173"
111.206.241.76 - - [01/Feb/2017:20:45:01 +0800] "HEAD / HTTP/1.1" 200 - "-" "Mozilla/5.0 (compatible; MSIE 7.0; Windows NT 5.1; .NET CLR 1.1.4322) 360JK yunjiankong 1239173"
125.88.222.250 - - [01/Feb/2017:20:53:27 +0800] "HEAD / HTTP/1.1" 200 - "-" "Mozilla/5.0 (compatible; MSIE 7.0; Windows NT 5.1; .NET CLR 1.1.4322) 360JK yunjiankong 1239173"
101.226.162.90 - - [01/Feb/2017:20:54:04 +0800] "HEAD / HTTP/1.1" 200 - "-" "Mozilla/5.0 (compatible; MSIE 7.0; Windows NT 5.1; .NET CLR 1.1.4322) 360JK yunjiankong 1239173"
111.206.241.76 - - [01/Feb/2017:20:54:31 +0800] "HEAD / HTTP/1.1" 200 - "-" "Mozilla/5.0 (compatible; MSIE 7.0; Windows NT 5.1; .NET CLR 1.1.4322) 360JK yunjiankong 1239173"
1.162.169.9 - - [01/Feb/2017:20:59:28 +0800] "CONNECT mx-tw.mail.gm0.yahoodns.net:25 HTTP/1.0" 405 235 "-" "-"
125.88.222.250 - - [01/Feb/2017:21:03:28 +0800] "HEAD / HTTP/1.1" 200 - "-" "Mozilla/5.0 (compatible; MSIE 7.0; Windows NT 5.1; .NET CLR 1.1.4322) 360JK yunjiankong 1239173"
125.88.222.250 - - [01/Feb/2017:21:03:59 +0800] "HEAD / HTTP/1.1" 200 - "-" "Mozilla/5.0 (compatible; MSIE 7.0; Windows NT 5.1; .NET CLR 1.1.4322) 360JK yunjiankong 1239173"
111.20.248.74 - - [01/Feb/2017:21:09:35 +0800] "HEAD http://wolfteam.lol/ HTTP/1.1" 200 - "-" "Java/1.7.0_91"
36.110.211.3 - - [01/Feb/2017:21:20:32 +0800] "GET / HTTP/1.1" 200 26 "-" "Mozilla/5.0 (Windows NT 6.3; WOW64) AppleWebKit/537.36 (KHTML, like Gecko) Chrome/33.0.1750.117 Safari/537.36"
125.88.222.250 - - [01/Feb/2017:21:23:29 +0800] "HEAD / HTTP/1.1" 200 - "-" "Mozilla/5.0 (compatible; MSIE 7.0; Windows NT 5.1; .NET CLR 1.1.4322) 360JK yunjiankong 1239173"
125.88.222.250 - - [01/Feb/2017:21:24:29 +0800] "HEAD / HTTP/1.1" 200 - "-" "Mozilla/5.0 (compatible; MSIE 7.0; Windows NT 5.1; .NET CLR 1.1.4322) 360JK yunjiankong 1239173"
101.226.162.90 - - [01/Feb/2017:21:33:03 +0800] "HEAD / HTTP/1.1" 200 - "-" "Mozilla/5.0 (compatible; MSIE 7.0; Windows NT 5.1; .NET CLR 1.1.4322) 360JK yunjiankong 1239173"
125.88.222.250 - - [01/Feb/2017:21:34:28 +0800] "HEAD / HTTP/1.1" 200 - "-" "Mozilla/5.0 (compatible; MSIE 7.0; Windows NT 5.1; .NET CLR 1.1.4322) 360JK yunjiankong 1239173"
101.226.162.90 - - [01/Feb/2017:21:43:33 +0800] "HEAD / HTTP/1.1" 200 - "-" "Mozilla/5.0 (compatible; MSIE 7.0; Windows NT 5.1; .NET CLR 1.1.4322) 360JK yunjiankong 1239173"
125.88.222.250 - - [01/Feb/2017:21:44:28 +0800] "HEAD / HTTP/1.1" 200 - "-" "Mozilla/5.0 (compatible; MSIE 7.0; Windows NT 5.1; .NET CLR 1.1.4322) 360JK yunjiankong 1239173"
111.206.241.76 - - [01/Feb/2017:21:45:02 +0800] "HEAD / HTTP/1.1" 200 - "-" "Mozilla/5.0 (compatible; MSIE 7.0; Windows NT 5.1; .NET CLR 1.1.4322) 360JK yunjiankong 1239173"
1.162.169.9 - - [01/Feb/2017:21:51:46 +0800] "CONNECT mx-tw.mail.gm0.yahoodns.net:25 HTTP/1.0" 405 235 "-" "-"
101.226.162.90 - - [01/Feb/2017:21:53:02 +0800] "HEAD / HTTP/1.1" 200 - "-" "Mozilla/5.0 (compatible; MSIE 7.0; Windows NT 5.1; .NET CLR 1.1.4322) 360JK yunjiankong 1239173"
125.88.222.250 - - [01/Feb/2017:21:53:31 +0800] "HEAD / HTTP/1.1" 200 - "-" "Mozilla/5.0 (compatible; MSIE 7.0; Windows NT 5.1; .NET CLR 1.1.4322) 360JK yunjiankong 1239173"
111.206.241.76 - - [01/Feb/2017:21:55:32 +0800] "HEAD / HTTP/1.1" 200 - "-" "Mozilla/5.0 (compatible; MSIE 7.0; Windows NT 5.1; .NET CLR 1.1.4322) 360JK yunjiankong 1239173"
113.76.102.210 - - [01/Feb/2017:22:02:30 +0800] "GET http://www.baidu.com/s?wd=5118 HTTP/1.1" 404 199 "-" "Mozilla/4.0 (compatible; MSIE 7.0; Windows NT 5.1; TencentTraveler ; EmbeddedWB 14.52 from: http://www.bsalsa.com/ EmbeddedWB 14.52; .NET CLR 2.0.50727; InfoPath.2; .NET CLR 3.0.04506.30; .NET CLR 3.0.04506.590; .NET CLR 3.0.04506.648; .NET CLR 3.5.21022)"
125.88.222.250 - - [01/Feb/2017:22:03:58 +0800] "HEAD / HTTP/1.1" 200 - "-" "Mozilla/5.0 (compatible; MSIE 7.0; Windows NT 5.1; .NET CLR 1.1.4322) 360JK yunjiankong 1239173"
101.226.162.90 - - [01/Feb/2017:22:04:02 +0800] "HEAD / HTTP/1.1" 200 - "-" "Mozilla/5.0 (compatible; MSIE 7.0; Windows NT 5.1; .NET CLR 1.1.4322) 360JK yunjiankong 1239173"
111.206.241.76 - - [01/Feb/2017:22:04:31 +0800] "HEAD / HTTP/1.1" 200 - "-" "Mozilla/5.0 (compatible; MSIE 7.0; Windows NT 5.1; .NET CLR 1.1.4322) 360JK yunjiankong 1239173"
111.206.241.76 - - [01/Feb/2017:22:05:01 +0800] "HEAD / HTTP/1.1" 200 - "-" "Mozilla/5.0 (compatible; MSIE 7.0; Windows NT 5.1; .NET CLR 1.1.4322) 360JK yunjiankong 1239173"
101.226.162.90 - - [01/Feb/2017:22:13:02 +0800] "HEAD / HTTP/1.1" 200 - "-" "Mozilla/5.0 (compatible; MSIE 7.0; Windows NT 5.1; .NET CLR 1.1.4322) 360JK yunjiankong 1239173"
125.88.222.250 - - [01/Feb/2017:22:13:28 +0800] "HEAD / HTTP/1.1" 200 - "-" "Mozilla/5.0 (compatible; MSIE 7.0; Windows NT 5.1; .NET CLR 1.1.4322) 360JK yunjiankong 1239173"
101.226.162.90 - - [01/Feb/2017:22:13:32 +0800] "HEAD / HTTP/1.1" 200 - "-" "Mozilla/5.0 (compatible; MSIE 7.0; Windows NT 5.1; .NET CLR 1.1.4322) 360JK yunjiankong 1239173"
1.162.169.9 - - [01/Feb/2017:22:17:28 +0800] "CONNECT mx-tw.mail.gm0.yahoodns.net:25 HTTP/1.0" 405 235 "-" "-"
1.162.169.9 - - [01/Feb/2017:22:19:04 +0800] "CONNECT mx-tw.mail.gm0.yahoodns.net:25 HTTP/1.0" 405 235 "-" "-"
101.226.162.90 - - [01/Feb/2017:22:23:42 +0800] "HEAD / HTTP/1.1" 200 - "-" "Mozilla/5.0 (compatible; MSIE 7.0; Windows NT 5.1; .NET CLR 1.1.4322) 360JK yunjiankong 1239173"
125.88.222.250 - - [01/Feb/2017:22:24:01 +0800] "HEAD / HTTP/1.1" 200 - "-" "Mozilla/5.0 (compatible; MSIE 7.0; Windows NT 5.1; .NET CLR 1.1.4322) 360JK yunjiankong 1239173"
125.88.222.250 - - [01/Feb/2017:22:24:32 +0800] "HEAD / HTTP/1.1" 200 - "-" "Mozilla/5.0 (compatible; MSIE 7.0; Windows NT 5.1; .NET CLR 1.1.4322) 360JK yunjiankong 1239173"
111.206.241.76 - - [01/Feb/2017:22:25:23 +0800] "HEAD / HTTP/1.1" 200 - "-" "Mozilla/5.0 (compatible; MSIE 7.0; Windows NT 5.1; .NET CLR 1.1.4322) 360JK yunjiankong 1239173"
125.88.222.250 - - [01/Feb/2017:22:34:30 +0800] "HEAD / HTTP/1.1" 200 - "-" "Mozilla/5.0 (compatible; MSIE 7.0; Windows NT 5.1; .NET CLR 1.1.4322) 360JK yunjiankong 1239173"
111.206.241.76 - - [01/Feb/2017:22:35:24 +0800] "HEAD / HTTP/1.1" 200 - "-" "Mozilla/5.0 (compatible; MSIE 7.0; Windows NT 5.1; .NET CLR 1.1.4322) 360JK yunjiankong 1239173"
111.206.241.76 - - [01/Feb/2017:22:36:24 +0800] "HEAD / HTTP/1.1" 200 - "-" "Mozilla/5.0 (compatible; MSIE 7.0; Windows NT 5.1; .NET CLR 1.1.4322) 360JK yunjiankong 1239173"
64.79.100.57 - - [01/Feb/2017:22:38:18 +0800] "GET / HTTP/1.1" 200 26 "http://www.wolfteam.lol" "Mozilla/5.0 (Windows NT 6.1; WOW64) AppleWebKit/537.36 (KHTML, like Gecko) Chrome/39.0.2171.95 Safari/537.36"
64.79.100.57 - - [01/Feb/2017:22:38:19 +0800] "GET / HTTP/1.1" 200 26 "-" "Mozilla"
101.226.162.90 - - [01/Feb/2017:22:43:02 +0800] "HEAD / HTTP/1.1" 200 - "-" "Mozilla/5.0 (compatible; MSIE 7.0; Windows NT 5.1; .NET CLR 1.1.4322) 360JK yunjiankong 1239173"
1.162.169.9 - - [01/Feb/2017:22:43:56 +0800] "CONNECT mx-tw.mail.gm0.yahoodns.net:25 HTTP/1.0" 405 235 "-" "-"
125.88.222.250 - - [01/Feb/2017:22:44:27 +0800] "HEAD / HTTP/1.1" 200 - "-" "Mozilla/5.0 (compatible; MSIE 7.0; Windows NT 5.1; .NET CLR 1.1.4322) 360JK yunjiankong 1239173"
101.226.162.90 - - [01/Feb/2017:22:44:35 +0800] "HEAD / HTTP/1.1" 200 - "-" "Mozilla/5.0 (compatible; MSIE 7.0; Windows NT 5.1; .NET CLR 1.1.4322) 360JK yunjiankong 1239173"
1.162.169.9 - - [01/Feb/2017:22:44:52 +0800] "CONNECT mx-tw.mail.gm0.yahoodns.net:25 HTTP/1.0" 405 235 "-" "-"
14.116.3.33 - - [01/Feb/2017:22:47:15 +0800] "GET http://www.baidu.com/s?wd=5118 HTTP/1.1" 404 199 "-" "Mozilla/4.0 (compatible; MSIE 7.0; Windows NT 5.1; TencentTraveler ; EmbeddedWB 14.52 from: http://www.bsalsa.com/ EmbeddedWB 14.52; .NET CLR 2.0.50727; InfoPath.2; .NET CLR 3.0.04506.30; .NET CLR 3.0.04506.590; .NET CLR 3.0.04506.648; .NET CLR 3.5.21022)"
125.88.222.250 - - [01/Feb/2017:22:53:28 +0800] "HEAD / HTTP/1.1" 200 - "-" "Mozilla/5.0 (compatible; MSIE 7.0; Windows NT 5.1; .NET CLR 1.1.4322) 360JK yunjiankong 1239173"
111.206.241.76 - - [01/Feb/2017:22:56:24 +0800] "HEAD / HTTP/1.1" 200 - "-" "Mozilla/5.0 (compatible; MSIE 7.0; Windows NT 5.1; .NET CLR 1.1.4322) 360JK yunjiankong 1239173"
101.226.162.90 - - [01/Feb/2017:23:03:03 +0800] "HEAD / HTTP/1.1" 200 - "-" "Mozilla/5.0 (compatible; MSIE 7.0; Windows NT 5.1; .NET CLR 1.1.4322) 360JK yunjiankong 1239173"
1.162.169.9 - - [01/Feb/2017:23:09:58 +0800] "CONNECT mx-tw.mail.gm0.yahoodns.net:25 HTTP/1.0" 405 235 "-" "-"
1.162.169.9 - - [01/Feb/2017:23:10:54 +0800] "CONNECT mx-tw.mail.gm0.yahoodns.net:25 HTTP/1.0" 405 235 "-" "-"
60.169.77.130 - - [01/Feb/2017:23:14:00 +0800] "GET http://14.215.177.37/ HTTP/1.1" 200 26 "-" "Mozilla/4.0 (compatible; MSIE 6.0; Windows NT 5.1; SV1; .NET CLR 2.0.50727; .NET CLR 3.0.04506.648; .NET CLR 3.5.21022)"
111.206.241.76 - - [01/Feb/2017:23:15:53 +0800] "HEAD / HTTP/1.1" 200 - "-" "Mozilla/5.0 (compatible; MSIE 7.0; Windows NT 5.1; .NET CLR 1.1.4322) 360JK yunjiankong 1239173"
111.206.241.76 - - [01/Feb/2017:23:16:23 +0800] "HEAD / HTTP/1.1" 200 - "-" "Mozilla/5.0 (compatible; MSIE 7.0; Windows NT 5.1; .NET CLR 1.1.4322) 360JK yunjiankong 1239173"
113.76.101.191 - - [01/Feb/2017:23:23:08 +0800] "GET http://www.baidu.com/s?wd=5118 HTTP/1.1" 404 199 "-" "Mozilla/4.0 (compatible; MSIE 7.0; Windows NT 5.1; TencentTraveler ; EmbeddedWB 14.52 from: http://www.bsalsa.com/ EmbeddedWB 14.52; .NET CLR 2.0.50727; InfoPath.2; .NET CLR 3.0.04506.30; .NET CLR 3.0.04506.590; .NET CLR 3.0.04506.648; .NET CLR 3.5.21022)"
125.88.222.250 - - [01/Feb/2017:23:23:58 +0800] "HEAD / HTTP/1.1" 200 - "-" "Mozilla/5.0 (compatible; MSIE 7.0; Windows NT 5.1; .NET CLR 1.1.4322) 360JK yunjiankong 1239173"
125.88.222.250 - - [01/Feb/2017:23:24:28 +0800] "HEAD / HTTP/1.1" 200 - "-" "Mozilla/5.0 (compatible; MSIE 7.0; Windows NT 5.1; .NET CLR 1.1.4322) 360JK yunjiankong 1239173"
5.178.86.74 - - [01/Feb/2017:23:32:23 +0800] "CONNECT check.best-proxies.ru:80 HTTP/1.1" 400 226 "-" "-"
125.88.222.250 - - [01/Feb/2017:23:33:30 +0800] "HEAD / HTTP/1.1" 200 - "-" "Mozilla/5.0 (compatible; MSIE 7.0; Windows NT 5.1; .NET CLR 1.1.4322) 360JK yunjiankong 1239173"
101.226.162.90 - - [01/Feb/2017:23:33:51 +0800] "HEAD / HTTP/1.1" 200 - "-" "Mozilla/5.0 (compatible; MSIE 7.0; Windows NT 5.1; .NET CLR 1.1.4322) 360JK yunjiankong 1239173"
101.226.162.90 - - [01/Feb/2017:23:34:20 +0800] "HEAD / HTTP/1.1" 200 - "-" "Mozilla/5.0 (compatible; MSIE 7.0; Windows NT 5.1; .NET CLR 1.1.4322) 360JK yunjiankong 1239173"
1.162.169.9 - - [01/Feb/2017:23:36:44 +0800] "CONNECT mx-tw.mail.gm0.yahoodns.net:25 HTTP/1.0" 405 235 "-" "-"
125.88.222.250 - - [01/Feb/2017:23:44:29 +0800] "HEAD / HTTP/1.1" 200 - "-" "Mozilla/5.0 (compatible; MSIE 7.0; Windows NT 5.1; .NET CLR 1.1.4322) 360JK yunjiankong 1239173"
111.206.241.76 - - [01/Feb/2017:23:45:24 +0800] "HEAD / HTTP/1.1" 200 - "-" "Mozilla/5.0 (compatible; MSIE 7.0; Windows NT 5.1; .NET CLR 1.1.4322) 360JK yunjiankong 1239173"
183.60.201.162 - - [01/Feb/2017:23:55:33 +0800] "GET / HTTP/1.1" 200 26 "http://123.56.134.173:80/" "Mozilla/4.0 (compatible; MSIE 9.0; Windows NT 6.1)"
111.206.241.76 - - [01/Feb/2017:23:56:23 +0800] "HEAD / HTTP/1.1" 200 - "-" "Mozilla/5.0 (compatible; MSIE 7.0; Windows NT 5.1; .NET CLR 1.1.4322) 360JK yunjiankong 1239173"
106.120.161.66 - - [02/Feb/2017:00:02:31 +0800] "GET / HTTP/1.1" 200 26 "-" "Mozilla/5.0 (Windows NT 6.3; WOW64) AppleWebKit/537.36 (KHTML, like Gecko) Chrome/33.0.1750.117 Safari/537.36"
125.88.222.250 - - [02/Feb/2017:00:03:27 +0800] "HEAD / HTTP/1.1" 200 - "-" "Mozilla/5.0 (compatible; MSIE 7.0; Windows NT 5.1; .NET CLR 1.1.4322) 360JK yunjiankong 1239173"
101.226.162.90 - - [02/Feb/2017:00:03:29 +0800] "HEAD / HTTP/1.1" 200 - "-" "Mozilla/5.0 (compatible; MSIE 7.0; Windows NT 5.1; .NET CLR 1.1.4322) 360JK yunjiankong 1239173"
1.162.169.9 - - [02/Feb/2017:00:04:26 +0800] "CONNECT mx-tw.mail.gm0.yahoodns.net:25 HTTP/1.0" 405 235 "-" "-"
101.226.162.90 - - [02/Feb/2017:00:04:30 +0800] "HEAD / HTTP/1.1" 200 - "-" "Mozilla/5.0 (compatible; MSIE 7.0; Windows NT 5.1; .NET CLR 1.1.4322) 360JK yunjiankong 1239173"
111.206.241.76 - - [02/Feb/2017:00:05:23 +0800] "HEAD / HTTP/1.1" 200 - "-" "Mozilla/5.0 (compatible; MSIE 7.0; Windows NT 5.1; .NET CLR 1.1.4322) 360JK yunjiankong 1239173"
111.206.241.76 - - [02/Feb/2017:00:06:23 +0800] "HEAD / HTTP/1.1" 200 - "-" "Mozilla/5.0 (compatible; MSIE 7.0; Windows NT 5.1; .NET CLR 1.1.4322) 360JK yunjiankong 1239173"
125.88.222.250 - - [02/Feb/2017:00:13:35 +0800] "HEAD / HTTP/1.1" 200 - "-" "Mozilla/5.0 (compatible; MSIE 7.0; Windows NT 5.1; .NET CLR 1.1.4322) 360JK yunjiankong 1239173"
80.82.78.38 - - [02/Feb/2017:00:14:01 +0800] "GET http://www.baidu.com/cache/global/img/gs.gif HTTP/1.1" 404 221 "-" "Mozilla"
125.88.222.250 - - [02/Feb/2017:00:14:05 +0800] "HEAD / HTTP/1.1" 200 - "-" "Mozilla/5.0 (compatible; MSIE 7.0; Windows NT 5.1; .NET CLR 1.1.4322) 360JK yunjiankong 1239173"
101.226.162.90 - - [02/Feb/2017:00:14:27 +0800] "HEAD / HTTP/1.1" 200 - "-" "Mozilla/5.0 (compatible; MSIE 7.0; Windows NT 5.1; .NET CLR 1.1.4322) 360JK yunjiankong 1239173"
125.88.222.250 - - [02/Feb/2017:00:14:35 +0800] "HEAD / HTTP/1.1" 200 - "-" "Mozilla/5.0 (compatible; MSIE 7.0; Windows NT 5.1; .NET CLR 1.1.4322) 360JK yunjiankong 1239173"
125.88.222.250 - - [02/Feb/2017:00:23:59 +0800] "HEAD / HTTP/1.1" 200 - "-" "Mozilla/5.0 (compatible; MSIE 7.0; Windows NT 5.1; .NET CLR 1.1.4322) 360JK yunjiankong 1239173"
125.88.222.250 - - [02/Feb/2017:00:24:29 +0800] "HEAD / HTTP/1.1" 200 - "-" "Mozilla/5.0 (compatible; MSIE 7.0; Windows NT 5.1; .NET CLR 1.1.4322) 360JK yunjiankong 1239173"
111.206.52.124 - - [02/Feb/2017:00:26:08 +0800] "GET / HTTP/1.1" 200 26 "-" "Mozilla/5.0 (Windows NT 6.3; WOW64) AppleWebKit/537.36 (KHTML, like Gecko) Chrome/33.0.1750.117 Safari/537.36"
1.162.169.9 - - [02/Feb/2017:00:29:36 +0800] "CONNECT mx-tw.mail.gm0.yahoodns.net:25 HTTP/1.0" 405 235 "-" "-"
1.162.169.9 - - [02/Feb/2017:00:30:58 +0800] "CONNECT mx-tw.mail.gm0.yahoodns.net:25 HTTP/1.0" 405 235 "-" "-"
125.88.222.250 - - [02/Feb/2017:00:34:01 +0800] "HEAD / HTTP/1.1" 200 - "-" "Mozilla/5.0 (compatible; MSIE 7.0; Windows NT 5.1; .NET CLR 1.1.4322) 360JK yunjiankong 1239173"
101.226.162.90 - - [02/Feb/2017:00:34:02 +0800] "HEAD / HTTP/1.1" 200 - "-" "Mozilla/5.0 (compatible; MSIE 7.0; Windows NT 5.1; .NET CLR 1.1.4322) 360JK yunjiankong 1239173"
172.82.166.210 - - [02/Feb/2017:00:43:43 +0800] "GET http://www.baidu.com/cache/global/img/gs.gif HTTP/1.1" 404 221 "-" "Mozilla"
125.88.222.250 - - [02/Feb/2017:00:43:58 +0800] "HEAD / HTTP/1.1" 200 - "-" "Mozilla/5.0 (compatible; MSIE 7.0; Windows NT 5.1; .NET CLR 1.1.4322) 360JK yunjiankong 1239173"
111.206.241.76 - - [02/Feb/2017:00:46:25 +0800] "HEAD / HTTP/1.1" 200 - "-" "Mozilla/5.0 (compatible; MSIE 7.0; Windows NT 5.1; .NET CLR 1.1.4322) 360JK yunjiankong 1239173"
101.226.162.90 - - [02/Feb/2017:00:52:59 +0800] "HEAD / HTTP/1.1" 200 - "-" "Mozilla/5.0 (compatible; MSIE 7.0; Windows NT 5.1; .NET CLR 1.1.4322) 360JK yunjiankong 1239173"
1.162.169.9 - - [02/Feb/2017:00:55:41 +0800] "CONNECT mx-tw.mail.gm0.yahoodns.net:25 HTTP/1.0" 405 235 "-" "-"
125.88.222.250 - - [02/Feb/2017:00:56:39 +0800] "HEAD / HTTP/1.1" 200 - "-" "Mozilla/5.0 (compatible; MSIE 7.0; Windows NT 5.1; .NET CLR 1.1.4322) 360JK yunjiankong 1239173"
125.88.222.250 - - [02/Feb/2017:00:57:10 +0800] "HEAD / HTTP/1.1" 200 - "-" "Mozilla/5.0 (compatible; MSIE 7.0; Windows NT 5.1; .NET CLR 1.1.4322) 360JK yunjiankong 1239173"
111.206.241.76 - - [02/Feb/2017:01:05:52 +0800] "HEAD / HTTP/1.1" 200 - "-" "Mozilla/5.0 (compatible; MSIE 7.0; Windows NT 5.1; .NET CLR 1.1.4322) 360JK yunjiankong 1239173"
111.206.241.76 - - [02/Feb/2017:01:06:22 +0800] "HEAD / HTTP/1.1" 200 - "-" "Mozilla/5.0 (compatible; MSIE 7.0; Windows NT 5.1; .NET CLR 1.1.4322) 360JK yunjiankong 1239173"
125.88.222.250 - - [02/Feb/2017:01:06:42 +0800] "HEAD / HTTP/1.1" 200 - "-" "Mozilla/5.0 (compatible; MSIE 7.0; Windows NT 5.1; .NET CLR 1.1.4322) 360JK yunjiankong 1239173"
125.88.222.250 - - [02/Feb/2017:01:07:12 +0800] "HEAD / HTTP/1.1" 200 - "-" "Mozilla/5.0 (compatible; MSIE 7.0; Windows NT 5.1; .NET CLR 1.1.4322) 360JK yunjiankong 1239173"
111.206.241.76 - - [02/Feb/2017:01:15:21 +0800] "HEAD / HTTP/1.1" 200 - "-" "Mozilla/5.0 (compatible; MSIE 7.0; Windows NT 5.1; .NET CLR 1.1.4322) 360JK yunjiankong 1239173"
1.162.169.9 - - [02/Feb/2017:01:22:41 +0800] "CONNECT mx-tw.mail.gm0.yahoodns.net:25 HTTP/1.0" 405 235 "-" "-"
111.206.241.76 - - [02/Feb/2017:01:25:22 +0800] "HEAD / HTTP/1.1" 200 - "-" "Mozilla/5.0 (compatible; MSIE 7.0; Windows NT 5.1; .NET CLR 1.1.4322) 360JK yunjiankong 1239173"
111.206.52.124 - - [02/Feb/2017:01:26:49 +0800] "GET / HTTP/1.1" 200 26 "-" "Mozilla/5.0 (Windows NT 6.3; WOW64) AppleWebKit/537.36 (KHTML, like Gecko) Chrome/33.0.1750.117 Safari/537.36"
125.88.222.250 - - [02/Feb/2017:01:27:11 +0800] "HEAD / HTTP/1.1" 200 - "-" "Mozilla/5.0 (compatible; MSIE 7.0; Windows NT 5.1; .NET CLR 1.1.4322) 360JK yunjiankong 1239173"
125.88.222.250 - - [02/Feb/2017:01:27:41 +0800] "HEAD / HTTP/1.1" 200 - "-" "Mozilla/5.0 (compatible; MSIE 7.0; Windows NT 5.1; .NET CLR 1.1.4322) 360JK yunjiankong 1239173"
101.226.162.90 - - [02/Feb/2017:01:31:33 +0800] "HEAD / HTTP/1.1" 200 - "-" "Mozilla/5.0 (compatible; MSIE 7.0; Windows NT 5.1; .NET CLR 1.1.4322) 360JK yunjiankong 1239173"
1.162.169.9 - - [02/Feb/2017:01:48:33 +0800] "CONNECT mx-tw.mail.gm0.yahoodns.net:25 HTTP/1.0" 405 235 "-" "-"
101.226.162.90 - - [02/Feb/2017:01:50:33 +0800] "HEAD / HTTP/1.1" 200 - "-" "Mozilla/5.0 (compatible; MSIE 7.0; Windows NT 5.1; .NET CLR 1.1.4322) 360JK yunjiankong 1239173"
111.206.241.76 - - [02/Feb/2017:01:55:21 +0800] "HEAD / HTTP/1.1" 200 - "-" "Mozilla/5.0 (compatible; MSIE 7.0; Windows NT 5.1; .NET CLR 1.1.4322) 360JK yunjiankong 1239173"
111.206.241.76 - - [02/Feb/2017:01:55:51 +0800] "HEAD / HTTP/1.1" 200 - "-" "Mozilla/5.0 (compatible; MSIE 7.0; Windows NT 5.1; .NET CLR 1.1.4322) 360JK yunjiankong 1239173"
111.206.241.76 - - [02/Feb/2017:01:56:21 +0800] "HEAD / HTTP/1.1" 200 - "-" "Mozilla/5.0 (compatible; MSIE 7.0; Windows NT 5.1; .NET CLR 1.1.4322) 360JK yunjiankong 1239173"
125.88.222.250 - - [02/Feb/2017:01:57:40 +0800] "HEAD / HTTP/1.1" 200 - "-" "Mozilla/5.0 (compatible; MSIE 7.0; Windows NT 5.1; .NET CLR 1.1.4322) 360JK yunjiankong 1239173"
101.226.162.90 - - [02/Feb/2017:02:00:33 +0800] "HEAD / HTTP/1.1" 200 - "-" "Mozilla/5.0 (compatible; MSIE 7.0; Windows NT 5.1; .NET CLR 1.1.4322) 360JK yunjiankong 1239173"
221.229.173.67 - - [02/Feb/2017:02:04:04 +0800] "GET / HTTP/1.1" 200 26 "http://123.56.134.173:80/" "Mozilla/4.0 (compatible; MSIE 9.0; Windows NT 6.1)"
181.209.70.154 - - [02/Feb/2017:02:06:40 +0800] "GET / HTTP/1.0" 200 26 "-" "Mozilla/5.0 (compatible; MSIE 9.0; Windows NT 6.1; WOW64; Trident/5.0)"
125.88.222.250 - - [02/Feb/2017:02:06:43 +0800] "HEAD / HTTP/1.1" 200 - "-" "Mozilla/5.0 (compatible; MSIE 7.0; Windows NT 5.1; .NET CLR 1.1.4322) 360JK yunjiankong 1239173"
125.88.222.250 - - [02/Feb/2017:02:07:13 +0800] "HEAD / HTTP/1.1" 200 - "-" "Mozilla/5.0 (compatible; MSIE 7.0; Windows NT 5.1; .NET CLR 1.1.4322) 360JK yunjiankong 1239173"
101.226.162.90 - - [02/Feb/2017:02:11:04 +0800] "HEAD / HTTP/1.1" 200 - "-" "Mozilla/5.0 (compatible; MSIE 7.0; Windows NT 5.1; .NET CLR 1.1.4322) 360JK yunjiankong 1239173"
101.226.162.90 - - [02/Feb/2017:02:11:34 +0800] "HEAD / HTTP/1.1" 200 - "-" "Mozilla/5.0 (compatible; MSIE 7.0; Windows NT 5.1; .NET CLR 1.1.4322) 360JK yunjiankong 1239173"
1.162.169.9 - - [02/Feb/2017:02:14:34 +0800] "CONNECT mx-tw.mail.gm0.yahoodns.net:25 HTTP/1.0" 405 235 "-" "-"
1.162.169.9 - - [02/Feb/2017:02:15:23 +0800] "CONNECT mx-tw.mail.gm0.yahoodns.net:25 HTTP/1.0" 405 235 "-" "-"
103.242.202.196 - - [02/Feb/2017:02:24:03 +0800] "HEAD http://tdjypx.cn/ HTTP/1.1" 200 - "-" "Java/1.7.0_91"
111.206.241.76 - - [02/Feb/2017:02:25:21 +0800] "HEAD / HTTP/1.1" 200 - "-" "Mozilla/5.0 (compatible; MSIE 7.0; Windows NT 5.1; .NET CLR 1.1.4322) 360JK yunjiankong 1239173"
111.206.241.76 - - [02/Feb/2017:02:35:52 +0800] "HEAD / HTTP/1.1" 200 - "-" "Mozilla/5.0 (compatible; MSIE 7.0; Windows NT 5.1; .NET CLR 1.1.4322) 360JK yunjiankong 1239173"
1.162.169.9 - - [02/Feb/2017:02:41:18 +0800] "CONNECT mx-tw.mail.gm0.yahoodns.net:25 HTTP/1.0" 405 235 "-" "-"
111.206.241.76 - - [02/Feb/2017:02:45:21 +0800] "HEAD / HTTP/1.1" 200 - "-" "Mozilla/5.0 (compatible; MSIE 7.0; Windows NT 5.1; .NET CLR 1.1.4322) 360JK yunjiankong 1239173"
111.206.241.76 - - [02/Feb/2017:02:46:21 +0800] "HEAD / HTTP/1.1" 200 - "-" "Mozilla/5.0 (compatible; MSIE 7.0; Windows NT 5.1; .NET CLR 1.1.4322) 360JK yunjiankong 1239173"
125.88.222.250 - - [02/Feb/2017:02:46:40 +0800] "HEAD / HTTP/1.1" 200 - "-" "Mozilla/5.0 (compatible; MSIE 7.0; Windows NT 5.1; .NET CLR 1.1.4322) 360JK yunjiankong 1239173"
125.88.222.250 - - [02/Feb/2017:02:47:10 +0800] "HEAD / HTTP/1.1" 200 - "-" "Mozilla/5.0 (compatible; MSIE 7.0; Windows NT 5.1; .NET CLR 1.1.4322) 360JK yunjiankong 1239173"
36.110.211.2 - - [02/Feb/2017:02:47:16 +0800] "GET / HTTP/1.1" 200 26 "-" "Mozilla/5.0 (Windows NT 6.3; WOW64) AppleWebKit/537.36 (KHTML, like Gecko) Chrome/33.0.1750.117 Safari/537.36"
101.226.162.90 - - [02/Feb/2017:02:51:03 +0800] "HEAD / HTTP/1.1" 200 - "-" "Mozilla/5.0 (compatible; MSIE 7.0; Windows NT 5.1; .NET CLR 1.1.4322) 360JK yunjiankong 1239173"
125.88.222.250 - - [02/Feb/2017:02:57:10 +0800] "HEAD / HTTP/1.1" 200 - "-" "Mozilla/5.0 (compatible; MSIE 7.0; Windows NT 5.1; .NET CLR 1.1.4322) 360JK yunjiankong 1239173"
125.88.222.250 - - [02/Feb/2017:02:57:40 +0800] "HEAD / HTTP/1.1" 200 - "-" "Mozilla/5.0 (compatible; MSIE 7.0; Windows NT 5.1; .NET CLR 1.1.4322) 360JK yunjiankong 1239173"
101.226.162.90 - - [02/Feb/2017:03:01:04 +0800] "HEAD / HTTP/1.1" 200 - "-" "Mozilla/5.0 (compatible; MSIE 7.0; Windows NT 5.1; .NET CLR 1.1.4322) 360JK yunjiankong 1239173"
111.20.248.74 - - [02/Feb/2017:03:08:11 +0800] "HEAD http://wolfteam.lol/ HTTP/1.1" 200 - "-" "Java/1.7.0_91"
101.226.162.90 - - [02/Feb/2017:03:11:34 +0800] "HEAD / HTTP/1.1" 200 - "-" "Mozilla/5.0 (compatible; MSIE 7.0; Windows NT 5.1; .NET CLR 1.1.4322) 360JK yunjiankong 1239173"
111.206.241.76 - - [02/Feb/2017:03:15:52 +0800] "HEAD / HTTP/1.1" 200 - "-" "Mozilla/5.0 (compatible; MSIE 7.0; Windows NT 5.1; .NET CLR 1.1.4322) 360JK yunjiankong 1239173"
125.88.222.250 - - [02/Feb/2017:03:17:10 +0800] "HEAD / HTTP/1.1" 200 - "-" "Mozilla/5.0 (compatible; MSIE 7.0; Windows NT 5.1; .NET CLR 1.1.4322) 360JK yunjiankong 1239173"
125.88.222.250 - - [02/Feb/2017:03:17:40 +0800] "HEAD / HTTP/1.1" 200 - "-" "Mozilla/5.0 (compatible; MSIE 7.0; Windows NT 5.1; .NET CLR 1.1.4322) 360JK yunjiankong 1239173"
101.226.162.90 - - [02/Feb/2017:03:20:33 +0800] "HEAD / HTTP/1.1" 200 - "-" "Mozilla/5.0 (compatible; MSIE 7.0; Windows NT 5.1; .NET CLR 1.1.4322) 360JK yunjiankong 1239173"
125.88.222.250 - - [02/Feb/2017:03:27:11 +0800] "HEAD / HTTP/1.1" 200 - "-" "Mozilla/5.0 (compatible; MSIE 7.0; Windows NT 5.1; .NET CLR 1.1.4322) 360JK yunjiankong 1239173"
101.226.162.90 - - [02/Feb/2017:03:31:03 +0800] "HEAD / HTTP/1.1" 200 - "-" "Mozilla/5.0 (compatible; MSIE 7.0; Windows NT 5.1; .NET CLR 1.1.4322) 360JK yunjiankong 1239173"
1.162.169.9 - - [02/Feb/2017:03:33:37 +0800] "CONNECT mx-tw.mail.gm0.yahoodns.net:25 HTTP/1.0" 405 235 "-" "-"
1.162.169.9 - - [02/Feb/2017:03:34:15 +0800] "CONNECT mx-tw.mail.gm0.yahoodns.net:25 HTTP/1.0" 405 235 "-" "-"
111.206.241.76 - - [02/Feb/2017:03:35:51 +0800] "HEAD / HTTP/1.1" 200 - "-" "Mozilla/5.0 (compatible; MSIE 7.0; Windows NT 5.1; .NET CLR 1.1.4322) 360JK yunjiankong 1239173"
111.206.241.76 - - [02/Feb/2017:03:36:21 +0800] "HEAD / HTTP/1.1" 200 - "-" "Mozilla/5.0 (compatible; MSIE 7.0; Windows NT 5.1; .NET CLR 1.1.4322) 360JK yunjiankong 1239173"
125.88.222.250 - - [02/Feb/2017:03:36:41 +0800] "HEAD / HTTP/1.1" 200 - "-" "Mozilla/5.0 (compatible; MSIE 7.0; Windows NT 5.1; .NET CLR 1.1.4322) 360JK yunjiankong 1239173"
91.223.133.17 - - [02/Feb/2017:03:36:55 +0800] "HEAD / HTTP/1.1" 200 - "-" "Mozilla/5.0 (Windows NT 10.0; WOW64) AppleWebKit/537.36 (KHTML, like Gecko) Chrome/55.0.2883.87 Safari/537.36 OPR/42.0.2393.94"
91.223.133.17 - - [02/Feb/2017:03:36:56 +0800] "GET / HTTP/1.1" 200 26 "-" "Mozilla/5.0 (Windows NT 10.0; WOW64) AppleWebKit/537.36 (KHTML, like Gecko) Chrome/55.0.2883.87 Safari/537.36 OPR/42.0.2393.94"
101.226.162.90 - - [02/Feb/2017:03:41:03 +0800] "HEAD / HTTP/1.1" 200 - "-" "Mozilla/5.0 (compatible; MSIE 7.0; Windows NT 5.1; .NET CLR 1.1.4322) 360JK yunjiankong 1239173"
101.226.162.90 - - [02/Feb/2017:03:51:03 +0800] "HEAD / HTTP/1.1" 200 - "-" "Mozilla/5.0 (compatible; MSIE 7.0; Windows NT 5.1; .NET CLR 1.1.4322) 360JK yunjiankong 1239173"
101.226.162.90 - - [02/Feb/2017:03:51:33 +0800] "HEAD / HTTP/1.1" 200 - "-" "Mozilla/5.0 (compatible; MSIE 7.0; Windows NT 5.1; .NET CLR 1.1.4322) 360JK yunjiankong 1239173"
125.88.222.250 - - [02/Feb/2017:03:56:21 +0800] "HEAD / HTTP/1.1" 200 - "-" "Mozilla/5.0 (compatible; MSIE 7.0; Windows NT 5.1; .NET CLR 1.1.4322) 360JK yunjiankong 1239173"
111.206.241.76 - - [02/Feb/2017:03:56:22 +0800] "HEAD / HTTP/1.1" 200 - "-" "Mozilla/5.0 (compatible; MSIE 7.0; Windows NT 5.1; .NET CLR 1.1.4322) 360JK yunjiankong 1239173"
1.162.169.9 - - [02/Feb/2017:04:00:12 +0800] "CONNECT mx-tw.mail.gm0.yahoodns.net:25 HTTP/1.0" 405 235 "-" "-"
101.226.162.90 - - [02/Feb/2017:04:00:33 +0800] "HEAD / HTTP/1.1" 200 - "-" "Mozilla/5.0 (compatible; MSIE 7.0; Windows NT 5.1; .NET CLR 1.1.4322) 360JK yunjiankong 1239173"
36.110.211.3 - - [02/Feb/2017:04:00:42 +0800] "GET / HTTP/1.1" 200 26 "-" "Mozilla/5.0 (Windows NT 6.3; WOW64) AppleWebKit/537.36 (KHTML, like Gecko) Chrome/33.0.1750.117 Safari/537.36"
101.226.162.90 - - [02/Feb/2017:04:01:04 +0800] "HEAD / HTTP/1.1" 200 - "-" "Mozilla/5.0 (compatible; MSIE 7.0; Windows NT 5.1; .NET CLR 1.1.4322) 360JK yunjiankong 1239173"
5.178.86.76 - - [02/Feb/2017:04:04:02 +0800] "CONNECT check.best-proxies.ru:80 HTTP/1.1" 400 226 "-" "-"
111.206.241.76 - - [02/Feb/2017:04:05:52 +0800] "HEAD / HTTP/1.1" 200 - "-" "Mozilla/5.0 (compatible; MSIE 7.0; Windows NT 5.1; .NET CLR 1.1.4322) 360JK yunjiankong 1239173"
121.201.22.192 - - [02/Feb/2017:04:06:02 +0800] "CONNECT search.yahoo.com:443 HTTP/1.1" 405 235 "-" "-"
125.88.222.250 - - [02/Feb/2017:04:06:21 +0800] "HEAD / HTTP/1.1" 200 - "-" "Mozilla/5.0 (compatible; MSIE 7.0; Windows NT 5.1; .NET CLR 1.1.4322) 360JK yunjiankong 1239173"
101.226.162.90 - - [02/Feb/2017:04:11:04 +0800] "HEAD / HTTP/1.1" 200 - "-" "Mozilla/5.0 (compatible; MSIE 7.0; Windows NT 5.1; .NET CLR 1.1.4322) 360JK yunjiankong 1239173"
101.226.162.90 - - [02/Feb/2017:04:11:34 +0800] "HEAD / HTTP/1.1" 200 - "-" "Mozilla/5.0 (compatible; MSIE 7.0; Windows NT 5.1; .NET CLR 1.1.4322) 360JK yunjiankong 1239173"
111.206.241.76 - - [02/Feb/2017:04:16:21 +0800] "HEAD / HTTP/1.1" 200 - "-" "Mozilla/5.0 (compatible; MSIE 7.0; Windows NT 5.1; .NET CLR 1.1.4322) 360JK yunjiankong 1239173"
125.88.222.250 - - [02/Feb/2017:04:16:51 +0800] "HEAD / HTTP/1.1" 200 - "-" "Mozilla/5.0 (compatible; MSIE 7.0; Windows NT 5.1; .NET CLR 1.1.4322) 360JK yunjiankong 1239173"
125.88.222.250 - - [02/Feb/2017:04:17:21 +0800] "HEAD / HTTP/1.1" 200 - "-" "Mozilla/5.0 (compatible; MSIE 7.0; Windows NT 5.1; .NET CLR 1.1.4322) 360JK yunjiankong 1239173"
101.226.162.90 - - [02/Feb/2017:04:20:33 +0800] "HEAD / HTTP/1.1" 200 - "-" "Mozilla/5.0 (compatible; MSIE 7.0; Windows NT 5.1; .NET CLR 1.1.4322) 360JK yunjiankong 1239173"
101.226.162.90 - - [02/Feb/2017:04:21:04 +0800] "HEAD / HTTP/1.1" 200 - "-" "Mozilla/5.0 (compatible; MSIE 7.0; Windows NT 5.1; .NET CLR 1.1.4322) 360JK yunjiankong 1239173"
1.162.169.9 - - [02/Feb/2017:04:26:12 +0800] "CONNECT mx-tw.mail.gm0.yahoodns.net:25 HTTP/1.0" 405 235 "-" "-"
125.88.222.250 - - [02/Feb/2017:04:26:21 +0800] "HEAD / HTTP/1.1" 200 - "-" "Mozilla/5.0 (compatible; MSIE 7.0; Windows NT 5.1; .NET CLR 1.1.4322) 360JK yunjiankong 1239173"
125.88.222.250 - - [02/Feb/2017:04:27:21 +0800] "HEAD / HTTP/1.1" 200 - "-" "Mozilla/5.0 (compatible; MSIE 7.0; Windows NT 5.1; .NET CLR 1.1.4322) 360JK yunjiankong 1239173"
101.226.162.90 - - [02/Feb/2017:04:31:03 +0800] "HEAD / HTTP/1.1" 200 - "-" "Mozilla/5.0 (compatible; MSIE 7.0; Windows NT 5.1; .NET CLR 1.1.4322) 360JK yunjiankong 1239173"
101.226.162.90 - - [02/Feb/2017:04:32:03 +0800] "HEAD / HTTP/1.1" 200 - "-" "Mozilla/5.0 (compatible; MSIE 7.0; Windows NT 5.1; .NET CLR 1.1.4322) 360JK yunjiankong 1239173"
111.206.241.76 - - [02/Feb/2017:04:36:23 +0800] "HEAD / HTTP/1.1" 200 - "-" "Mozilla/5.0 (compatible; MSIE 7.0; Windows NT 5.1; .NET CLR 1.1.4322) 360JK yunjiankong 1239173"
125.88.222.250 - - [02/Feb/2017:04:37:23 +0800] "HEAD / HTTP/1.1" 200 - "-" "Mozilla/5.0 (compatible; MSIE 7.0; Windows NT 5.1; .NET CLR 1.1.4322) 360JK yunjiankong 1239173"
101.226.162.90 - - [02/Feb/2017:04:40:33 +0800] "HEAD / HTTP/1.1" 200 - "-" "Mozilla/5.0 (compatible; MSIE 7.0; Windows NT 5.1; .NET CLR 1.1.4322) 360JK yunjiankong 1239173"
111.206.241.76 - - [02/Feb/2017:04:45:22 +0800] "HEAD / HTTP/1.1" 200 - "-" "Mozilla/5.0 (compatible; MSIE 7.0; Windows NT 5.1; .NET CLR 1.1.4322) 360JK yunjiankong 1239173"
111.206.241.76 - - [02/Feb/2017:04:46:22 +0800] "HEAD / HTTP/1.1" 200 - "-" "Mozilla/5.0 (compatible; MSIE 7.0; Windows NT 5.1; .NET CLR 1.1.4322) 360JK yunjiankong 1239173"
125.88.222.250 - - [02/Feb/2017:04:47:22 +0800] "HEAD / HTTP/1.1" 200 - "-" "Mozilla/5.0 (compatible; MSIE 7.0; Windows NT 5.1; .NET CLR 1.1.4322) 360JK yunjiankong 1239173"
101.226.162.90 - - [02/Feb/2017:04:50:33 +0800] "HEAD / HTTP/1.1" 200 - "-" "Mozilla/5.0 (compatible; MSIE 7.0; Windows NT 5.1; .NET CLR 1.1.4322) 360JK yunjiankong 1239173"
101.226.162.90 - - [02/Feb/2017:04:51:03 +0800] "HEAD / HTTP/1.1" 200 - "-" "Mozilla/5.0 (compatible; MSIE 7.0; Windows NT 5.1; .NET CLR 1.1.4322) 360JK yunjiankong 1239173"
101.226.162.90 - - [02/Feb/2017:04:51:33 +0800] "HEAD / HTTP/1.1" 200 - "-" "Mozilla/5.0 (compatible; MSIE 7.0; Windows NT 5.1; .NET CLR 1.1.4322) 360JK yunjiankong 1239173"
1.162.169.9 - - [02/Feb/2017:04:53:27 +0800] "CONNECT mx-tw.mail.gm0.yahoodns.net:25 HTTP/1.0" 405 235 "-" "-"
111.206.241.76 - - [02/Feb/2017:04:55:52 +0800] "HEAD / HTTP/1.1" 200 - "-" "Mozilla/5.0 (compatible; MSIE 7.0; Windows NT 5.1; .NET CLR 1.1.4322) 360JK yunjiankong 1239173"
125.88.222.250 - - [02/Feb/2017:04:56:52 +0800] "HEAD / HTTP/1.1" 200 - "-" "Mozilla/5.0 (compatible; MSIE 7.0; Windows NT 5.1; .NET CLR 1.1.4322) 360JK yunjiankong 1239173"
101.226.162.90 - - [02/Feb/2017:05:00:33 +0800] "HEAD / HTTP/1.1" 200 - "-" "Mozilla/5.0 (compatible; MSIE 7.0; Windows NT 5.1; .NET CLR 1.1.4322) 360JK yunjiankong 1239173"
139.162.88.63 - - [02/Feb/2017:05:03:03 +0800] "GET http://clientapi.ipip.net/echo.php?info=1234567890 HTTP/1.1" 404 206 "-" "Go-http-client/1.1"
125.88.222.250 - - [02/Feb/2017:05:06:51 +0800] "HEAD / HTTP/1.1" 200 - "-" "Mozilla/5.0 (compatible; MSIE 7.0; Windows NT 5.1; .NET CLR 1.1.4322) 360JK yunjiankong 1239173"
58.222.188.227 - - [02/Feb/2017:05:08:11 +0800] "GET /pmd HTTP/1.1" 404 201 "http://123.56.134.173:80/pmd" "Mozilla/4.0 (compatible; MSIE 9.0; Windows NT 6.1)"
101.226.162.90 - - [02/Feb/2017:05:11:33 +0800] "HEAD / HTTP/1.1" 200 - "-" "Mozilla/5.0 (compatible; MSIE 7.0; Windows NT 5.1; .NET CLR 1.1.4322) 360JK yunjiankong 1239173"
125.88.222.250 - - [02/Feb/2017:05:16:21 +0800] "HEAD / HTTP/1.1" 200 - "-" "Mozilla/5.0 (compatible; MSIE 7.0; Windows NT 5.1; .NET CLR 1.1.4322) 360JK yunjiankong 1239173"
1.162.169.9 - - [02/Feb/2017:05:19:56 +0800] "CONNECT mx-tw.mail.gm0.yahoodns.net:25 HTTP/1.0" 405 235 "-" "-"
101.226.162.90 - - [02/Feb/2017:05:20:33 +0800] "HEAD / HTTP/1.1" 200 - "-" "Mozilla/5.0 (compatible; MSIE 7.0; Windows NT 5.1; .NET CLR 1.1.4322) 360JK yunjiankong 1239173"
101.226.162.90 - - [02/Feb/2017:05:30:33 +0800] "HEAD / HTTP/1.1" 200 - "-" "Mozilla/5.0 (compatible; MSIE 7.0; Windows NT 5.1; .NET CLR 1.1.4322) 360JK yunjiankong 1239173"
125.88.222.250 - - [02/Feb/2017:05:37:22 +0800] "HEAD / HTTP/1.1" 200 - "-" "Mozilla/5.0 (compatible; MSIE 7.0; Windows NT 5.1; .NET CLR 1.1.4322) 360JK yunjiankong 1239173"
101.226.162.90 - - [02/Feb/2017:05:41:03 +0800] "HEAD / HTTP/1.1" 200 - "-" "Mozilla/5.0 (compatible; MSIE 7.0; Windows NT 5.1; .NET CLR 1.1.4322) 360JK yunjiankong 1239173"
125.88.222.250 - - [02/Feb/2017:05:46:52 +0800] "HEAD / HTTP/1.1" 200 - "-" "Mozilla/5.0 (compatible; MSIE 7.0; Windows NT 5.1; .NET CLR 1.1.4322) 360JK yunjiankong 1239173"
58.247.79.4 - - [02/Feb/2017:05:49:46 +0800] "GET / HTTP/1.1" 200 26 "-" "Mozilla/5.0 (Windows NT 10.0; WOW64) AppleWebKit/537.36 (KHTML, like Gecko) Chrome/49.0.2623.110 Safari/537.36"
101.226.162.90 - - [02/Feb/2017:05:51:33 +0800] "HEAD / HTTP/1.1" 200 - "-" "Mozilla/5.0 (compatible; MSIE 7.0; Windows NT 5.1; .NET CLR 1.1.4322) 360JK yunjiankong 1239173"
125.88.222.250 - - [02/Feb/2017:05:56:21 +0800] "HEAD / HTTP/1.1" 200 - "-" "Mozilla/5.0 (compatible; MSIE 7.0; Windows NT 5.1; .NET CLR 1.1.4322) 360JK yunjiankong 1239173"
125.88.222.250 - - [02/Feb/2017:05:57:23 +0800] "HEAD / HTTP/1.1" 200 - "-" "Mozilla/5.0 (compatible; MSIE 7.0; Windows NT 5.1; .NET CLR 1.1.4322) 360JK yunjiankong 1239173"
120.132.3.151 - - [02/Feb/2017:06:01:23 +0800] "GET http://www.qq.com/404/search_children.js HTTP/1.1" 404 220 "-" "Mozilla/5.0 (X11; Linux x86_64) AppleWebKit/537.36 (KHTML, like Gecko) Chrome/35.0.1916.114 Safari/537.36"
101.226.162.90 - - [02/Feb/2017:06:01:33 +0800] "HEAD / HTTP/1.1" 200 - "-" "Mozilla/5.0 (compatible; MSIE 7.0; Windows NT 5.1; .NET CLR 1.1.4322) 360JK yunjiankong 1239173"
111.206.241.76 - - [02/Feb/2017:06:05:22 +0800] "HEAD / HTTP/1.1" 200 - "-" "Mozilla/5.0 (compatible; MSIE 7.0; Windows NT 5.1; .NET CLR 1.1.4322) 360JK yunjiankong 1239173"
125.88.222.250 - - [02/Feb/2017:06:06:21 +0800] "HEAD / HTTP/1.1" 200 - "-" "Mozilla/5.0 (compatible; MSIE 7.0; Windows NT 5.1; .NET CLR 1.1.4322) 360JK yunjiankong 1239173"
125.88.222.250 - - [02/Feb/2017:06:06:51 +0800] "HEAD / HTTP/1.1" 200 - "-" "Mozilla/5.0 (compatible; MSIE 7.0; Windows NT 5.1; .NET CLR 1.1.4322) 360JK yunjiankong 1239173"
125.88.222.250 - - [02/Feb/2017:06:07:21 +0800] "HEAD / HTTP/1.1" 200 - "-" "Mozilla/5.0 (compatible; MSIE 7.0; Windows NT 5.1; .NET CLR 1.1.4322) 360JK yunjiankong 1239173"
101.226.162.90 - - [02/Feb/2017:06:10:33 +0800] "HEAD / HTTP/1.1" 200 - "-" "Mozilla/5.0 (compatible; MSIE 7.0; Windows NT 5.1; .NET CLR 1.1.4322) 360JK yunjiankong 1239173"
111.206.241.76 - - [02/Feb/2017:06:15:53 +0800] "HEAD / HTTP/1.1" 200 - "-" "Mozilla/5.0 (compatible; MSIE 7.0; Windows NT 5.1; .NET CLR 1.1.4322) 360JK yunjiankong 1239173"
125.88.222.250 - - [02/Feb/2017:06:16:52 +0800] "HEAD / HTTP/1.1" 200 - "-" "Mozilla/5.0 (compatible; MSIE 7.0; Windows NT 5.1; .NET CLR 1.1.4322) 360JK yunjiankong 1239173"
1.162.169.9 - - [02/Feb/2017:06:18:22 +0800] "CONNECT mx-tw.mail.gm0.yahoodns.net:25 HTTP/1.0" 405 235 "-" "-"
1.162.169.9 - - [02/Feb/2017:06:18:51 +0800] "CONNECT mx-tw.mail.gm0.yahoodns.net:25 HTTP/1.0" 405 235 "-" "-"
101.226.162.90 - - [02/Feb/2017:06:21:04 +0800] "HEAD / HTTP/1.1" 200 - "-" "Mozilla/5.0 (compatible; MSIE 7.0; Windows NT 5.1; .NET CLR 1.1.4322) 360JK yunjiankong 1239173"
101.226.162.90 - - [02/Feb/2017:06:21:36 +0800] "HEAD / HTTP/1.1" 200 - "-" "Mozilla/5.0 (compatible; MSIE 7.0; Windows NT 5.1; .NET CLR 1.1.4322) 360JK yunjiankong 1239173"
111.206.241.76 - - [02/Feb/2017:06:25:52 +0800] "HEAD / HTTP/1.1" 200 - "-" "Mozilla/5.0 (compatible; MSIE 7.0; Windows NT 5.1; .NET CLR 1.1.4322) 360JK yunjiankong 1239173"
125.88.222.250 - - [02/Feb/2017:06:26:21 +0800] "HEAD / HTTP/1.1" 200 - "-" "Mozilla/5.0 (compatible; MSIE 7.0; Windows NT 5.1; .NET CLR 1.1.4322) 360JK yunjiankong 1239173"
111.206.241.76 - - [02/Feb/2017:06:26:22 +0800] "HEAD / HTTP/1.1" 200 - "-" "Mozilla/5.0 (compatible; MSIE 7.0; Windows NT 5.1; .NET CLR 1.1.4322) 360JK yunjiankong 1239173"
111.206.241.76 - - [02/Feb/2017:06:35:23 +0800] "HEAD / HTTP/1.1" 200 - "-" "Mozilla/5.0 (compatible; MSIE 7.0; Windows NT 5.1; .NET CLR 1.1.4322) 360JK yunjiankong 1239173"
125.88.222.250 - - [02/Feb/2017:06:36:22 +0800] "HEAD / HTTP/1.1" 200 - "-" "Mozilla/5.0 (compatible; MSIE 7.0; Windows NT 5.1; .NET CLR 1.1.4322) 360JK yunjiankong 1239173"
1.162.169.9 - - [02/Feb/2017:06:37:42 +0800] "CONNECT mx-tw.mail.gm0.yahoodns.net:25 HTTP/1.0" 405 235 "-" "-"
1.162.169.9 - - [02/Feb/2017:06:38:09 +0800] "CONNECT mx-tw.mail.gm0.yahoodns.net:25 HTTP/1.0" 405 235 "-" "-"
111.206.52.124 - - [02/Feb/2017:06:38:20 +0800] "GET / HTTP/1.1" 200 26 "-" "Mozilla/5.0 (Windows NT 6.3; WOW64) AppleWebKit/537.36 (KHTML, like Gecko) Chrome/33.0.1750.117 Safari/537.36"
1.162.169.9 - - [02/Feb/2017:06:38:37 +0800] "CONNECT mx-tw.mail.gm0.yahoodns.net:25 HTTP/1.0" 405 235 "-" "-"
59.108.58.242 - - [02/Feb/2017:06:40:59 +0800] "GET / HTTP/1.1" 200 26 "-" "Mozilla/5.0 (Windows NT 10.0; WOW64) AppleWebKit/537.36 (KHTML, like Gecko) Chrome/49.0.2623.110 Safari/537.36"
101.226.162.90 - - [02/Feb/2017:06:41:38 +0800] "HEAD / HTTP/1.1" 200 - "-" "Mozilla/5.0 (compatible; MSIE 7.0; Windows NT 5.1; .NET CLR 1.1.4322) 360JK yunjiankong 1239173"
125.88.222.250 - - [02/Feb/2017:06:46:22 +0800] "HEAD / HTTP/1.1" 200 - "-" "Mozilla/5.0 (compatible; MSIE 7.0; Windows NT 5.1; .NET CLR 1.1.4322) 360JK yunjiankong 1239173"
125.88.222.250 - - [02/Feb/2017:06:46:53 +0800] "HEAD / HTTP/1.1" 200 - "-" "Mozilla/5.0 (compatible; MSIE 7.0; Windows NT 5.1; .NET CLR 1.1.4322) 360JK yunjiankong 1239173"
101.226.162.90 - - [02/Feb/2017:06:51:03 +0800] "HEAD / HTTP/1.1" 200 - "-" "Mozilla/5.0 (compatible; MSIE 7.0; Windows NT 5.1; .NET CLR 1.1.4322) 360JK yunjiankong 1239173"
125.88.222.250 - - [02/Feb/2017:06:56:21 +0800] "HEAD / HTTP/1.1" 200 - "-" "Mozilla/5.0 (compatible; MSIE 7.0; Windows NT 5.1; .NET CLR 1.1.4322) 360JK yunjiankong 1239173"
125.88.222.250 - - [02/Feb/2017:06:56:52 +0800] "HEAD / HTTP/1.1" 200 - "-" "Mozilla/5.0 (compatible; MSIE 7.0; Windows NT 5.1; .NET CLR 1.1.4322) 360JK yunjiankong 1239173"
1.162.169.9 - - [02/Feb/2017:06:57:52 +0800] "CONNECT mx-tw.mail.gm0.yahoodns.net:25 HTTP/1.0" 405 235 "-" "-"
1.162.169.9 - - [02/Feb/2017:06:58:26 +0800] "CONNECT mx-tw.mail.gm0.yahoodns.net:25 HTTP/1.0" 405 235 "-" "-"
101.226.162.90 - - [02/Feb/2017:07:00:33 +0800] "HEAD / HTTP/1.1" 200 - "-" "Mozilla/5.0 (compatible; MSIE 7.0; Windows NT 5.1; .NET CLR 1.1.4322) 360JK yunjiankong 1239173"
101.226.162.90 - - [02/Feb/2017:07:01:33 +0800] "HEAD / HTTP/1.1" 200 - "-" "Mozilla/5.0 (compatible; MSIE 7.0; Windows NT 5.1; .NET CLR 1.1.4322) 360JK yunjiankong 1239173"
125.88.222.250 - - [02/Feb/2017:07:06:21 +0800] "HEAD / HTTP/1.1" 200 - "-" "Mozilla/5.0 (compatible; MSIE 7.0; Windows NT 5.1; .NET CLR 1.1.4322) 360JK yunjiankong 1239173"
101.226.162.90 - - [02/Feb/2017:07:10:33 +0800] "HEAD / HTTP/1.1" 200 - "-" "Mozilla/5.0 (compatible; MSIE 7.0; Windows NT 5.1; .NET CLR 1.1.4322) 360JK yunjiankong 1239173"
111.206.241.76 - - [02/Feb/2017:07:15:52 +0800] "HEAD / HTTP/1.1" 200 - "-" "Mozilla/5.0 (compatible; MSIE 7.0; Windows NT 5.1; .NET CLR 1.1.4322) 360JK yunjiankong 1239173"
125.88.222.250 - - [02/Feb/2017:07:16:22 +0800] "HEAD / HTTP/1.1" 200 - "-" "Mozilla/5.0 (compatible; MSIE 7.0; Windows NT 5.1; .NET CLR 1.1.4322) 360JK yunjiankong 1239173"
111.206.241.76 - - [02/Feb/2017:07:16:22 +0800] "HEAD / HTTP/1.1" 200 - "-" "Mozilla/5.0 (compatible; MSIE 7.0; Windows NT 5.1; .NET CLR 1.1.4322) 360JK yunjiankong 1239173"
1.162.169.9 - - [02/Feb/2017:07:17:42 +0800] "CONNECT mx-tw.mail.gm0.yahoodns.net:25 HTTP/1.0" 405 235 "-" "-"
1.162.169.9 - - [02/Feb/2017:07:18:16 +0800] "CONNECT mx-tw.mail.gm0.yahoodns.net:25 HTTP/1.0" 405 235 "-" "-"
101.226.162.90 - - [02/Feb/2017:07:20:33 +0800] "HEAD / HTTP/1.1" 200 - "-" "Mozilla/5.0 (compatible; MSIE 7.0; Windows NT 5.1; .NET CLR 1.1.4322) 360JK yunjiankong 1239173"
101.226.162.90 - - [02/Feb/2017:07:21:03 +0800] "HEAD / HTTP/1.1" 200 - "-" "Mozilla/5.0 (compatible; MSIE 7.0; Windows NT 5.1; .NET CLR 1.1.4322) 360JK yunjiankong 1239173"
111.206.241.76 - - [02/Feb/2017:07:26:22 +0800] "HEAD / HTTP/1.1" 200 - "-" "Mozilla/5.0 (compatible; MSIE 7.0; Windows NT 5.1; .NET CLR 1.1.4322) 360JK yunjiankong 1239173"
125.88.222.250 - - [02/Feb/2017:07:26:52 +0800] "HEAD / HTTP/1.1" 200 - "-" "Mozilla/5.0 (compatible; MSIE 7.0; Windows NT 5.1; .NET CLR 1.1.4322) 360JK yunjiankong 1239173"
101.226.162.90 - - [02/Feb/2017:07:30:34 +0800] "HEAD / HTTP/1.1" 200 - "-" "Mozilla/5.0 (compatible; MSIE 7.0; Windows NT 5.1; .NET CLR 1.1.4322) 360JK yunjiankong 1239173"
111.206.241.76 - - [02/Feb/2017:07:35:52 +0800] "HEAD / HTTP/1.1" 200 - "-" "Mozilla/5.0 (compatible; MSIE 7.0; Windows NT 5.1; .NET CLR 1.1.4322) 360JK yunjiankong 1239173"
125.88.222.250 - - [02/Feb/2017:07:36:22 +0800] "HEAD / HTTP/1.1" 200 - "-" "Mozilla/5.0 (compatible; MSIE 7.0; Windows NT 5.1; .NET CLR 1.1.4322) 360JK yunjiankong 1239173"
111.206.241.76 - - [02/Feb/2017:07:36:22 +0800] "HEAD / HTTP/1.1" 200 - "-" "Mozilla/5.0 (compatible; MSIE 7.0; Windows NT 5.1; .NET CLR 1.1.4322) 360JK yunjiankong 1239173"
1.162.169.9 - - [02/Feb/2017:07:37:17 +0800] "CONNECT mx-tw.mail.gm0.yahoodns.net:25 HTTP/1.0" 405 235 "-" "-"
1.162.169.9 - - [02/Feb/2017:07:37:40 +0800] "CONNECT mx-tw.mail.gm0.yahoodns.net:25 HTTP/1.0" 405 235 "-" "-"
101.226.162.90 - - [02/Feb/2017:07:41:04 +0800] "HEAD / HTTP/1.1" 200 - "-" "Mozilla/5.0 (compatible; MSIE 7.0; Windows NT 5.1; .NET CLR 1.1.4322) 360JK yunjiankong 1239173"
101.226.162.90 - - [02/Feb/2017:07:50:33 +0800] "HEAD / HTTP/1.1" 200 - "-" "Mozilla/5.0 (compatible; MSIE 7.0; Windows NT 5.1; .NET CLR 1.1.4322) 360JK yunjiankong 1239173"
1.162.169.9 - - [02/Feb/2017:07:57:09 +0800] "CONNECT mx-tw.mail.gm0.yahoodns.net:25 HTTP/1.0" 405 235 "-" "-"
1.162.169.9 - - [02/Feb/2017:07:57:48 +0800] "CONNECT mx-tw.mail.gm0.yahoodns.net:25 HTTP/1.0" 405 235 "-" "-"
1.162.169.9 - - [02/Feb/2017:07:58:09 +0800] "CONNECT mx-tw.mail.gm0.yahoodns.net:25 HTTP/1.0" 405 235 "-" "-"
1.162.169.9 - - [02/Feb/2017:07:58:46 +0800] "CONNECT mx-tw.mail.gm0.yahoodns.net:25 HTTP/1.0" 405 235 "-" "-"
1.162.169.9 - - [02/Feb/2017:07:59:21 +0800] "CONNECT mx-tw.mail.gm0.yahoodns.net:25 HTTP/1.0" 405 235 "-" "-"
1.162.169.9 - - [02/Feb/2017:07:59:55 +0800] "CONNECT mx-tw.mail.gm0.yahoodns.net:25 HTTP/1.0" 405 235 "-" "-"
101.226.162.90 - - [02/Feb/2017:08:00:33 +0800] "HEAD / HTTP/1.1" 200 - "-" "Mozilla/5.0 (compatible; MSIE 7.0; Windows NT 5.1; .NET CLR 1.1.4322) 360JK yunjiankong 1239173"
1.162.169.9 - - [02/Feb/2017:08:01:12 +0800] "CONNECT mx-tw.mail.gm0.yahoodns.net:25 HTTP/1.0" 405 235 "-" "-"
125.88.222.250 - - [02/Feb/2017:08:06:21 +0800] "HEAD / HTTP/1.1" 200 - "-" "Mozilla/5.0 (compatible; MSIE 7.0; Windows NT 5.1; .NET CLR 1.1.4322) 360JK yunjiankong 1239173"
125.88.222.250 - - [02/Feb/2017:08:06:51 +0800] "HEAD / HTTP/1.1" 200 - "-" "Mozilla/5.0 (compatible; MSIE 7.0; Windows NT 5.1; .NET CLR 1.1.4322) 360JK yunjiankong 1239173"
101.226.162.90 - - [02/Feb/2017:08:10:33 +0800] "HEAD / HTTP/1.1" 200 - "-" "Mozilla/5.0 (compatible; MSIE 7.0; Windows NT 5.1; .NET CLR 1.1.4322) 360JK yunjiankong 1239173"
101.226.162.90 - - [02/Feb/2017:08:11:36 +0800] "HEAD / HTTP/1.1" 200 - "-" "Mozilla/5.0 (compatible; MSIE 7.0; Windows NT 5.1; .NET CLR 1.1.4322) 360JK yunjiankong 1239173"
125.88.222.250 - - [02/Feb/2017:08:16:22 +0800] "HEAD / HTTP/1.1" 200 - "-" "Mozilla/5.0 (compatible; MSIE 7.0; Windows NT 5.1; .NET CLR 1.1.4322) 360JK yunjiankong 1239173"
111.206.241.76 - - [02/Feb/2017:08:16:23 +0800] "HEAD / HTTP/1.1" 200 - "-" "Mozilla/5.0 (compatible; MSIE 7.0; Windows NT 5.1; .NET CLR 1.1.4322) 360JK yunjiankong 1239173"
125.88.222.250 - - [02/Feb/2017:08:16:52 +0800] "HEAD / HTTP/1.1" 200 - "-" "Mozilla/5.0 (compatible; MSIE 7.0; Windows NT 5.1; .NET CLR 1.1.4322) 360JK yunjiankong 1239173"
101.226.162.90 - - [02/Feb/2017:08:21:03 +0800] "HEAD / HTTP/1.1" 200 - "-" "Mozilla/5.0 (compatible; MSIE 7.0; Windows NT 5.1; .NET CLR 1.1.4322) 360JK yunjiankong 1239173"
101.226.162.90 - - [02/Feb/2017:08:21:36 +0800] "HEAD / HTTP/1.1" 200 - "-" "Mozilla/5.0 (compatible; MSIE 7.0; Windows NT 5.1; .NET CLR 1.1.4322) 360JK yunjiankong 1239173"
111.206.241.76 - - [02/Feb/2017:08:25:52 +0800] "HEAD / HTTP/1.1" 200 - "-" "Mozilla/5.0 (compatible; MSIE 7.0; Windows NT 5.1; .NET CLR 1.1.4322) 360JK yunjiankong 1239173"
125.88.222.250 - - [02/Feb/2017:08:26:21 +0800] "HEAD / HTTP/1.1" 200 - "-" "Mozilla/5.0 (compatible; MSIE 7.0; Windows NT 5.1; .NET CLR 1.1.4322) 360JK yunjiankong 1239173"
125.88.222.250 - - [02/Feb/2017:08:26:51 +0800] "HEAD / HTTP/1.1" 200 - "-" "Mozilla/5.0 (compatible; MSIE 7.0; Windows NT 5.1; .NET CLR 1.1.4322) 360JK yunjiankong 1239173"
95.213.187.188 - - [02/Feb/2017:08:31:36 +0800] "CONNECT check.best-proxies.ru:80 HTTP/1.1" 400 226 "-" "-"
111.206.241.76 - - [02/Feb/2017:08:35:53 +0800] "HEAD / HTTP/1.1" 200 - "-" "Mozilla/5.0 (compatible; MSIE 7.0; Windows NT 5.1; .NET CLR 1.1.4322) 360JK yunjiankong 1239173"
125.88.222.250 - - [02/Feb/2017:08:36:21 +0800] "HEAD / HTTP/1.1" 200 - "-" "Mozilla/5.0 (compatible; MSIE 7.0; Windows NT 5.1; .NET CLR 1.1.4322) 360JK yunjiankong 1239173"
111.206.241.76 - - [02/Feb/2017:08:36:32 +0800] "HEAD / HTTP/1.1" 200 - "-" "Mozilla/5.0 (compatible; MSIE 7.0; Windows NT 5.1; .NET CLR 1.1.4322) 360JK yunjiankong 1239173"
1.162.169.9 - - [02/Feb/2017:08:36:59 +0800] "CONNECT mx-tw.mail.gm0.yahoodns.net:25 HTTP/1.0" 405 235 "-" "-"
1.162.169.9 - - [02/Feb/2017:08:37:17 +0800] "CONNECT mx-tw.mail.gm0.yahoodns.net:25 HTTP/1.0" 405 235 "-" "-"
111.206.241.76 - - [02/Feb/2017:08:37:32 +0800] "HEAD / HTTP/1.1" 200 - "-" "Mozilla/5.0 (compatible; MSIE 7.0; Windows NT 5.1; .NET CLR 1.1.4322) 360JK yunjiankong 1239173"
1.162.169.9 - - [02/Feb/2017:08:37:54 +0800] "CONNECT mx-tw.mail.gm0.yahoodns.net:25 HTTP/1.0" 405 235 "-" "-"
101.226.162.90 - - [02/Feb/2017:08:40:33 +0800] "HEAD / HTTP/1.1" 200 - "-" "Mozilla/5.0 (compatible; MSIE 7.0; Windows NT 5.1; .NET CLR 1.1.4322) 360JK yunjiankong 1239173"
101.226.162.90 - - [02/Feb/2017:08:41:38 +0800] "HEAD / HTTP/1.1" 200 - "-" "Mozilla/5.0 (compatible; MSIE 7.0; Windows NT 5.1; .NET CLR 1.1.4322) 360JK yunjiankong 1239173"
36.110.211.2 - - [02/Feb/2017:08:42:04 +0800] "GET / HTTP/1.1" 200 26 "-" "Mozilla/5.0 (Windows NT 6.3; WOW64) AppleWebKit/537.36 (KHTML, like Gecko) Chrome/33.0.1750.117 Safari/537.36"
111.206.241.76 - - [02/Feb/2017:08:46:18 +0800] "HEAD / HTTP/1.1" 200 - "-" "Mozilla/5.0 (compatible; MSIE 7.0; Windows NT 5.1; .NET CLR 1.1.4322) 360JK yunjiankong 1239173"
111.206.241.76 - - [02/Feb/2017:08:46:49 +0800] "HEAD / HTTP/1.1" 200 - "-" "Mozilla/5.0 (compatible; MSIE 7.0; Windows NT 5.1; .NET CLR 1.1.4322) 360JK yunjiankong 1239173"
125.88.222.250 - - [02/Feb/2017:08:46:52 +0800] "HEAD / HTTP/1.1" 200 - "-" "Mozilla/5.0 (compatible; MSIE 7.0; Windows NT 5.1; .NET CLR 1.1.4322) 360JK yunjiankong 1239173"
125.88.222.250 - - [02/Feb/2017:08:47:23 +0800] "HEAD / HTTP/1.1" 200 - "-" "Mozilla/5.0 (compatible; MSIE 7.0; Windows NT 5.1; .NET CLR 1.1.4322) 360JK yunjiankong 1239173"
101.226.162.90 - - [02/Feb/2017:08:51:04 +0800] "HEAD / HTTP/1.1" 200 - "-" "Mozilla/5.0 (compatible; MSIE 7.0; Windows NT 5.1; .NET CLR 1.1.4322) 360JK yunjiankong 1239173"
111.206.241.76 - - [02/Feb/2017:08:56:19 +0800] "HEAD / HTTP/1.1" 200 - "-" "Mozilla/5.0 (compatible; MSIE 7.0; Windows NT 5.1; .NET CLR 1.1.4322) 360JK yunjiankong 1239173"
111.206.241.76 - - [02/Feb/2017:08:56:50 +0800] "HEAD / HTTP/1.1" 200 - "-" "Mozilla/5.0 (compatible; MSIE 7.0; Windows NT 5.1; .NET CLR 1.1.4322) 360JK yunjiankong 1239173"
101.226.162.90 - - [02/Feb/2017:09:00:33 +0800] "HEAD / HTTP/1.1" 200 - "-" "Mozilla/5.0 (compatible; MSIE 7.0; Windows NT 5.1; .NET CLR 1.1.4322) 360JK yunjiankong 1239173"
